******************************************************************************
        TMS320C2000 COFF Linker PC v4.1.0                      
******************************************************************************
>> Linked Tue Aug 05 21:50:27 2008

OUTPUT FILE NAME:   <./Debug/ADC.out>
ENTRY POINT SYMBOL: "_c_int00"  address: 003f8173


MEMORY CONFIGURATION

                  name            origin    length      used    attr    fill
         ----------------------  --------  ---------  --------  ----  --------
PAGE  0: PRAMH0                  003f8000   00001000  0000026b  RWIX
         RESET                   003fffc0   00000002  00000000  RWIX

PAGE  1: RAMM0                   00000000   00000040  00000000  RWIX
         RAMM1                   00000400   00000400  0000015e  RWIX
         DEV_EMU                 00000880   00000180  000000d2  RWIX
         FLASH_REGS              00000a80   00000060  00000008  RWIX
         CSM                     00000ae0   00000010  00000010  RWIX
         XINTF                   00000b20   00000020  00000020  RWIX
         CPU_TIMER0              00000c00   00000008  00000008  RWIX
         PIE_CTRL                00000ce0   00000020  0000001a  RWIX
         PIE_VECT                00000d00   00000100  00000100  RWIX
         ECANA                   00006000   00000040  00000034  RWIX
         ECANA_LAM               00006040   00000040  00000040  RWIX
         ECANA_MOTS              00006080   00000040  00000040  RWIX
         ECANA_MOTO              000060c0   00000040  00000040  RWIX
         ECANA_MBOX              00006100   00000100  00000100  RWIX
         SYSTEM                  00007010   00000020  00000020  RWIX
         SPIA                    00007040   00000010  00000010  RWIX
         SCIA                    00007050   00000010  00000010  RWIX
         XINTRUPT                00007070   00000010  00000010  RWIX
         GPIOMUX                 000070c0   00000020  00000020  RWIX
         GPIODAT                 000070e0   00000020  00000020  RWIX
         ADC                     00007100   00000020  0000001a  RWIX
         EVA                     00007400   00000040  00000032  RWIX
         EVB                     00007500   00000040  00000032  RWIX
         SCIB                    00007750   00000010  00000010  RWIX
         MCBSPA                  00007800   00000040  00000025  RWIX
         RAMM0_1                 00100000   00003000  0000008a  RWIX
         CSM_PWL                 003f7ff8   00000008  00000008  RWIX
         DRAMH0                  003f9000   00001000  0000001e  RWIX


SECTION ALLOCATION MAP

 output                                  attributes/
section   page    origin      length       input sections
--------  ----  ----------  ----------   ----------------
codestart 
*          0    003f8000    00000000     UNINITIALIZED

ramfuncs   0    003f8000    00000017     DSECT
                  003f8000    00000017     DSP281x_SysCtrl.obj (ramfuncs)

.text      0    003f8000    0000024d     
                  003f8000    00000122     ADC.obj (.text)
                  003f8122    00000051     DSP281x_SysCtrl.obj (.text)
                  003f8173    00000046     rts2800_ml.lib : boot.obj (.text)
                  003f81b9    0000004b                    : exit.obj (.text)
                  003f8204    00000040                    : memcpy.obj (.text)
                  003f8244    00000009                    : _lock.obj (.text)

.cinit     0    003f824d    0000001e     
                  003f824d    00000005     ADC.obj (.cinit)
                  003f8252    0000000e     rts2800_ml.lib : exit.obj (.cinit)
                  003f8260    0000000a                    : _lock.obj (.cinit)
                  003f826a    00000001     --HOLE-- [fill = 0]

.reset     0    003fffc0    00000002     DSECT
                  003fffc0    00000002     rts2800_ml.lib : boot.obj (.reset)

.data      1    00000000    00000000     UNINITIALIZED

.stack     1    00000400    0000015e     UNINITIALIZED

DevEmuRegsFile 
*          1    00000880    000000d2     UNINITIALIZED
                  00000880    000000d2     DSP281x_GlobalVariableDefs.obj (DevEmuRegsFile)

FlashRegsFile 
*          1    00000a80    00000008     UNINITIALIZED
                  00000a80    00000008     DSP281x_GlobalVariableDefs.obj (FlashRegsFile)

CsmRegsFile 
*          1    00000ae0    00000010     UNINITIALIZED
                  00000ae0    00000010     DSP281x_GlobalVariableDefs.obj (CsmRegsFile)

XintfRegsFile 
*          1    00000b20    00000020     UNINITIALIZED
                  00000b20    00000020     DSP281x_GlobalVariableDefs.obj (XintfRegsFile)

CpuTimer0RegsFile 
*          1    00000c00    00000008     UNINITIALIZED
                  00000c00    00000008     DSP281x_GlobalVariableDefs.obj (CpuTimer0RegsFile)

PieCtrlRegsFile 
*          1    00000ce0    0000001a     UNINITIALIZED
                  00000ce0    0000001a     DSP281x_GlobalVariableDefs.obj (PieCtrlRegsFile)

PieVectTableFile 
*          1    00000d00    00000100     UNINITIALIZED
                  00000d00    00000100     DSP281x_GlobalVariableDefs.obj (PieVectTableFile)

ECanaRegsFile 
*          1    00006000    00000034     UNINITIALIZED
                  00006000    00000034     DSP281x_GlobalVariableDefs.obj (ECanaRegsFile)

ECanaLAMRegsFile 
*          1    00006040    00000040     UNINITIALIZED
                  00006040    00000040     DSP281x_GlobalVariableDefs.obj (ECanaLAMRegsFile)

ECanaMOTSRegsFile 
*          1    00006080    00000040     UNINITIALIZED
                  00006080    00000040     DSP281x_GlobalVariableDefs.obj (ECanaMOTSRegsFile)

ECanaMOTORegsFile 
*          1    000060c0    00000040     UNINITIALIZED
                  000060c0    00000040     DSP281x_GlobalVariableDefs.obj (ECanaMOTORegsFile)

ECanaMboxesFile 
*          1    00006100    00000100     UNINITIALIZED
                  00006100    00000100     DSP281x_GlobalVariableDefs.obj (ECanaMboxesFile)

SysCtrlRegsFile 
*          1    00007010    00000020     UNINITIALIZED
                  00007010    00000020     DSP281x_GlobalVariableDefs.obj (SysCtrlRegsFile)

SpiaRegsFile 
*          1    00007040    00000010     UNINITIALIZED
                  00007040    00000010     DSP281x_GlobalVariableDefs.obj (SpiaRegsFile)

SciaRegsFile 
*          1    00007050    00000010     UNINITIALIZED
                  00007050    00000010     DSP281x_GlobalVariableDefs.obj (SciaRegsFile)

XIntruptRegsFile 
*          1    00007070    00000010     UNINITIALIZED
                  00007070    00000010     DSP281x_GlobalVariableDefs.obj (XIntruptRegsFile)

GpioMuxRegsFile 
*          1    000070c0    00000020     UNINITIALIZED
                  000070c0    00000020     DSP281x_GlobalVariableDefs.obj (GpioMuxRegsFile)

GpioDataRegsFile 
*          1    000070e0    00000020     UNINITIALIZED
                  000070e0    00000020     DSP281x_GlobalVariableDefs.obj (GpioDataRegsFile)

AdcRegsFile 
*          1    00007100    0000001a     UNINITIALIZED
                  00007100    0000001a     DSP281x_GlobalVariableDefs.obj (AdcRegsFile)

EvaRegsFile 
*          1    00007400    00000032     UNINITIALIZED
                  00007400    00000032     DSP281x_GlobalVariableDefs.obj (EvaRegsFile)

EvbRegsFile 
*          1    00007500    00000032     UNINITIALIZED
                  00007500    00000032     DSP281x_GlobalVariableDefs.obj (EvbRegsFile)

ScibRegsFile 
*          1    00007750    00000010     UNINITIALIZED
                  00007750    00000010     DSP281x_GlobalVariableDefs.obj (ScibRegsFile)

McbspaRegsFile 
*          1    00007800    00000025     UNINITIALIZED
                  00007800    00000025     DSP281x_GlobalVariableDefs.obj (McbspaRegsFile)

chang      1    00100000    00000000     UNINITIALIZED

.ebss      1    00100000    0000008a     UNINITIALIZED
                  00100000    00000080     rts2800_ml.lib : exit.obj (.ebss)
                  00100080    00000006     ADC.obj (.ebss)
                  00100086    00000004     rts2800_ml.lib : _lock.obj (.ebss)

CsmPwlFile 
*          1    003f7ff8    00000008     UNINITIALIZED
                  003f7ff8    00000008     DSP281x_GlobalVariableDefs.obj (CsmPwlFile)

.bss       1    003f9000    00000000     UNINITIALIZED

.const     1    003f9000    00000000     UNINITIALIZED

.sysmem    1    003f9000    00000000     UNINITIALIZED

.econst    1    003f9000    0000001e     
                  003f9000    0000001e     ADC.obj (.econst)


GLOBAL SYMBOLS: SORTED ALPHABETICALLY BY Name 

address    name
--------   ----
003f9000   .bss
00000000   .data
003f8000   .text
003f81df   C$$EXIT
00100082   _AD1
00100080   _AD2
00007100   _AdcRegs
003f8046   _Adc_Init
003f805a   _Adc_PowerUP
00000c00   _CpuTimer0Regs
003f7ff8   _CsmPwl
00000ae0   _CsmRegs
00000880   _DevEmuRegs
003f8134   _DisableDog
00006040   _ECanaLAMRegs
000060c0   _ECanaMOTORegs
00006080   _ECanaMOTSRegs
00006100   _ECanaMboxes
00006000   _ECanaRegs
00007400   _EvaRegs
00007500   _EvbRegs
00000a80   _FlashRegs
000070e0   _GpioDataRegs
000070c0   _GpioMuxRegs
003f8000   _InitFlash
003f8159   _InitPeripheralClocks
003f813c   _InitPll
003f8122   _InitSysCtrl
003f812a   _KickDog
003f8020   _LEDdisplay
00007800   _McbspaRegs
00000ce0   _PieCtrlRegs
00000d00   _PieVectTable
00007050   _SciaRegs
00007750   _ScibRegs
00007040   _SpiaRegs
00007010   _SysCtrlRegs
003f8106   _Write_LED
00007070   _XIntruptRegs
00000b20   _XintfRegs
0000015e   __STACK_SIZE
ffffffff   ___binit__
003f9000   ___bss__
ffffffff   ___c_args__
003f824d   ___cinit__
00000000   ___data__
00000000   ___edata__
003f9000   ___end__
003f824d   ___etext__
003f8207   ___memcpy
003f8225   ___memcpy_ff
003f821b   ___memcpy_fn
003f8211   ___memcpy_nf
ffffffff   ___pinit__
003f8000   ___text__
00100004   __cleanup_ptr
00100002   __dtors_ptr
00100088   __lock
003f8244   __nop
003f8245   __register_lock
003f8249   __register_unlock
00100086   __unlock
003f8203   _abort
003f81e1   _atexit
003f8173   _c_int00
003f81b9   _exit
003f8012   _gpio_init
00100084   _i
003f8081   _main
003f8204   _memcpy
003f8000   _spi_intial
ffffffff   binit
003f824d   cinit
00000000   edata
003f9000   end
003f824d   etext
ffffffff   pinit


GLOBAL SYMBOLS: SORTED BY Symbol Address 

address    name
--------   ----
00000000   ___edata__
00000000   ___data__
00000000   edata
00000000   .data
0000015e   __STACK_SIZE
00000880   _DevEmuRegs
00000a80   _FlashRegs
00000ae0   _CsmRegs
00000b20   _XintfRegs
00000c00   _CpuTimer0Regs
00000ce0   _PieCtrlRegs
00000d00   _PieVectTable
00006000   _ECanaRegs
00006040   _ECanaLAMRegs
00006080   _ECanaMOTSRegs
000060c0   _ECanaMOTORegs
00006100   _ECanaMboxes
00007010   _SysCtrlRegs
00007040   _SpiaRegs
00007050   _SciaRegs
00007070   _XIntruptRegs
000070c0   _GpioMuxRegs
000070e0   _GpioDataRegs
00007100   _AdcRegs
00007400   _EvaRegs
00007500   _EvbRegs
00007750   _ScibRegs
00007800   _McbspaRegs
00100002   __dtors_ptr
00100004   __cleanup_ptr
00100080   _AD2
00100082   _AD1
00100084   _i
00100086   __unlock
00100088   __lock
003f7ff8   _CsmPwl
003f8000   ___text__
003f8000   .text
003f8000   _spi_intial
003f8000   _InitFlash
003f8012   _gpio_init
003f8020   _LEDdisplay
003f8046   _Adc_Init
003f805a   _Adc_PowerUP
003f8081   _main
003f8106   _Write_LED
003f8122   _InitSysCtrl
003f812a   _KickDog
003f8134   _DisableDog
003f813c   _InitPll
003f8159   _InitPeripheralClocks
003f8173   _c_int00
003f81b9   _exit
003f81df   C$$EXIT
003f81e1   _atexit
003f8203   _abort
003f8204   _memcpy
003f8207   ___memcpy
003f8211   ___memcpy_nf
003f821b   ___memcpy_fn
003f8225   ___memcpy_ff
003f8244   __nop
003f8245   __register_lock
003f8249   __register_unlock
003f824d   etext
003f824d   cinit
003f824d   ___cinit__
003f824d   ___etext__
003f9000   ___bss__
003f9000   end
003f9000   ___end__
003f9000   .bss
ffffffff   pinit
ffffffff   ___binit__
ffffffff   ___pinit__
ffffffff   ___c_args__
ffffffff   binit

[77 symbols]
