******************************************************************************
        TMS320C2000 COFF Linker PC v4.1.0                      
******************************************************************************
>> Linked Tue Aug 05 17:16:10 2008

OUTPUT FILE NAME:   <./Debug/DA-AD.out>
ENTRY POINT SYMBOL: "_c_int00"  address: 003f8540


MEMORY CONFIGURATION

                  name            origin    length      used    attr    fill
         ----------------------  --------  ---------  --------  ----  --------
PAGE  0: PRAMH0                  003f8000   00001000  0000065c  RWIX
         RESET                   003fffc0   00000002  00000000  RWIX

PAGE  1: RAMM0                   00000000   00000040  00000000  RWIX
         RAMM1                   00000400   00000400  0000015e  RWIX
         DEV_EMU                 00000880   00000180  000000d2  RWIX
         FLASH_REGS              00000a80   00000060  00000008  RWIX
         CSM                     00000ae0   00000010  00000010  RWIX
         XINTF                   00000b20   00000020  00000020  RWIX
         CPU_TIMER0              00000c00   00000008  00000008  RWIX
         PIE_CTRL                00000ce0   00000020  0000001a  RWIX
         PIE_VECT                00000d00   00000100  00000100  RWIX
         ECANA                   00006000   00000040  00000034  RWIX
         ECANA_LAM               00006040   00000040  00000040  RWIX
         ECANA_MOTS              00006080   00000040  00000040  RWIX
         ECANA_MOTO              000060c0   00000040  00000040  RWIX
         ECANA_MBOX              00006100   00000100  00000100  RWIX
         SYSTEM                  00007010   00000020  00000020  RWIX
         SPIA                    00007040   00000010  00000010  RWIX
         SCIA                    00007050   00000010  00000010  RWIX
         XINTRUPT                00007070   00000010  00000010  RWIX
         GPIOMUX                 000070c0   00000020  00000020  RWIX
         GPIODAT                 000070e0   00000020  00000020  RWIX
         ADC                     00007100   00000020  0000001a  RWIX
         EVA                     00007400   00000040  00000032  RWIX
         EVB                     00007500   00000040  00000032  RWIX
         SCIB                    00007750   00000010  00000010  RWIX
         MCBSPA                  00007800   00000040  00000025  RWIX
         RAMM0_1                 00100000   00003000  00000092  RWIX
         CSM_PWL                 003f7ff8   00000008  00000008  RWIX
         DRAMH0                  003f9000   00001000  0000011e  RWIX


SECTION ALLOCATION MAP

 output                                  attributes/
section   page    origin      length       input sections
--------  ----  ----------  ----------   ----------------
codestart 
*          0    003f8000    00000000     UNINITIALIZED

ramfuncs   0    003f8000    00000017     DSECT
                  003f8000    00000017     DSP281x_SysCtrl.obj (ramfuncs)

.text      0    003f8000    0000061a     
                  003f8000    00000357     DA-AD.obj (.text)
                  003f8357    0000014f     DSP281x_DefaultIsr.obj (.text)
                  003f84a6    00000028     DSP281x_PieCtrl.obj (.text)
                  003f84ce    00000020     DSP281x_PieVect.obj (.text)
                  003f84ee    00000051     DSP281x_SysCtrl.obj (.text)
                  003f853f    00000001     DSP281x_Xintf.obj (.text)
                  003f8540    00000046     rts2800_ml.lib : boot.obj (.text)
                  003f8586    0000004b                    : exit.obj (.text)
                  003f85d1    00000040                    : memcpy.obj (.text)
                  003f8611    00000009                    : _lock.obj (.text)

.cinit     0    003f861a    00000042     
                  003f861a    00000029     DA-AD.obj (.cinit)
                  003f8643    0000000e     rts2800_ml.lib : exit.obj (.cinit)
                  003f8651    0000000a                    : _lock.obj (.cinit)
                  003f865b    00000001     --HOLE-- [fill = 0]

.reset     0    003fffc0    00000002     DSECT
                  003fffc0    00000002     rts2800_ml.lib : boot.obj (.reset)

.data      1    00000000    00000000     UNINITIALIZED

.stack     1    00000400    0000015e     UNINITIALIZED

DevEmuRegsFile 
*          1    00000880    000000d2     UNINITIALIZED
                  00000880    000000d2     DSP281x_GlobalVariableDefs.obj (DevEmuRegsFile)

FlashRegsFile 
*          1    00000a80    00000008     UNINITIALIZED
                  00000a80    00000008     DSP281x_GlobalVariableDefs.obj (FlashRegsFile)

CsmRegsFile 
*          1    00000ae0    00000010     UNINITIALIZED
                  00000ae0    00000010     DSP281x_GlobalVariableDefs.obj (CsmRegsFile)

XintfRegsFile 
*          1    00000b20    00000020     UNINITIALIZED
                  00000b20    00000020     DSP281x_GlobalVariableDefs.obj (XintfRegsFile)

CpuTimer0RegsFile 
*          1    00000c00    00000008     UNINITIALIZED
                  00000c00    00000008     DSP281x_GlobalVariableDefs.obj (CpuTimer0RegsFile)

PieCtrlRegsFile 
*          1    00000ce0    0000001a     UNINITIALIZED
                  00000ce0    0000001a     DSP281x_GlobalVariableDefs.obj (PieCtrlRegsFile)

PieVectTableFile 
*          1    00000d00    00000100     UNINITIALIZED
                  00000d00    00000100     DSP281x_GlobalVariableDefs.obj (PieVectTableFile)

ECanaRegsFile 
*          1    00006000    00000034     UNINITIALIZED
                  00006000    00000034     DSP281x_GlobalVariableDefs.obj (ECanaRegsFile)

ECanaLAMRegsFile 
*          1    00006040    00000040     UNINITIALIZED
                  00006040    00000040     DSP281x_GlobalVariableDefs.obj (ECanaLAMRegsFile)

ECanaMOTSRegsFile 
*          1    00006080    00000040     UNINITIALIZED
                  00006080    00000040     DSP281x_GlobalVariableDefs.obj (ECanaMOTSRegsFile)

ECanaMOTORegsFile 
*          1    000060c0    00000040     UNINITIALIZED
                  000060c0    00000040     DSP281x_GlobalVariableDefs.obj (ECanaMOTORegsFile)

ECanaMboxesFile 
*          1    00006100    00000100     UNINITIALIZED
                  00006100    00000100     DSP281x_GlobalVariableDefs.obj (ECanaMboxesFile)

SysCtrlRegsFile 
*          1    00007010    00000020     UNINITIALIZED
                  00007010    00000020     DSP281x_GlobalVariableDefs.obj (SysCtrlRegsFile)

SpiaRegsFile 
*          1    00007040    00000010     UNINITIALIZED
                  00007040    00000010     DSP281x_GlobalVariableDefs.obj (SpiaRegsFile)

SciaRegsFile 
*          1    00007050    00000010     UNINITIALIZED
                  00007050    00000010     DSP281x_GlobalVariableDefs.obj (SciaRegsFile)

XIntruptRegsFile 
*          1    00007070    00000010     UNINITIALIZED
                  00007070    00000010     DSP281x_GlobalVariableDefs.obj (XIntruptRegsFile)

GpioMuxRegsFile 
*          1    000070c0    00000020     UNINITIALIZED
                  000070c0    00000020     DSP281x_GlobalVariableDefs.obj (GpioMuxRegsFile)

GpioDataRegsFile 
*          1    000070e0    00000020     UNINITIALIZED
                  000070e0    00000020     DSP281x_GlobalVariableDefs.obj (GpioDataRegsFile)

AdcRegsFile 
*          1    00007100    0000001a     UNINITIALIZED
                  00007100    0000001a     DSP281x_GlobalVariableDefs.obj (AdcRegsFile)

EvaRegsFile 
*          1    00007400    00000032     UNINITIALIZED
                  00007400    00000032     DSP281x_GlobalVariableDefs.obj (EvaRegsFile)

EvbRegsFile 
*          1    00007500    00000032     UNINITIALIZED
                  00007500    00000032     DSP281x_GlobalVariableDefs.obj (EvbRegsFile)

ScibRegsFile 
*          1    00007750    00000010     UNINITIALIZED
                  00007750    00000010     DSP281x_GlobalVariableDefs.obj (ScibRegsFile)

McbspaRegsFile 
*          1    00007800    00000025     UNINITIALIZED
                  00007800    00000025     DSP281x_GlobalVariableDefs.obj (McbspaRegsFile)

chang      1    00100000    00000000     UNINITIALIZED

.ebss      1    00100000    00000092     UNINITIALIZED
                  00100000    00000080     rts2800_ml.lib : exit.obj (.ebss)
                  00100080    0000000e     DA-AD.obj (.ebss)
                  0010008e    00000004     rts2800_ml.lib : _lock.obj (.ebss)

CsmPwlFile 
*          1    003f7ff8    00000008     UNINITIALIZED
                  003f7ff8    00000008     DSP281x_GlobalVariableDefs.obj (CsmPwlFile)

.bss       1    003f9000    00000000     UNINITIALIZED

.const     1    003f9000    00000000     UNINITIALIZED

.sysmem    1    003f9000    00000000     UNINITIALIZED

.econst    1    003f9000    0000011e     
                  003f9000    00000100     DSP281x_PieVect.obj (.econst)
                  003f9100    0000001e     DA-AD.obj (.econst)


GLOBAL SYMBOLS: SORTED ALPHABETICALLY BY Name 

address    name
--------   ----
003f9000   .bss
00000000   .data
003f8000   .text
003f85ac   C$$EXIT
003f83ca   _ADCINT_ISR
00100086   _ADoutput
00007100   _AdcRegs
003f8059   _Adc_Init
003f8032   _Adc_PowerUP
003f8410   _CAPINT1_ISR
003f8415   _CAPINT2_ISR
003f841a   _CAPINT3_ISR
003f8456   _CAPINT4_ISR
003f845b   _CAPINT5_ISR
003f8460   _CAPINT6_ISR
003f83d9   _CMP1INT_ISR
003f83de   _CMP2INT_ISR
003f83e3   _CMP3INT_ISR
003f841f   _CMP4INT_ISR
003f8424   _CMP5INT_ISR
003f8429   _CMP6INT_ISR
00000c00   _CpuTimer0Regs
003f7ff8   _CsmPwl
00000ae0   _CsmRegs
003f8306   _DAC
003f8361   _DATALOG_ISR
00100085   _DAinput
00000880   _DevEmuRegs
003f8500   _DisableDog
003f848d   _ECAN0INTA_ISR
003f8492   _ECAN1INTA_ISR
00006040   _ECanaLAMRegs
000060c0   _ECanaMOTORegs
00006080   _ECanaMOTSRegs
00006100   _ECanaMboxes
00006000   _ECanaRegs
003f8497   _EMPTY_ISR
003f836b   _EMUINT_ISR
003f84c5   _EnableInterrupts
00007400   _EvaRegs
00007500   _EvbRegs
00000a80   _FlashRegs
000070e0   _GpioDataRegs
000070c0   _GpioMuxRegs
003f8375   _ILLEGAL_ISR
003f8357   _INT13_ISR
003f835c   _INT14_ISR
003f8000   _IOinit
003f8000   _InitFlash
003f8525   _InitPeripheralClocks
003f84a6   _InitPieCtrl
003f84ce   _InitPieVectTable
003f8508   _InitPll
003f84ee   _InitSysCtrl
003f853f   _InitXintf
003f8259   _KeyFunction1
003f82a1   _KeyFunction2
003f818f   _KeyIn1
003f81f4   _KeyIn2
00100083   _KeyReg1
0010008a   _KeyReg2
003f84f6   _KickDog
00100084   _LED1
00100082   _LED2
00100080   _LED3
00100081   _LED6
00100088   _LED7
00100089   _LED8
00100087   _LEDReg
003f8070   _LEDdisplay
003f846f   _MRINTA_ISR
003f8474   _MXINTA_ISR
00007800   _McbspaRegs
003f8370   _NMI_ISR
003f83b6   _PDPINTA_ISR
003f83bb   _PDPINTB_ISR
003f849c   _PIE_RESERVED
00000ce0   _PieCtrlRegs
00000d00   _PieVectTable
003f9000   _PieVectTableInit
003f8366   _RTOSINT_ISR
003f8479   _SCIRXINTA_ISR
003f8483   _SCIRXINTB_ISR
003f847e   _SCITXINTA_ISR
003f8488   _SCITXINTB_ISR
003f8465   _SPIRXINTA_ISR
003f846a   _SPITXINTA_ISR
00007050   _SciaRegs
00007750   _ScibRegs
00007040   _SpiaRegs
00007010   _SysCtrlRegs
003f83ed   _T1CINT_ISR
003f83f7   _T1OFINT_ISR
003f83e8   _T1PINT_ISR
003f83f2   _T1UFINT_ISR
003f8401   _T2CINT_ISR
003f840b   _T2OFINT_ISR
003f83fc   _T2PINT_ISR
003f8406   _T2UFINT_ISR
003f8433   _T3CINT_ISR
003f843d   _T3OFINT_ISR
003f842e   _T3PINT_ISR
003f8438   _T3UFINT_ISR
003f8447   _T4CINT_ISR
003f8451   _T4OFINT_ISR
003f8442   _T4PINT_ISR
003f844c   _T4UFINT_ISR
003f80ea   _T4pint_isr
003f83cf   _TINT0_ISR
003f83a7   _USER10_ISR
003f83ac   _USER11_ISR
003f83b1   _USER12_ISR
003f837a   _USER1_ISR
003f837f   _USER2_ISR
003f8384   _USER3_ISR
003f8389   _USER4_ISR
003f838e   _USER5_ISR
003f8393   _USER6_ISR
003f8398   _USER7_ISR
003f839d   _USER8_ISR
003f83a2   _USER9_ISR
003f83d4   _WAKEINT_ISR
003f82ea   _Write_LED
003f83c0   _XINT1_ISR
003f83c5   _XINT2_ISR
00007070   _XIntruptRegs
00000b20   _XintfRegs
0000015e   __STACK_SIZE
ffffffff   ___binit__
003f9000   ___bss__
ffffffff   ___c_args__
003f861a   ___cinit__
00000000   ___data__
00000000   ___edata__
003f9000   ___end__
003f861a   ___etext__
003f85d4   ___memcpy
003f85f2   ___memcpy_ff
003f85e8   ___memcpy_fn
003f85de   ___memcpy_nf
ffffffff   ___pinit__
003f8000   ___text__
00100004   __cleanup_ptr
00100002   __dtors_ptr
00100090   __lock
003f8611   __nop
003f8612   __register_lock
003f8616   __register_unlock
0010008e   __unlock
003f85d0   _abort
003f817b   _adc_isr
003f85ae   _atexit
003f8540   _c_int00
003f8586   _exit
003f801e   _gpio_init
0010008c   _i
0010008b   _keyNum
003f8096   _main
003f85d1   _memcpy
003f84a1   _rsvd_ISR
003f800c   _spi_intial
ffffffff   binit
003f861a   cinit
00000000   edata
003f9000   end
003f861a   etext
ffffffff   pinit


GLOBAL SYMBOLS: SORTED BY Symbol Address 

address    name
--------   ----
00000000   ___edata__
00000000   ___data__
00000000   edata
00000000   .data
0000015e   __STACK_SIZE
00000880   _DevEmuRegs
00000a80   _FlashRegs
00000ae0   _CsmRegs
00000b20   _XintfRegs
00000c00   _CpuTimer0Regs
00000ce0   _PieCtrlRegs
00000d00   _PieVectTable
00006000   _ECanaRegs
00006040   _ECanaLAMRegs
00006080   _ECanaMOTSRegs
000060c0   _ECanaMOTORegs
00006100   _ECanaMboxes
00007010   _SysCtrlRegs
00007040   _SpiaRegs
00007050   _SciaRegs
00007070   _XIntruptRegs
000070c0   _GpioMuxRegs
000070e0   _GpioDataRegs
00007100   _AdcRegs
00007400   _EvaRegs
00007500   _EvbRegs
00007750   _ScibRegs
00007800   _McbspaRegs
00100002   __dtors_ptr
00100004   __cleanup_ptr
00100080   _LED3
00100081   _LED6
00100082   _LED2
00100083   _KeyReg1
00100084   _LED1
00100085   _DAinput
00100086   _ADoutput
00100087   _LEDReg
00100088   _LED7
00100089   _LED8
0010008a   _KeyReg2
0010008b   _keyNum
0010008c   _i
0010008e   __unlock
00100090   __lock
003f7ff8   _CsmPwl
003f8000   .text
003f8000   ___text__
003f8000   _InitFlash
003f8000   _IOinit
003f800c   _spi_intial
003f801e   _gpio_init
003f8032   _Adc_PowerUP
003f8059   _Adc_Init
003f8070   _LEDdisplay
003f8096   _main
003f80ea   _T4pint_isr
003f817b   _adc_isr
003f818f   _KeyIn1
003f81f4   _KeyIn2
003f8259   _KeyFunction1
003f82a1   _KeyFunction2
003f82ea   _Write_LED
003f8306   _DAC
003f8357   _INT13_ISR
003f835c   _INT14_ISR
003f8361   _DATALOG_ISR
003f8366   _RTOSINT_ISR
003f836b   _EMUINT_ISR
003f8370   _NMI_ISR
003f8375   _ILLEGAL_ISR
003f837a   _USER1_ISR
003f837f   _USER2_ISR
003f8384   _USER3_ISR
003f8389   _USER4_ISR
003f838e   _USER5_ISR
003f8393   _USER6_ISR
003f8398   _USER7_ISR
003f839d   _USER8_ISR
003f83a2   _USER9_ISR
003f83a7   _USER10_ISR
003f83ac   _USER11_ISR
003f83b1   _USER12_ISR
003f83b6   _PDPINTA_ISR
003f83bb   _PDPINTB_ISR
003f83c0   _XINT1_ISR
003f83c5   _XINT2_ISR
003f83ca   _ADCINT_ISR
003f83cf   _TINT0_ISR
003f83d4   _WAKEINT_ISR
003f83d9   _CMP1INT_ISR
003f83de   _CMP2INT_ISR
003f83e3   _CMP3INT_ISR
003f83e8   _T1PINT_ISR
003f83ed   _T1CINT_ISR
003f83f2   _T1UFINT_ISR
003f83f7   _T1OFINT_ISR
003f83fc   _T2PINT_ISR
003f8401   _T2CINT_ISR
003f8406   _T2UFINT_ISR
003f840b   _T2OFINT_ISR
003f8410   _CAPINT1_ISR
003f8415   _CAPINT2_ISR
003f841a   _CAPINT3_ISR
003f841f   _CMP4INT_ISR
003f8424   _CMP5INT_ISR
003f8429   _CMP6INT_ISR
003f842e   _T3PINT_ISR
003f8433   _T3CINT_ISR
003f8438   _T3UFINT_ISR
003f843d   _T3OFINT_ISR
003f8442   _T4PINT_ISR
003f8447   _T4CINT_ISR
003f844c   _T4UFINT_ISR
003f8451   _T4OFINT_ISR
003f8456   _CAPINT4_ISR
003f845b   _CAPINT5_ISR
003f8460   _CAPINT6_ISR
003f8465   _SPIRXINTA_ISR
003f846a   _SPITXINTA_ISR
003f846f   _MRINTA_ISR
003f8474   _MXINTA_ISR
003f8479   _SCIRXINTA_ISR
003f847e   _SCITXINTA_ISR
003f8483   _SCIRXINTB_ISR
003f8488   _SCITXINTB_ISR
003f848d   _ECAN0INTA_ISR
003f8492   _ECAN1INTA_ISR
003f8497   _EMPTY_ISR
003f849c   _PIE_RESERVED
003f84a1   _rsvd_ISR
003f84a6   _InitPieCtrl
003f84c5   _EnableInterrupts
003f84ce   _InitPieVectTable
003f84ee   _InitSysCtrl
003f84f6   _KickDog
003f8500   _DisableDog
003f8508   _InitPll
003f8525   _InitPeripheralClocks
003f853f   _InitXintf
003f8540   _c_int00
003f8586   _exit
003f85ac   C$$EXIT
003f85ae   _atexit
003f85d0   _abort
003f85d1   _memcpy
003f85d4   ___memcpy
003f85de   ___memcpy_nf
003f85e8   ___memcpy_fn
003f85f2   ___memcpy_ff
003f8611   __nop
003f8612   __register_lock
003f8616   __register_unlock
003f861a   etext
003f861a   cinit
003f861a   ___cinit__
003f861a   ___etext__
003f9000   ___end__
003f9000   end
003f9000   .bss
003f9000   ___bss__
003f9000   _PieVectTableInit
ffffffff   ___pinit__
ffffffff   pinit
ffffffff   ___c_args__
ffffffff   ___binit__
ffffffff   binit

[167 symbols]
