******************************************************************************
        TMS320C2000 COFF Linker PC v4.1.0                      
******************************************************************************
>> Linked Tue Aug 05 20:20:06 2008

OUTPUT FILE NAME:   <./Debug/ADC_Flash.out>
ENTRY POINT SYMBOL: "_c_int00"  address: 003f619b


MEMORY CONFIGURATION

                  name            origin    length      used    attr    fill
         ----------------------  --------  ---------  --------  ----  --------
PAGE  0: ZONE0                   00002000   00002000  00000000  RWIX
         ZONE1                   00004000   00002000  00000000  RWIX
         RAML0                   00008000   00001000  00000017  RWIX
         ZONE2                   00080000   00080000  00000000  RWIX
         ZONE6                   00100000   00080000  00000000  RWIX
         OTP                     003d7800   00000800  00000000  RWIX
         FLASHJ                  003d8000   00002000  00000000  RWIX
         FLASHI                  003da000   00002000  00000000  RWIX
         FLASHH                  003dc000   00004000  00000000  RWIX
         FLASHG                  003e0000   00004000  00000000  RWIX
         FLASHF                  003e4000   00004000  00000000  RWIX
         FLASHE                  003e8000   00004000  00000000  RWIX
         FLASHD                  003ec000   00004000  00000017  RWIX
         FLASHC                  003f0000   00004000  00000000  RWIX
         FLASHA                  003f6000   00001f80  000002b1  RWIX
         CSM_RSVD                003f7f80   00000076  00000076  RWIX
         BEGIN                   003f7ff6   00000002  00000002  RWIX
         CSM_PWL                 003f7ff8   00000008  00000008  RWIX
         ROM                     003ff000   00000fc0  00000000  RWIX
         RESET                   003fffc0   00000002  00000000  RWIX
         VECTORS                 003fffc2   0000003e  00000000  RWIX

PAGE  1: RAMM0                   00000000   00000400  00000400  RWIX
         RAMM1                   00000400   00000400  00000000  RWIX
         DEV_EMU                 00000880   00000180  000000d2  RWIX
         FLASH_REGS              00000a80   00000060  00000008  RWIX
         CSM                     00000ae0   00000010  00000010  RWIX
         XINTF                   00000b20   00000020  00000020  RWIX
         CPU_TIMER0              00000c00   00000008  00000008  RWIX
         PIE_CTRL                00000ce0   00000020  0000001a  RWIX
         PIE_VECT                00000d00   00000100  00000100  RWIX
         ECANA                   00006000   00000040  00000034  RWIX
         ECANA_LAM               00006040   00000040  00000040  RWIX
         ECANA_MOTS              00006080   00000040  00000040  RWIX
         ECANA_MOTO              000060c0   00000040  00000040  RWIX
         ECANA_MBOX              00006100   00000100  00000100  RWIX
         SYSTEM                  00007010   00000020  00000020  RWIX
         SPIA                    00007040   00000010  00000010  RWIX
         SCIA                    00007050   00000010  00000010  RWIX
         XINTRUPT                00007070   00000010  00000010  RWIX
         GPIOMUX                 000070c0   00000020  00000020  RWIX
         GPIODAT                 000070e0   00000020  00000020  RWIX
         ADC                     00007100   00000020  0000001a  RWIX
         EVA                     00007400   00000040  00000032  RWIX
         EVB                     00007500   00000040  00000032  RWIX
         SCIB                    00007750   00000010  00000010  RWIX
         MCBSPA                  00007800   00000040  00000025  RWIX
         RAML1                   00009000   00001000  0000008a  RWIX
         FLASHB                  003f4000   00002000  00000000  RWIX
         CSM_PWL                 003f7ff8   00000008  00000008  RWIX
         RAMH0                   003f8000   00002000  00000000  RWIX


SECTION ALLOCATION MAP

 output                                  attributes/
section   page    origin      length       input sections
--------  ----  ----------  ----------   ----------------
ramfuncs   0    003ec000    00000017     RUN ADDR = 00008000
                  003ec000    00000017     DSP281x_SysCtrl.obj (ramfuncs)

IQmath     0    003f0000    00000000     UNINITIALIZED

.pinit     0    003f6000    00000000     UNINITIALIZED

.switch    0    003f6000    00000000     UNINITIALIZED

.text      0    003f6000    00000275     
                  003f6000    0000012d     ADC_Flash.obj (.text)
                  003f612d    00000008     DSP281x_CodeStartBranch.obj (.text)
                  003f6135    00000015     DSP281x_MemCopy.obj (.text)
                  003f614a    00000051     DSP281x_SysCtrl.obj (.text)
                  003f619b    00000046     rts2800_ml.lib : boot.obj (.text)
                  003f61e1    0000004b                    : exit.obj (.text)
                  003f622c    00000040                    : memcpy.obj (.text)
                  003f626c    00000009                    : _lock.obj (.text)

.cinit     0    003f6275    0000001e     
                  003f6275    00000005     ADC_Flash.obj (.cinit)
                  003f627a    0000000e     rts2800_ml.lib : exit.obj (.cinit)
                  003f6288    0000000a                    : _lock.obj (.cinit)
                  003f6292    00000001     --HOLE-- [fill = 0]

.econst    0    003f6293    0000001e     
                  003f6293    0000001e     ADC_Flash.obj (.econst)

csm_rsvd   0    003f7f80    00000076     
                  003f7f80    00000076     DSP281x_CSMPasswords.obj (csm_rsvd)

codestart 
*          0    003f7ff6    00000002     
                  003f7ff6    00000002     DSP281x_CodeStartBranch.obj (codestart)

csmpasswds 
*          0    003f7ff8    00000008     
                  003f7ff8    00000008     DSP281x_CSMPasswords.obj (csmpasswds)

IQmathTables 
*          0    003ff000    00000000     NOLOAD SECTION

.reset     0    003fffc0    00000002     DSECT
                  003fffc0    00000002     rts2800_ml.lib : boot.obj (.reset)

vectors    0    003fffc2    00000000     DSECT

.data      1    00000000    00000000     UNINITIALIZED

.bss       1    00000000    00000000     UNINITIALIZED

.stack     1    00000000    00000400     UNINITIALIZED

DevEmuRegsFile 
*          1    00000880    000000d2     UNINITIALIZED
                  00000880    000000d2     DSP281x_GlobalVariableDefs.obj (DevEmuRegsFile)

FlashRegsFile 
*          1    00000a80    00000008     UNINITIALIZED
                  00000a80    00000008     DSP281x_GlobalVariableDefs.obj (FlashRegsFile)

CsmRegsFile 
*          1    00000ae0    00000010     UNINITIALIZED
                  00000ae0    00000010     DSP281x_GlobalVariableDefs.obj (CsmRegsFile)

XintfRegsFile 
*          1    00000b20    00000020     UNINITIALIZED
                  00000b20    00000020     DSP281x_GlobalVariableDefs.obj (XintfRegsFile)

CpuTimer0RegsFile 
*          1    00000c00    00000008     UNINITIALIZED
                  00000c00    00000008     DSP281x_GlobalVariableDefs.obj (CpuTimer0RegsFile)

PieCtrlRegsFile 
*          1    00000ce0    0000001a     UNINITIALIZED
                  00000ce0    0000001a     DSP281x_GlobalVariableDefs.obj (PieCtrlRegsFile)

PieVectTableFile 
*          1    00000d00    00000100     UNINITIALIZED
                  00000d00    00000100     DSP281x_GlobalVariableDefs.obj (PieVectTableFile)

ECanaRegsFile 
*          1    00006000    00000034     UNINITIALIZED
                  00006000    00000034     DSP281x_GlobalVariableDefs.obj (ECanaRegsFile)

ECanaLAMRegsFile 
*          1    00006040    00000040     UNINITIALIZED
                  00006040    00000040     DSP281x_GlobalVariableDefs.obj (ECanaLAMRegsFile)

ECanaMOTSRegsFile 
*          1    00006080    00000040     UNINITIALIZED
                  00006080    00000040     DSP281x_GlobalVariableDefs.obj (ECanaMOTSRegsFile)

ECanaMOTORegsFile 
*          1    000060c0    00000040     UNINITIALIZED
                  000060c0    00000040     DSP281x_GlobalVariableDefs.obj (ECanaMOTORegsFile)

ECanaMboxesFile 
*          1    00006100    00000100     UNINITIALIZED
                  00006100    00000100     DSP281x_GlobalVariableDefs.obj (ECanaMboxesFile)

SysCtrlRegsFile 
*          1    00007010    00000020     UNINITIALIZED
                  00007010    00000020     DSP281x_GlobalVariableDefs.obj (SysCtrlRegsFile)

SpiaRegsFile 
*          1    00007040    00000010     UNINITIALIZED
                  00007040    00000010     DSP281x_GlobalVariableDefs.obj (SpiaRegsFile)

SciaRegsFile 
*          1    00007050    00000010     UNINITIALIZED
                  00007050    00000010     DSP281x_GlobalVariableDefs.obj (SciaRegsFile)

XIntruptRegsFile 
*          1    00007070    00000010     UNINITIALIZED
                  00007070    00000010     DSP281x_GlobalVariableDefs.obj (XIntruptRegsFile)

GpioMuxRegsFile 
*          1    000070c0    00000020     UNINITIALIZED
                  000070c0    00000020     DSP281x_GlobalVariableDefs.obj (GpioMuxRegsFile)

GpioDataRegsFile 
*          1    000070e0    00000020     UNINITIALIZED
                  000070e0    00000020     DSP281x_GlobalVariableDefs.obj (GpioDataRegsFile)

AdcRegsFile 
*          1    00007100    0000001a     UNINITIALIZED
                  00007100    0000001a     DSP281x_GlobalVariableDefs.obj (AdcRegsFile)

EvaRegsFile 
*          1    00007400    00000032     UNINITIALIZED
                  00007400    00000032     DSP281x_GlobalVariableDefs.obj (EvaRegsFile)

EvbRegsFile 
*          1    00007500    00000032     UNINITIALIZED
                  00007500    00000032     DSP281x_GlobalVariableDefs.obj (EvbRegsFile)

ScibRegsFile 
*          1    00007750    00000010     UNINITIALIZED
                  00007750    00000010     DSP281x_GlobalVariableDefs.obj (ScibRegsFile)

McbspaRegsFile 
*          1    00007800    00000025     UNINITIALIZED
                  00007800    00000025     DSP281x_GlobalVariableDefs.obj (McbspaRegsFile)

.ebss      1    00009000    0000008a     UNINITIALIZED
                  00009000    00000080     rts2800_ml.lib : exit.obj (.ebss)
                  00009080    00000006     ADC_Flash.obj (.ebss)
                  00009086    00000004     rts2800_ml.lib : _lock.obj (.ebss)

CsmPwlFile 
*          1    003f7ff8    00000008     UNINITIALIZED
                  003f7ff8    00000008     DSP281x_GlobalVariableDefs.obj (CsmPwlFile)

.esysmem   1    003f8000    00000000     UNINITIALIZED


GLOBAL SYMBOLS: SORTED ALPHABETICALLY BY Name 

address    name
--------   ----
00000000   .bss
00000000   .data
003f6000   .text
003f6207   C$$EXIT
00009084   _AD1
00009082   _AD2
00007100   _AdcRegs
003f6046   _Adc_Init
003f605a   _Adc_PowerUP
00000c00   _CpuTimer0Regs
003f7ff8   _CsmPwl
00000ae0   _CsmRegs
00000880   _DevEmuRegs
003f615c   _DisableDog
00006040   _ECanaLAMRegs
000060c0   _ECanaMOTORegs
00006080   _ECanaMOTSRegs
00006100   _ECanaMboxes
00006000   _ECanaRegs
00007400   _EvaRegs
00007500   _EvbRegs
00000a80   _FlashRegs
000070e0   _GpioDataRegs
000070c0   _GpioMuxRegs
00008000   _InitFlash
003f6181   _InitPeripheralClocks
003f6164   _InitPll
003f614a   _InitSysCtrl
003f6152   _KickDog
003f6020   _LEDdisplay
00007800   _McbspaRegs
003f6135   _MemCopy
00000ce0   _PieCtrlRegs
00000d00   _PieVectTable
003ec017   _RamfuncsLoadEnd
003ec000   _RamfuncsLoadStart
00008000   _RamfuncsRunStart
00007050   _SciaRegs
00007750   _ScibRegs
00007040   _SpiaRegs
00007010   _SysCtrlRegs
003f6111   _Write_LED
00007070   _XIntruptRegs
00000b20   _XintfRegs
00000400   __STACK_SIZE
ffffffff   ___binit__
00000000   ___bss__
ffffffff   ___c_args__
003f6275   ___cinit__
00000000   ___data__
00000000   ___edata__
00000000   ___end__
003f6275   ___etext__
003f622f   ___memcpy
003f624d   ___memcpy_ff
003f6243   ___memcpy_fn
003f6239   ___memcpy_nf
ffffffff   ___pinit__
003f6000   ___text__
00009004   __cleanup_ptr
00009002   __dtors_ptr
00009088   __lock
003f626c   __nop
003f626d   __register_lock
003f6271   __register_unlock
00009086   __unlock
003f622b   _abort
003f6209   _atexit
003f619b   _c_int00
003f61e1   _exit
003f6012   _gpio_init
00009080   _i
003f6081   _main
003f622c   _memcpy
003f6000   _spi_intial
ffffffff   binit
003f6275   cinit
00000000   edata
00000000   end
003f6275   etext
ffffffff   pinit


GLOBAL SYMBOLS: SORTED BY Symbol Address 

address    name
--------   ----
00000000   ___edata__
00000000   ___end__
00000000   ___bss__
00000000   ___data__
00000000   .data
00000000   .bss
00000000   edata
00000000   end
00000400   __STACK_SIZE
00000880   _DevEmuRegs
00000a80   _FlashRegs
00000ae0   _CsmRegs
00000b20   _XintfRegs
00000c00   _CpuTimer0Regs
00000ce0   _PieCtrlRegs
00000d00   _PieVectTable
00006000   _ECanaRegs
00006040   _ECanaLAMRegs
00006080   _ECanaMOTSRegs
000060c0   _ECanaMOTORegs
00006100   _ECanaMboxes
00007010   _SysCtrlRegs
00007040   _SpiaRegs
00007050   _SciaRegs
00007070   _XIntruptRegs
000070c0   _GpioMuxRegs
000070e0   _GpioDataRegs
00007100   _AdcRegs
00007400   _EvaRegs
00007500   _EvbRegs
00007750   _ScibRegs
00007800   _McbspaRegs
00008000   _RamfuncsRunStart
00008000   _InitFlash
00009002   __dtors_ptr
00009004   __cleanup_ptr
00009080   _i
00009082   _AD2
00009084   _AD1
00009086   __unlock
00009088   __lock
003ec000   _RamfuncsLoadStart
003ec017   _RamfuncsLoadEnd
003f6000   _spi_intial
003f6000   .text
003f6000   ___text__
003f6012   _gpio_init
003f6020   _LEDdisplay
003f6046   _Adc_Init
003f605a   _Adc_PowerUP
003f6081   _main
003f6111   _Write_LED
003f6135   _MemCopy
003f614a   _InitSysCtrl
003f6152   _KickDog
003f615c   _DisableDog
003f6164   _InitPll
003f6181   _InitPeripheralClocks
003f619b   _c_int00
003f61e1   _exit
003f6207   C$$EXIT
003f6209   _atexit
003f622b   _abort
003f622c   _memcpy
003f622f   ___memcpy
003f6239   ___memcpy_nf
003f6243   ___memcpy_fn
003f624d   ___memcpy_ff
003f626c   __nop
003f626d   __register_lock
003f6271   __register_unlock
003f6275   cinit
003f6275   ___etext__
003f6275   ___cinit__
003f6275   etext
003f7ff8   _CsmPwl
ffffffff   ___pinit__
ffffffff   pinit
ffffffff   ___c_args__
ffffffff   binit
ffffffff   ___binit__

[81 symbols]
