******************************************************************************
             TMS320C2000 Linker PC v16.9.3                     
******************************************************************************
>> Linked Tue Mar 07 10:42:07 2023

OUTPUT FILE NAME:   <lab2.out>
ENTRY POINT SYMBOL: "_c_int00"  address: 003f8145


MEMORY CONFIGURATION

         name            origin    length      used     unused   attr    fill
----------------------  --------  ---------  --------  --------  ----  --------
PAGE 0:
  PRAMH0                003f8000   00001000  00000242  00000dbe  RWIX
  RESET                 003fffc0   00000002  00000000  00000002  RWIX

PAGE 1:
  RAMM1                 00000400   00000400  00000400  00000000  RWIX
  RAMH0                 003f9000   00001000  00000012  00000fee  RWIX


SECTION ALLOCATION MAP

 output                                  attributes/
section   page    origin      length       input sections
--------  ----  ----------  ----------   ----------------
.text      0    003f8000    00000228     
                  003f8000    000000a9     led_cputimer.obj (.text)
                  003f80a9    0000009c     led_cputimer.obj (.text:retain)
                  003f8145    00000054     rts2800_ml.lib : boot28.obj (.text)
                  003f8199    00000029                    : exit.obj (.text)
                  003f81c2    00000024                    : cpy_tbl.obj (.text)
                  003f81e6    0000001d                    : memcpy.obj (.text)
                  003f8203    00000019                    : args_main.obj (.text)
                  003f821c    00000009                    : _lock.obj (.text)
                  003f8225    00000002                    : pre_init.obj (.text)
                  003f8227    00000001                    : startup.obj (.text)

.cinit     0    003f8228    0000001a     
                  003f8228    0000000e     rts2800_ml.lib : exit.obj (.cinit)
                  003f8236    00000005                    : _lock.obj (.cinit:__lock)
                  003f823b    00000005                    : _lock.obj (.cinit:__unlock)
                  003f8240    00000002     --HOLE-- [fill = 0]

.reset     0    003fffc0    00000002     DSECT
                  003fffc0    00000002     rts2800_ml.lib : boot28.obj (.reset)

.stack     1    00000400    00000400     UNINITIALIZED
                  00000400    00000400     --HOLE--

.ebss      1    003f9000    00000012     UNINITIALIZED
                  003f9000    00000008     led_cputimer.obj (.ebss)
                  003f9008    00000006     rts2800_ml.lib : exit.obj (.ebss)
                  003f900e    00000002                    : _lock.obj (.ebss:__lock)
                  003f9010    00000002                    : _lock.obj (.ebss:__unlock)

MODULE SUMMARY

       Module             code   initialized data   uninitialized data
       ------             ----   ----------------   ------------------
    .\
       led_cputimer.obj   325    0                  8                 
    +--+------------------+------+------------------+--------------------+
       Total:             325    0                  8                 
                                                                      
    C:\Program Files (x86)\TI\ccsv7\tools\compiler\ti-cgt-c2000_16.9.3.LTS\lib\rts2800_ml.lib
       boot28.obj         84     0                  0                 
       exit.obj           41     14                 6                 
       cpy_tbl.obj        36     0                  0                 
       memcpy.obj         29     0                  0                 
       args_main.obj      25     0                  0                 
       _lock.obj          9      10                 4                 
       pre_init.obj       2      0                  0                 
       startup.obj        1      0                  0                 
    +--+------------------+------+------------------+--------------------+
       Total:             227    24                 10                
                                                                      
       Stack:             0      0                  1024              
    +--+------------------+------+------------------+--------------------+
       Grand Total:       552    24                 1042              


GLOBAL DATA SYMBOLS: SORTED BY DATA PAGE

address     data page           name
--------    ----------------    ----
00000400      10 (00000400)     __stack

003f9000    fe40 (003f9000)     _c
003f9001    fe40 (003f9000)     _b
003f9002    fe40 (003f9000)     _e
003f9003    fe40 (003f9000)     _d
003f9004    fe40 (003f9000)     _i
003f9005    fe40 (003f9000)     _k
003f9006    fe40 (003f9000)     _a
003f9007    fe40 (003f9000)     _j
003f9008    fe40 (003f9000)     ___TI_enable_exit_profile_output
003f900a    fe40 (003f9000)     ___TI_cleanup_ptr
003f900c    fe40 (003f9000)     ___TI_dtors_ptr
003f900e    fe40 (003f9000)     __lock
003f9010    fe40 (003f9000)     __unlock


GLOBAL SYMBOLS: SORTED ALPHABETICALLY BY Name 

page  address   name                            
----  -------   ----                            
0     003f8000  .text                           
0     003f8199  C$$EXIT                         
0     003f801f  _DisableDog                     
0     003f80a9  _INT_1_7                        
0     003f804d  _InitCputimer                   
0     003f8038  _InitGpiob                      
0     003f8043  _InitGpioe                      
0     003f802d  _InitGpiof                      
0     003f8060  _InitPIE                        
0     003f8011  _InitPeripheralClocks           
0     003f8000  _InitPll                        
0     003f8026  _InitSysCtrl                    
1     00000800  __STACK_END                     
abs   00000400  __STACK_SIZE                    
1     003f900a  ___TI_cleanup_ptr               
1     003f900c  ___TI_dtors_ptr                 
1     003f9008  ___TI_enable_exit_profile_output
abs   ffffffff  ___TI_pprof_out_hndl            
abs   ffffffff  ___TI_prof_data_size            
abs   ffffffff  ___TI_prof_data_start           
abs   ffffffff  ___binit__                      
abs   ffffffff  ___c_args__                     
0     003f8228  ___cinit__                      
0     003f8228  ___etext__                      
abs   ffffffff  ___pinit__                      
0     003f8000  ___text__                       
0     003f8203  __args_main                     
1     003f900e  __lock                          
0     003f8224  __nop                           
0     003f8220  __register_lock                 
0     003f821c  __register_unlock               
1     00000400  __stack                         
0     003f8227  __system_post_cinit             
0     003f8225  __system_pre_init               
1     003f9010  __unlock                        
1     003f9006  _a                              
0     003f8199  _abort                          
1     003f9001  _b                              
1     003f9000  _c                              
0     003f8145  _c_int00                        
0     003f81c2  _copy_in                        
1     003f9003  _d                              
1     003f9002  _e                              
0     003f819b  _exit                           
1     003f9004  _i                              
1     003f9007  _j                              
1     003f9005  _k                              
0     003f8070  _main                           
0     003f81e6  _memcpy                         
abs   ffffffff  binit                           
0     003f8228  cinit                           
0     003f8228  etext                           
abs   ffffffff  pinit                           


GLOBAL SYMBOLS: SORTED BY Symbol Address 

page  address   name                            
----  -------   ----                            
0     003f8000  .text                           
0     003f8000  _InitPll                        
0     003f8000  ___text__                       
0     003f8011  _InitPeripheralClocks           
0     003f801f  _DisableDog                     
0     003f8026  _InitSysCtrl                    
0     003f802d  _InitGpiof                      
0     003f8038  _InitGpiob                      
0     003f8043  _InitGpioe                      
0     003f804d  _InitCputimer                   
0     003f8060  _InitPIE                        
0     003f8070  _main                           
0     003f80a9  _INT_1_7                        
0     003f8145  _c_int00                        
0     003f8199  C$$EXIT                         
0     003f8199  _abort                          
0     003f819b  _exit                           
0     003f81c2  _copy_in                        
0     003f81e6  _memcpy                         
0     003f8203  __args_main                     
0     003f821c  __register_unlock               
0     003f8220  __register_lock                 
0     003f8224  __nop                           
0     003f8225  __system_pre_init               
0     003f8227  __system_post_cinit             
0     003f8228  ___cinit__                      
0     003f8228  ___etext__                      
0     003f8228  cinit                           
0     003f8228  etext                           
1     00000400  __stack                         
1     00000800  __STACK_END                     
1     003f9000  _c                              
1     003f9001  _b                              
1     003f9002  _e                              
1     003f9003  _d                              
1     003f9004  _i                              
1     003f9005  _k                              
1     003f9006  _a                              
1     003f9007  _j                              
1     003f9008  ___TI_enable_exit_profile_output
1     003f900a  ___TI_cleanup_ptr               
1     003f900c  ___TI_dtors_ptr                 
1     003f900e  __lock                          
1     003f9010  __unlock                        
abs   00000400  __STACK_SIZE                    
abs   ffffffff  ___TI_pprof_out_hndl            
abs   ffffffff  ___TI_prof_data_size            
abs   ffffffff  ___TI_prof_data_start           
abs   ffffffff  ___binit__                      
abs   ffffffff  ___c_args__                     
abs   ffffffff  ___pinit__                      
abs   ffffffff  binit                           
abs   ffffffff  pinit                           

[53 symbols]
