******************************************************************************
             TMS320C2000 Linker PC v16.9.3                     
******************************************************************************
>> Linked Fri Mar 10 08:52:57 2023

OUTPUT FILE NAME:   <lab4.out>
ENTRY POINT SYMBOL: "_c_int00"  address: 003f8557


MEMORY CONFIGURATION

         name            origin    length      used     unused   attr    fill
----------------------  --------  ---------  --------  --------  ----  --------
PAGE 0:
  RAMM0                 00000000   00000400  00000000  00000400  RWIX
  BEGIN                 003f8000   00000002  00000000  00000002  RWIX
  PRAMH0                003f8002   00000ffe  0000081a  000007e4  RWIX
  RESET                 003fffc0   00000002  00000000  00000002  RWIX

PAGE 1:
  RAMM1                 00000400   00000400  00000400  00000000  RWIX
  DEV_EMU               00000880   00000180  000000d2  000000ae  RWIX
  FLASH_REGS            00000a80   00000060  00000008  00000058  RWIX
  CSM                   00000ae0   00000010  00000010  00000000  RWIX
  XINTF                 00000b20   00000020  00000020  00000000  RWIX
  CPU_TIMER0            00000c00   00000008  00000008  00000000  RWIX
  PIE_CTRL              00000ce0   00000020  0000001a  00000006  RWIX
  PIE_VECT              00000d00   00000100  00000100  00000000  RWIX
  ECANA                 00006000   00000040  00000034  0000000c  RWIX
  ECANA_LAM             00006040   00000040  00000040  00000000  RWIX
  ECANA_MOTS            00006080   00000040  00000040  00000000  RWIX
  ECANA_MOTO            000060c0   00000040  00000040  00000000  RWIX
  ECANA_MBOX            00006100   00000100  00000100  00000000  RWIX
  SYSTEM                00007010   00000020  00000020  00000000  RWIX
  SPIA                  00007040   00000010  00000010  00000000  RWIX
  SCIA                  00007050   00000010  00000010  00000000  RWIX
  XINTRUPT              00007070   00000010  00000010  00000000  RWIX
  GPIOMUX               000070c0   00000020  00000020  00000000  RWIX
  GPIODAT               000070e0   00000020  00000020  00000000  RWIX
  ADC                   00007100   00000020  0000001a  00000006  RWIX
  EVA                   00007400   00000040  00000032  0000000e  RWIX
  EVB                   00007500   00000040  00000032  0000000e  RWIX
  SCIB                  00007750   00000010  00000010  00000000  RWIX
  MCBSPA                00007800   00000040  00000025  0000001b  RWIX
  CSM_PWL               003f7ff8   00000008  00000008  00000000  RWIX
  DRAMH0                003f9000   00001000  00000144  00000ebc  RWIX


SECTION ALLOCATION MAP

 output                                  attributes/
section   page    origin      length       input sections
--------  ----  ----------  ----------   ----------------
.text      0    003f8002    000007a9     
                  003f8002    000003ac     CPUclocker.obj (.text)
                  003f83ae    0000014f     DSP281x_DefaultIsr.obj (.text:retain)
                  003f84fd    0000005a     rts2800_ml.lib : fs_mpy28.obj (.text)
                  003f8557    00000054                    : boot28.obj (.text)
                  003f85ab    00000047     DSP281x_SysCtrl.obj (.text)
                  003f85f2    00000046     DSP281x_CpuTimers.obj (.text)
                  003f8638    0000003e     CPUclocker.obj (.text:retain)
                  003f8676    0000002a     rts2800_ml.lib : l_div28.obj (.text)
                  003f86a0    00000029                    : exit.obj (.text)
                  003f86c9    00000029                    : fs_tol28.obj (.text)
                  003f86f2    00000028     DSP281x_PieCtrl.obj (.text)
                  003f871a    00000024     rts2800_ml.lib : cpy_tbl.obj (.text)
                  003f873e    00000020     DSP281x_PieVect.obj (.text)
                  003f875e    0000001d     rts2800_ml.lib : memcpy.obj (.text)
                  003f877b    00000019                    : args_main.obj (.text)
                  003f8794    0000000b                    : u_div28.obj (.text)
                  003f879f    00000009                    : _lock.obj (.text)
                  003f87a8    00000002                    : pre_init.obj (.text)
                  003f87aa    00000001                    : startup.obj (.text)

.cinit     0    003f87ab    00000071     
                  003f87ab    00000057     CPUclocker.obj (.cinit)
                  003f8802    0000000e     rts2800_ml.lib : exit.obj (.cinit)
                  003f8810    00000005                    : _lock.obj (.cinit:__lock)
                  003f8815    00000005                    : _lock.obj (.cinit:__unlock)
                  003f881a    00000002     --HOLE-- [fill = 0]

.stack     1    00000400    00000400     UNINITIALIZED
                  00000400    00000400     --HOLE--

DevEmuRegsFile 
*          1    00000880    000000d2     UNINITIALIZED
                  00000880    000000d2     DSP281x_GlobalVariableDefs.obj (DevEmuRegsFile)

FlashRegsFile 
*          1    00000a80    00000008     UNINITIALIZED
                  00000a80    00000008     DSP281x_GlobalVariableDefs.obj (FlashRegsFile)

CsmRegsFile 
*          1    00000ae0    00000010     UNINITIALIZED
                  00000ae0    00000010     DSP281x_GlobalVariableDefs.obj (CsmRegsFile)

XintfRegsFile 
*          1    00000b20    00000020     UNINITIALIZED
                  00000b20    00000020     DSP281x_GlobalVariableDefs.obj (XintfRegsFile)

CpuTimer0RegsFile 
*          1    00000c00    00000008     UNINITIALIZED
                  00000c00    00000008     DSP281x_GlobalVariableDefs.obj (CpuTimer0RegsFile)

PieCtrlRegsFile 
*          1    00000ce0    0000001a     UNINITIALIZED
                  00000ce0    0000001a     DSP281x_GlobalVariableDefs.obj (PieCtrlRegsFile)

PieVectTableFile 
*          1    00000d00    00000100     UNINITIALIZED
                  00000d00    00000100     DSP281x_GlobalVariableDefs.obj (PieVectTableFile)

ECanaRegsFile 
*          1    00006000    00000034     UNINITIALIZED
                  00006000    00000034     DSP281x_GlobalVariableDefs.obj (ECanaRegsFile)

ECanaLAMRegsFile 
*          1    00006040    00000040     UNINITIALIZED
                  00006040    00000040     DSP281x_GlobalVariableDefs.obj (ECanaLAMRegsFile)

ECanaMOTSRegsFile 
*          1    00006080    00000040     UNINITIALIZED
                  00006080    00000040     DSP281x_GlobalVariableDefs.obj (ECanaMOTSRegsFile)

ECanaMOTORegsFile 
*          1    000060c0    00000040     UNINITIALIZED
                  000060c0    00000040     DSP281x_GlobalVariableDefs.obj (ECanaMOTORegsFile)

ECanaMboxesFile 
*          1    00006100    00000100     UNINITIALIZED
                  00006100    00000100     DSP281x_GlobalVariableDefs.obj (ECanaMboxesFile)

SysCtrlRegsFile 
*          1    00007010    00000020     UNINITIALIZED
                  00007010    00000020     DSP281x_GlobalVariableDefs.obj (SysCtrlRegsFile)

SpiaRegsFile 
*          1    00007040    00000010     UNINITIALIZED
                  00007040    00000010     DSP281x_GlobalVariableDefs.obj (SpiaRegsFile)

SciaRegsFile 
*          1    00007050    00000010     UNINITIALIZED
                  00007050    00000010     DSP281x_GlobalVariableDefs.obj (SciaRegsFile)

XIntruptRegsFile 
*          1    00007070    00000010     UNINITIALIZED
                  00007070    00000010     DSP281x_GlobalVariableDefs.obj (XIntruptRegsFile)

GpioMuxRegsFile 
*          1    000070c0    00000020     UNINITIALIZED
                  000070c0    00000020     DSP281x_GlobalVariableDefs.obj (GpioMuxRegsFile)

GpioDataRegsFile 
*          1    000070e0    00000020     UNINITIALIZED
                  000070e0    00000020     DSP281x_GlobalVariableDefs.obj (GpioDataRegsFile)

AdcRegsFile 
*          1    00007100    0000001a     UNINITIALIZED
                  00007100    0000001a     DSP281x_GlobalVariableDefs.obj (AdcRegsFile)

EvaRegsFile 
*          1    00007400    00000032     UNINITIALIZED
                  00007400    00000032     DSP281x_GlobalVariableDefs.obj (EvaRegsFile)

EvbRegsFile 
*          1    00007500    00000032     UNINITIALIZED
                  00007500    00000032     DSP281x_GlobalVariableDefs.obj (EvbRegsFile)

ScibRegsFile 
*          1    00007750    00000010     UNINITIALIZED
                  00007750    00000010     DSP281x_GlobalVariableDefs.obj (ScibRegsFile)

McbspaRegsFile 
*          1    00007800    00000025     UNINITIALIZED
                  00007800    00000025     DSP281x_GlobalVariableDefs.obj (McbspaRegsFile)

CsmPwlFile 
*          1    003f7ff8    00000008     UNINITIALIZED
                  003f7ff8    00000008     DSP281x_GlobalVariableDefs.obj (CsmPwlFile)

.pinit     0    003f8002    00000000     UNINITIALIZED

.reset     0    003fffc0    00000002     DSECT
                  003fffc0    00000002     rts2800_ml.lib : boot28.obj (.reset)

.econst    1    003f9000    00000100     
                  003f9000    00000100     DSP281x_PieVect.obj (.econst:_PieVectTableInit)

.ebss      1    003f9100    00000044     UNINITIALIZED
                  003f9100    00000032     CPUclocker.obj (.ebss)
                  003f9132    00000008     DSP281x_CpuTimers.obj (.ebss)
                  003f913a    00000006     rts2800_ml.lib : exit.obj (.ebss)
                  003f9140    00000002                    : _lock.obj (.ebss:__lock)
                  003f9142    00000002                    : _lock.obj (.ebss:__unlock)

MODULE SUMMARY

       Module                           code   initialized data   uninitialized data
       ------                           ----   ----------------   ------------------
    .\
       DSP281x_GlobalVariableDefs.obj   0      0                  1387              
       CPUclocker.obj                   1002   87                 50                
       DSP281x_DefaultIsr.obj           335    0                  0                 
       DSP281x_PieVect.obj              32     256                0                 
       DSP281x_CpuTimers.obj            70     0                  8                 
       DSP281x_SysCtrl.obj              71     0                  0                 
       DSP281x_PieCtrl.obj              40     0                  0                 
    +--+--------------------------------+------+------------------+--------------------+
       Total:                           1550   343                1445              
                                                                                    
    C:\Program Files (x86)\TI\ccsv7\tools\compiler\ti-cgt-c2000_16.9.3.LTS\lib\rts2800_ml.lib
       fs_mpy28.obj                     90     0                  0                 
       boot28.obj                       84     0                  0                 
       exit.obj                         41     14                 6                 
       l_div28.obj                      42     0                  0                 
       fs_tol28.obj                     41     0                  0                 
       cpy_tbl.obj                      36     0                  0                 
       memcpy.obj                       29     0                  0                 
       args_main.obj                    25     0                  0                 
       _lock.obj                        9      10                 4                 
       u_div28.obj                      11     0                  0                 
       pre_init.obj                     2      0                  0                 
       startup.obj                      1      0                  0                 
    +--+--------------------------------+------+------------------+--------------------+
       Total:                           411    24                 10                
                                                                                    
       Stack:                           0      0                  1024              
    +--+--------------------------------+------+------------------+--------------------+
       Grand Total:                     1961   367                2479              


GLOBAL DATA SYMBOLS: SORTED BY DATA PAGE

address     data page           name
--------    ----------------    ----
00000400      10 (00000400)     __stack

00000880      22 (00000880)     _DevEmuRegs

00000a80      2a (00000a80)     _FlashRegs

00000ae0      2b (00000ac0)     _CsmRegs

00000b20      2c (00000b00)     _XintfRegs

00000c00      30 (00000c00)     _CpuTimer0Regs

00000ce0      33 (00000cc0)     _PieCtrlRegs

00000d00      34 (00000d00)     _PieVectTable

00006000     180 (00006000)     _ECanaRegs

00006040     181 (00006040)     _ECanaLAMRegs

00006080     182 (00006080)     _ECanaMOTSRegs

000060c0     183 (000060c0)     _ECanaMOTORegs

00006100     184 (00006100)     _ECanaMboxes

00007010     1c0 (00007000)     _SysCtrlRegs

00007040     1c1 (00007040)     _SpiaRegs
00007050     1c1 (00007040)     _SciaRegs
00007070     1c1 (00007040)     _XIntruptRegs

000070c0     1c3 (000070c0)     _GpioMuxRegs
000070e0     1c3 (000070c0)     _GpioDataRegs

00007100     1c4 (00007100)     _AdcRegs

00007400     1d0 (00007400)     _EvaRegs

00007500     1d4 (00007500)     _EvbRegs

00007750     1dd (00007740)     _ScibRegs

00007800     1e0 (00007800)     _McbspaRegs

003f7ff8    fdff (003f7fc0)     _CsmPwl

003f9000    fe40 (003f9000)     _PieVectTableInit

003f9100    fe44 (003f9100)     _Clock_hh
003f9101    fe44 (003f9100)     _Clock_mm
003f9102    fe44 (003f9100)     _Clock_ss
003f9103    fe44 (003f9100)     _Timer_10ms
003f9104    fe44 (003f9100)     _Clock_10ms
003f9105    fe44 (003f9100)     _KeyReg2
003f9106    fe44 (003f9100)     _KeyReg1
003f9107    fe44 (003f9100)     _LEDReg
003f9108    fe44 (003f9100)     _Flag_TimerNClock
003f9109    fe44 (003f9100)     _Flag_TimerStartNStop
003f910a    fe44 (003f9100)     _Led_Flag
003f910b    fe44 (003f9100)     _k
003f910c    fe44 (003f9100)     _led_runner
003f910d    fe44 (003f9100)     _LedCount
003f910e    fe44 (003f9100)     _h
003f9110    fe44 (003f9100)     _main_counting
003f9112    fe44 (003f9100)     _i
003f9114    fe44 (003f9100)     _LEDcode
003f9132    fe44 (003f9100)     _CpuTimer0
003f913a    fe44 (003f9100)     ___TI_enable_exit_profile_output
003f913c    fe44 (003f9100)     ___TI_cleanup_ptr
003f913e    fe44 (003f9100)     ___TI_dtors_ptr

003f9140    fe45 (003f9140)     __lock
003f9142    fe45 (003f9140)     __unlock


GLOBAL SYMBOLS: SORTED ALPHABETICALLY BY Name 

page  address   name                            
----  -------   ----                            
0     003f8002  .text                           
0     003f86a0  C$$EXIT                         
0     003f84fd  FS$$MPY                         
0     003f86c9  FS$$TOL                         
0     003f8676  L$$DIV                          
0     003f8685  L$$MOD                          
0     003f8794  U$$DIV                          
0     003f8799  U$$MOD                          
0     003f8693  UL$$DIV                         
0     003f869a  UL$$MOD                         
0     003f8421  _ADCINT_ISR                     
1     00007100  _AdcRegs                        
0     003f8467  _CAPINT1_ISR                    
0     003f846c  _CAPINT2_ISR                    
0     003f8471  _CAPINT3_ISR                    
0     003f84ad  _CAPINT4_ISR                    
0     003f84b2  _CAPINT5_ISR                    
0     003f84b7  _CAPINT6_ISR                    
0     003f8430  _CMP1INT_ISR                    
0     003f8435  _CMP2INT_ISR                    
0     003f843a  _CMP3INT_ISR                    
0     003f8476  _CMP4INT_ISR                    
0     003f847b  _CMP5INT_ISR                    
0     003f8480  _CMP6INT_ISR                    
1     003f9104  _Clock_10ms                     
1     003f9100  _Clock_hh                       
1     003f9101  _Clock_mm                       
1     003f9102  _Clock_ss                       
0     003f8607  _ConfigCpuTimer                 
1     003f9132  _CpuTimer0                      
1     00000c00  _CpuTimer0Regs                  
1     003f7ff8  _CsmPwl                         
1     00000ae0  _CsmRegs                        
0     003f83b8  _DATALOG_ISR                    
0     003f823e  _Delay                          
1     00000880  _DevEmuRegs                     
0     003f85bc  _DisableDog                     
0     003f84e4  _ECAN0INTA_ISR                  
0     003f84e9  _ECAN1INTA_ISR                  
1     00006040  _ECanaLAMRegs                   
1     000060c0  _ECanaMOTORegs                  
1     00006080  _ECanaMOTSRegs                  
1     00006100  _ECanaMboxes                    
1     00006000  _ECanaRegs                      
0     003f84ee  _EMPTY_ISR                      
0     003f83c2  _EMUINT_ISR                     
0     003f8711  _EnableInterrupts               
1     00007400  _EvaRegs                        
1     00007500  _EvbRegs                        
1     003f9108  _Flag_TimerNClock               
1     003f9109  _Flag_TimerStartNStop           
1     00000a80  _FlashRegs                      
1     000070e0  _GpioDataRegs                   
1     000070c0  _GpioMuxRegs                    
0     003f83cc  _ILLEGAL_ISR                    
0     003f83ae  _INT13_ISR                      
0     003f83b3  _INT14_ISR                      
0     003f85f2  _InitCpuTimers                  
0     003f8002  _InitGpiof                      
0     003f8248  _InitPIE                        
0     003f85d8  _InitPeripheralClocks           
0     003f86f2  _InitPieCtrl                    
0     003f873e  _InitPieVectTable               
0     003f85c4  _InitPll                        
0     003f85ab  _InitSysCtrl                    
0     003f8146  _KeyFunction1                   
0     003f81a5  _KeyFunction2                   
1     003f9106  _KeyReg1                        
1     003f9105  _KeyReg2                        
0     003f8070  _Keyscan1                       
0     003f80db  _Keyscan2                       
0     003f85b2  _KickDog                        
1     003f9107  _LEDReg                         
1     003f9114  _LEDcode                        
0     003f804a  _LEDdisplay                     
1     003f910d  _LedCount                       
0     003f8205  _LedOut                         
1     003f910a  _Led_Flag                       
0     003f84c6  _MRINTA_ISR                     
0     003f84cb  _MXINTA_ISR                     
1     00007800  _McbspaRegs                     
0     003f83c7  _NMI_ISR                        
0     003f840d  _PDPINTA_ISR                    
0     003f8412  _PDPINTB_ISR                    
0     003f84f3  _PIE_RESERVED                   
1     00000ce0  _PieCtrlRegs                    
1     00000d00  _PieVectTable                   
1     003f9000  _PieVectTableInit               
0     003f83bd  _RTOSINT_ISR                    
0     003f84d0  _SCIRXINTA_ISR                  
0     003f84da  _SCIRXINTB_ISR                  
0     003f84d5  _SCITXINTA_ISR                  
0     003f84df  _SCITXINTB_ISR                  
0     003f84bc  _SPIRXINTA_ISR                  
0     003f84c1  _SPITXINTA_ISR                  
1     00007050  _SciaRegs                       
1     00007750  _ScibRegs                       
1     00007040  _SpiaRegs                       
1     00007010  _SysCtrlRegs                    
0     003f8444  _T1CINT_ISR                     
0     003f844e  _T1OFINT_ISR                    
0     003f843f  _T1PINT_ISR                     
0     003f8449  _T1UFINT_ISR                    
0     003f8458  _T2CINT_ISR                     
0     003f8462  _T2OFINT_ISR                    
0     003f8453  _T2PINT_ISR                     
0     003f845d  _T2UFINT_ISR                    
0     003f848a  _T3CINT_ISR                     
0     003f8494  _T3OFINT_ISR                    
0     003f8485  _T3PINT_ISR                     
0     003f848f  _T3UFINT_ISR                    
0     003f849e  _T4CINT_ISR                     
0     003f84a8  _T4OFINT_ISR                    
0     003f8499  _T4PINT_ISR                     
0     003f84a3  _T4UFINT_ISR                    
0     003f8426  _TINT0_ISR                      
1     003f9103  _Timer_10ms                     
0     003f83fe  _USER10_ISR                     
0     003f8403  _USER11_ISR                     
0     003f8408  _USER12_ISR                     
0     003f83d1  _USER1_ISR                      
0     003f83d6  _USER2_ISR                      
0     003f83db  _USER3_ISR                      
0     003f83e0  _USER4_ISR                      
0     003f83e5  _USER5_ISR                      
0     003f83ea  _USER6_ISR                      
0     003f83ef  _USER7_ISR                      
0     003f83f4  _USER8_ISR                      
0     003f83f9  _USER9_ISR                      
0     003f842b  _WAKEINT_ISR                    
0     003f8035  _Write_LED                      
0     003f8417  _XINT1_ISR                      
0     003f841c  _XINT2_ISR                      
1     00007070  _XIntruptRegs                   
1     00000b20  _XintfRegs                      
1     00000800  __STACK_END                     
abs   00000400  __STACK_SIZE                    
1     003f913c  ___TI_cleanup_ptr               
1     003f913e  ___TI_dtors_ptr                 
1     003f913a  ___TI_enable_exit_profile_output
abs   ffffffff  ___TI_pprof_out_hndl            
abs   ffffffff  ___TI_prof_data_size            
abs   ffffffff  ___TI_prof_data_start           
abs   ffffffff  ___binit__                      
abs   ffffffff  ___c_args__                     
0     003f87ab  ___cinit__                      
0     003f87ab  ___etext__                      
abs   ffffffff  ___pinit__                      
0     003f8002  ___text__                       
0     003f877b  __args_main                     
1     003f9140  __lock                          
0     003f87a7  __nop                           
0     003f87a3  __register_lock                 
0     003f879f  __register_unlock               
1     00000400  __stack                         
0     003f87aa  __system_post_cinit             
0     003f87a8  __system_pre_init               
1     003f9142  __unlock                        
0     003f86a0  _abort                          
0     003f8557  _c_int00                        
0     003f871a  _copy_in                        
0     003f8638  _cpu_timer0_isr                 
0     003f86a2  _exit                           
0     003f801d  _gpio_init                      
1     003f910e  _h                              
1     003f9112  _i                              
1     003f910b  _k                              
1     003f910c  _led_runner                     
0     003f8255  _main                           
1     003f9110  _main_counting                  
0     003f875e  _memcpy                         
0     003f84f8  _rsvd_ISR                       
0     003f800b  _spi_initial                    
abs   ffffffff  binit                           
0     003f87ab  cinit                           
0     003f87ab  etext                           
abs   ffffffff  pinit                           


GLOBAL SYMBOLS: SORTED BY Symbol Address 

page  address   name                            
----  -------   ----                            
0     003f8002  .text                           
0     003f8002  _InitGpiof                      
0     003f8002  ___text__                       
0     003f800b  _spi_initial                    
0     003f801d  _gpio_init                      
0     003f8035  _Write_LED                      
0     003f804a  _LEDdisplay                     
0     003f8070  _Keyscan1                       
0     003f80db  _Keyscan2                       
0     003f8146  _KeyFunction1                   
0     003f81a5  _KeyFunction2                   
0     003f8205  _LedOut                         
0     003f823e  _Delay                          
0     003f8248  _InitPIE                        
0     003f8255  _main                           
0     003f83ae  _INT13_ISR                      
0     003f83b3  _INT14_ISR                      
0     003f83b8  _DATALOG_ISR                    
0     003f83bd  _RTOSINT_ISR                    
0     003f83c2  _EMUINT_ISR                     
0     003f83c7  _NMI_ISR                        
0     003f83cc  _ILLEGAL_ISR                    
0     003f83d1  _USER1_ISR                      
0     003f83d6  _USER2_ISR                      
0     003f83db  _USER3_ISR                      
0     003f83e0  _USER4_ISR                      
0     003f83e5  _USER5_ISR                      
0     003f83ea  _USER6_ISR                      
0     003f83ef  _USER7_ISR                      
0     003f83f4  _USER8_ISR                      
0     003f83f9  _USER9_ISR                      
0     003f83fe  _USER10_ISR                     
0     003f8403  _USER11_ISR                     
0     003f8408  _USER12_ISR                     
0     003f840d  _PDPINTA_ISR                    
0     003f8412  _PDPINTB_ISR                    
0     003f8417  _XINT1_ISR                      
0     003f841c  _XINT2_ISR                      
0     003f8421  _ADCINT_ISR                     
0     003f8426  _TINT0_ISR                      
0     003f842b  _WAKEINT_ISR                    
0     003f8430  _CMP1INT_ISR                    
0     003f8435  _CMP2INT_ISR                    
0     003f843a  _CMP3INT_ISR                    
0     003f843f  _T1PINT_ISR                     
0     003f8444  _T1CINT_ISR                     
0     003f8449  _T1UFINT_ISR                    
0     003f844e  _T1OFINT_ISR                    
0     003f8453  _T2PINT_ISR                     
0     003f8458  _T2CINT_ISR                     
0     003f845d  _T2UFINT_ISR                    
0     003f8462  _T2OFINT_ISR                    
0     003f8467  _CAPINT1_ISR                    
0     003f846c  _CAPINT2_ISR                    
0     003f8471  _CAPINT3_ISR                    
0     003f8476  _CMP4INT_ISR                    
0     003f847b  _CMP5INT_ISR                    
0     003f8480  _CMP6INT_ISR                    
0     003f8485  _T3PINT_ISR                     
0     003f848a  _T3CINT_ISR                     
0     003f848f  _T3UFINT_ISR                    
0     003f8494  _T3OFINT_ISR                    
0     003f8499  _T4PINT_ISR                     
0     003f849e  _T4CINT_ISR                     
0     003f84a3  _T4UFINT_ISR                    
0     003f84a8  _T4OFINT_ISR                    
0     003f84ad  _CAPINT4_ISR                    
0     003f84b2  _CAPINT5_ISR                    
0     003f84b7  _CAPINT6_ISR                    
0     003f84bc  _SPIRXINTA_ISR                  
0     003f84c1  _SPITXINTA_ISR                  
0     003f84c6  _MRINTA_ISR                     
0     003f84cb  _MXINTA_ISR                     
0     003f84d0  _SCIRXINTA_ISR                  
0     003f84d5  _SCITXINTA_ISR                  
0     003f84da  _SCIRXINTB_ISR                  
0     003f84df  _SCITXINTB_ISR                  
0     003f84e4  _ECAN0INTA_ISR                  
0     003f84e9  _ECAN1INTA_ISR                  
0     003f84ee  _EMPTY_ISR                      
0     003f84f3  _PIE_RESERVED                   
0     003f84f8  _rsvd_ISR                       
0     003f84fd  FS$$MPY                         
0     003f8557  _c_int00                        
0     003f85ab  _InitSysCtrl                    
0     003f85b2  _KickDog                        
0     003f85bc  _DisableDog                     
0     003f85c4  _InitPll                        
0     003f85d8  _InitPeripheralClocks           
0     003f85f2  _InitCpuTimers                  
0     003f8607  _ConfigCpuTimer                 
0     003f8638  _cpu_timer0_isr                 
0     003f8676  L$$DIV                          
0     003f8685  L$$MOD                          
0     003f8693  UL$$DIV                         
0     003f869a  UL$$MOD                         
0     003f86a0  C$$EXIT                         
0     003f86a0  _abort                          
0     003f86a2  _exit                           
0     003f86c9  FS$$TOL                         
0     003f86f2  _InitPieCtrl                    
0     003f8711  _EnableInterrupts               
0     003f871a  _copy_in                        
0     003f873e  _InitPieVectTable               
0     003f875e  _memcpy                         
0     003f877b  __args_main                     
0     003f8794  U$$DIV                          
0     003f8799  U$$MOD                          
0     003f879f  __register_unlock               
0     003f87a3  __register_lock                 
0     003f87a7  __nop                           
0     003f87a8  __system_pre_init               
0     003f87aa  __system_post_cinit             
0     003f87ab  ___cinit__                      
0     003f87ab  ___etext__                      
0     003f87ab  cinit                           
0     003f87ab  etext                           
1     00000400  __stack                         
1     00000800  __STACK_END                     
1     00000880  _DevEmuRegs                     
1     00000a80  _FlashRegs                      
1     00000ae0  _CsmRegs                        
1     00000b20  _XintfRegs                      
1     00000c00  _CpuTimer0Regs                  
1     00000ce0  _PieCtrlRegs                    
1     00000d00  _PieVectTable                   
1     00006000  _ECanaRegs                      
1     00006040  _ECanaLAMRegs                   
1     00006080  _ECanaMOTSRegs                  
1     000060c0  _ECanaMOTORegs                  
1     00006100  _ECanaMboxes                    
1     00007010  _SysCtrlRegs                    
1     00007040  _SpiaRegs                       
1     00007050  _SciaRegs                       
1     00007070  _XIntruptRegs                   
1     000070c0  _GpioMuxRegs                    
1     000070e0  _GpioDataRegs                   
1     00007100  _AdcRegs                        
1     00007400  _EvaRegs                        
1     00007500  _EvbRegs                        
1     00007750  _ScibRegs                       
1     00007800  _McbspaRegs                     
1     003f7ff8  _CsmPwl                         
1     003f9000  _PieVectTableInit               
1     003f9100  _Clock_hh                       
1     003f9101  _Clock_mm                       
1     003f9102  _Clock_ss                       
1     003f9103  _Timer_10ms                     
1     003f9104  _Clock_10ms                     
1     003f9105  _KeyReg2                        
1     003f9106  _KeyReg1                        
1     003f9107  _LEDReg                         
1     003f9108  _Flag_TimerNClock               
1     003f9109  _Flag_TimerStartNStop           
1     003f910a  _Led_Flag                       
1     003f910b  _k                              
1     003f910c  _led_runner                     
1     003f910d  _LedCount                       
1     003f910e  _h                              
1     003f9110  _main_counting                  
1     003f9112  _i                              
1     003f9114  _LEDcode                        
1     003f9132  _CpuTimer0                      
1     003f913a  ___TI_enable_exit_profile_output
1     003f913c  ___TI_cleanup_ptr               
1     003f913e  ___TI_dtors_ptr                 
1     003f9140  __lock                          
1     003f9142  __unlock                        
abs   00000400  __STACK_SIZE                    
abs   ffffffff  ___TI_pprof_out_hndl            
abs   ffffffff  ___TI_prof_data_size            
abs   ffffffff  ___TI_prof_data_start           
abs   ffffffff  ___binit__                      
abs   ffffffff  ___c_args__                     
abs   ffffffff  ___pinit__                      
abs   ffffffff  binit                           
abs   ffffffff  pinit                           

[177 symbols]
