<?xml version="1.0"?>
<link_info>
   <banner>TMS320C2000 Linker PC v16.9.3.LTS</banner>
   <copyright>Copyright (c) 1996-2017 Texas Instruments Incorporated</copyright>
   <link_time>0x640aefe9</link_time>
   <link_errors>0x0</link_errors>
   <output_file>lab4.out</output_file>
   <entry_point>
      <name>_c_int00</name>
      <address>0x3f8557</address>
   </entry_point>
   <input_file_list>
      <input_file id="fl-2">
         <path>.\</path>
         <kind>object</kind>
         <file>CPUclocker.obj</file>
         <name>CPUclocker.obj</name>
      </input_file>
      <input_file id="fl-3">
         <path>.\</path>
         <kind>object</kind>
         <file>DSP281x_CpuTimers.obj</file>
         <name>DSP281x_CpuTimers.obj</name>
      </input_file>
      <input_file id="fl-4">
         <path>.\</path>
         <kind>object</kind>
         <file>DSP281x_DefaultIsr.obj</file>
         <name>DSP281x_DefaultIsr.obj</name>
      </input_file>
      <input_file id="fl-5">
         <path>.\</path>
         <kind>object</kind>
         <file>DSP281x_GlobalVariableDefs.obj</file>
         <name>DSP281x_GlobalVariableDefs.obj</name>
      </input_file>
      <input_file id="fl-6">
         <path>.\</path>
         <kind>object</kind>
         <file>DSP281x_PieCtrl.obj</file>
         <name>DSP281x_PieCtrl.obj</name>
      </input_file>
      <input_file id="fl-7">
         <path>.\</path>
         <kind>object</kind>
         <file>DSP281x_PieVect.obj</file>
         <name>DSP281x_PieVect.obj</name>
      </input_file>
      <input_file id="fl-8">
         <path>.\</path>
         <kind>object</kind>
         <file>DSP281x_SysCtrl.obj</file>
         <name>DSP281x_SysCtrl.obj</name>
      </input_file>
      <input_file id="fl-d">
         <kind>object</kind>
         <file>&lt;internal&gt;</file>
         <name>&lt;internal&gt;</name>
      </input_file>
      <input_file id="fl-1b">
         <path>C:\Program Files (x86)\TI\ccsv7\tools\compiler\ti-cgt-c2000_16.9.3.LTS\lib\</path>
         <kind>archive</kind>
         <file>rts2800_ml.lib</file>
         <name>boot28.obj</name>
      </input_file>
      <input_file id="fl-1c">
         <path>C:\Program Files (x86)\TI\ccsv7\tools\compiler\ti-cgt-c2000_16.9.3.LTS\lib\</path>
         <kind>archive</kind>
         <file>rts2800_ml.lib</file>
         <name>cpy_tbl.obj</name>
      </input_file>
      <input_file id="fl-1d">
         <path>C:\Program Files (x86)\TI\ccsv7\tools\compiler\ti-cgt-c2000_16.9.3.LTS\lib\</path>
         <kind>archive</kind>
         <file>rts2800_ml.lib</file>
         <name>exit.obj</name>
      </input_file>
      <input_file id="fl-1e">
         <path>C:\Program Files (x86)\TI\ccsv7\tools\compiler\ti-cgt-c2000_16.9.3.LTS\lib\</path>
         <kind>archive</kind>
         <file>rts2800_ml.lib</file>
         <name>fs_mpy28.obj</name>
      </input_file>
      <input_file id="fl-1f">
         <path>C:\Program Files (x86)\TI\ccsv7\tools\compiler\ti-cgt-c2000_16.9.3.LTS\lib\</path>
         <kind>archive</kind>
         <file>rts2800_ml.lib</file>
         <name>fs_tol28.obj</name>
      </input_file>
      <input_file id="fl-20">
         <path>C:\Program Files (x86)\TI\ccsv7\tools\compiler\ti-cgt-c2000_16.9.3.LTS\lib\</path>
         <kind>archive</kind>
         <file>rts2800_ml.lib</file>
         <name>l_div28.obj</name>
      </input_file>
      <input_file id="fl-21">
         <path>C:\Program Files (x86)\TI\ccsv7\tools\compiler\ti-cgt-c2000_16.9.3.LTS\lib\</path>
         <kind>archive</kind>
         <file>rts2800_ml.lib</file>
         <name>memcpy.obj</name>
      </input_file>
      <input_file id="fl-22">
         <path>C:\Program Files (x86)\TI\ccsv7\tools\compiler\ti-cgt-c2000_16.9.3.LTS\lib\</path>
         <kind>archive</kind>
         <file>rts2800_ml.lib</file>
         <name>pre_init.obj</name>
      </input_file>
      <input_file id="fl-23">
         <path>C:\Program Files (x86)\TI\ccsv7\tools\compiler\ti-cgt-c2000_16.9.3.LTS\lib\</path>
         <kind>archive</kind>
         <file>rts2800_ml.lib</file>
         <name>startup.obj</name>
      </input_file>
      <input_file id="fl-24">
         <path>C:\Program Files (x86)\TI\ccsv7\tools\compiler\ti-cgt-c2000_16.9.3.LTS\lib\</path>
         <kind>archive</kind>
         <file>rts2800_ml.lib</file>
         <name>u_div28.obj</name>
      </input_file>
      <input_file id="fl-25">
         <path>C:\Program Files (x86)\TI\ccsv7\tools\compiler\ti-cgt-c2000_16.9.3.LTS\lib\</path>
         <kind>archive</kind>
         <file>rts2800_ml.lib</file>
         <name>_lock.obj</name>
      </input_file>
      <input_file id="fl-26">
         <path>C:\Program Files (x86)\TI\ccsv7\tools\compiler\ti-cgt-c2000_16.9.3.LTS\lib\</path>
         <kind>archive</kind>
         <file>rts2800_ml.lib</file>
         <name>args_main.obj</name>
      </input_file>
   </input_file_list>
   <object_component_list>
      <object_component id="oc-52">
         <name>PieVectTableFile</name>
         <uninitialized>true</uninitialized>
         <run_address>0xd00</run_address>
         <size>0x100</size>
         <input_file_ref idref="fl-5"/>
      </object_component>
      <object_component id="oc-51">
         <name>DevEmuRegsFile</name>
         <uninitialized>true</uninitialized>
         <run_address>0x880</run_address>
         <size>0xd2</size>
         <input_file_ref idref="fl-5"/>
      </object_component>
      <object_component id="oc-3c">
         <name>FlashRegsFile</name>
         <uninitialized>true</uninitialized>
         <run_address>0xa80</run_address>
         <size>0x8</size>
         <input_file_ref idref="fl-5"/>
      </object_component>
      <object_component id="oc-41">
         <name>CsmRegsFile</name>
         <uninitialized>true</uninitialized>
         <run_address>0xae0</run_address>
         <size>0x10</size>
         <input_file_ref idref="fl-5"/>
      </object_component>
      <object_component id="oc-47">
         <name>XintfRegsFile</name>
         <uninitialized>true</uninitialized>
         <run_address>0xb20</run_address>
         <size>0x20</size>
         <input_file_ref idref="fl-5"/>
      </object_component>
      <object_component id="oc-3e">
         <name>CpuTimer0RegsFile</name>
         <uninitialized>true</uninitialized>
         <run_address>0xc00</run_address>
         <size>0x8</size>
         <input_file_ref idref="fl-5"/>
      </object_component>
      <object_component id="oc-44">
         <name>PieCtrlRegsFile</name>
         <uninitialized>true</uninitialized>
         <run_address>0xce0</run_address>
         <size>0x1a</size>
         <input_file_ref idref="fl-5"/>
      </object_component>
      <object_component id="oc-46">
         <name>SysCtrlRegsFile</name>
         <uninitialized>true</uninitialized>
         <run_address>0x7010</run_address>
         <size>0x20</size>
         <input_file_ref idref="fl-5"/>
      </object_component>
      <object_component id="oc-42">
         <name>SpiaRegsFile</name>
         <uninitialized>true</uninitialized>
         <run_address>0x7040</run_address>
         <size>0x10</size>
         <input_file_ref idref="fl-5"/>
      </object_component>
      <object_component id="oc-40">
         <name>SciaRegsFile</name>
         <uninitialized>true</uninitialized>
         <run_address>0x7050</run_address>
         <size>0x10</size>
         <input_file_ref idref="fl-5"/>
      </object_component>
      <object_component id="oc-43">
         <name>XIntruptRegsFile</name>
         <uninitialized>true</uninitialized>
         <run_address>0x7070</run_address>
         <size>0x10</size>
         <input_file_ref idref="fl-5"/>
      </object_component>
      <object_component id="oc-48">
         <name>GpioMuxRegsFile</name>
         <uninitialized>true</uninitialized>
         <run_address>0x70c0</run_address>
         <size>0x20</size>
         <input_file_ref idref="fl-5"/>
      </object_component>
      <object_component id="oc-49">
         <name>GpioDataRegsFile</name>
         <uninitialized>true</uninitialized>
         <run_address>0x70e0</run_address>
         <size>0x20</size>
         <input_file_ref idref="fl-5"/>
      </object_component>
      <object_component id="oc-45">
         <name>AdcRegsFile</name>
         <uninitialized>true</uninitialized>
         <run_address>0x7100</run_address>
         <size>0x1a</size>
         <input_file_ref idref="fl-5"/>
      </object_component>
      <object_component id="oc-4c">
         <name>EvaRegsFile</name>
         <uninitialized>true</uninitialized>
         <run_address>0x7400</run_address>
         <size>0x32</size>
         <input_file_ref idref="fl-5"/>
      </object_component>
      <object_component id="oc-4b">
         <name>EvbRegsFile</name>
         <uninitialized>true</uninitialized>
         <run_address>0x7500</run_address>
         <size>0x32</size>
         <input_file_ref idref="fl-5"/>
      </object_component>
      <object_component id="oc-3f">
         <name>ScibRegsFile</name>
         <uninitialized>true</uninitialized>
         <run_address>0x7750</run_address>
         <size>0x10</size>
         <input_file_ref idref="fl-5"/>
      </object_component>
      <object_component id="oc-4a">
         <name>McbspaRegsFile</name>
         <uninitialized>true</uninitialized>
         <run_address>0x7800</run_address>
         <size>0x25</size>
         <input_file_ref idref="fl-5"/>
      </object_component>
      <object_component id="oc-4d">
         <name>ECanaRegsFile</name>
         <uninitialized>true</uninitialized>
         <run_address>0x6000</run_address>
         <size>0x34</size>
         <input_file_ref idref="fl-5"/>
      </object_component>
      <object_component id="oc-4e">
         <name>ECanaLAMRegsFile</name>
         <uninitialized>true</uninitialized>
         <run_address>0x6040</run_address>
         <size>0x40</size>
         <input_file_ref idref="fl-5"/>
      </object_component>
      <object_component id="oc-53">
         <name>ECanaMboxesFile</name>
         <uninitialized>true</uninitialized>
         <run_address>0x6100</run_address>
         <size>0x100</size>
         <input_file_ref idref="fl-5"/>
      </object_component>
      <object_component id="oc-4f">
         <name>ECanaMOTSRegsFile</name>
         <uninitialized>true</uninitialized>
         <run_address>0x6080</run_address>
         <size>0x40</size>
         <input_file_ref idref="fl-5"/>
      </object_component>
      <object_component id="oc-50">
         <name>ECanaMOTORegsFile</name>
         <uninitialized>true</uninitialized>
         <run_address>0x60c0</run_address>
         <size>0x40</size>
         <input_file_ref idref="fl-5"/>
      </object_component>
      <object_component id="oc-3d">
         <name>CsmPwlFile</name>
         <uninitialized>true</uninitialized>
         <run_address>0x3f7ff8</run_address>
         <size>0x8</size>
         <input_file_ref idref="fl-5"/>
      </object_component>
      <object_component id="oc-a9">
         <name>.text</name>
         <load_address>0x3f8002</load_address>
         <run_address>0x3f8002</run_address>
         <size>0x3ac</size>
         <input_file_ref idref="fl-2"/>
      </object_component>
      <object_component id="oc-36">
         <name>.text:retain</name>
         <load_address>0x3f83ae</load_address>
         <run_address>0x3f83ae</run_address>
         <size>0x14f</size>
         <input_file_ref idref="fl-4"/>
      </object_component>
      <object_component id="oc-76">
         <name>.text</name>
         <load_address>0x3f84fd</load_address>
         <run_address>0x3f84fd</run_address>
         <size>0x5a</size>
         <input_file_ref idref="fl-1e"/>
      </object_component>
      <object_component id="oc-26">
         <name>.text</name>
         <load_address>0x3f8557</load_address>
         <run_address>0x3f8557</run_address>
         <size>0x54</size>
         <input_file_ref idref="fl-1b"/>
      </object_component>
      <object_component id="oc-ac">
         <name>.text</name>
         <load_address>0x3f85ab</load_address>
         <run_address>0x3f85ab</run_address>
         <size>0x47</size>
         <input_file_ref idref="fl-8"/>
      </object_component>
      <object_component id="oc-af">
         <name>.text</name>
         <load_address>0x3f85f2</load_address>
         <run_address>0x3f85f2</run_address>
         <size>0x46</size>
         <input_file_ref idref="fl-3"/>
      </object_component>
      <object_component id="oc-2a">
         <name>.text:retain</name>
         <load_address>0x3f8638</load_address>
         <run_address>0x3f8638</run_address>
         <size>0x3e</size>
         <input_file_ref idref="fl-2"/>
      </object_component>
      <object_component id="oc-80">
         <name>.text</name>
         <load_address>0x3f8676</load_address>
         <run_address>0x3f8676</run_address>
         <size>0x2a</size>
         <input_file_ref idref="fl-20"/>
      </object_component>
      <object_component id="oc-a7">
         <name>.text</name>
         <load_address>0x3f86a0</load_address>
         <run_address>0x3f86a0</run_address>
         <size>0x29</size>
         <input_file_ref idref="fl-1d"/>
      </object_component>
      <object_component id="oc-7b">
         <name>.text</name>
         <load_address>0x3f86c9</load_address>
         <run_address>0x3f86c9</run_address>
         <size>0x29</size>
         <input_file_ref idref="fl-1f"/>
      </object_component>
      <object_component id="oc-ad">
         <name>.text</name>
         <load_address>0x3f86f2</load_address>
         <run_address>0x3f86f2</run_address>
         <size>0x28</size>
         <input_file_ref idref="fl-6"/>
      </object_component>
      <object_component id="oc-a4">
         <name>.text</name>
         <load_address>0x3f871a</load_address>
         <run_address>0x3f871a</run_address>
         <size>0x24</size>
         <input_file_ref idref="fl-1c"/>
      </object_component>
      <object_component id="oc-ae">
         <name>.text</name>
         <load_address>0x3f873e</load_address>
         <run_address>0x3f873e</run_address>
         <size>0x20</size>
         <input_file_ref idref="fl-7"/>
      </object_component>
      <object_component id="oc-a8">
         <name>.text</name>
         <load_address>0x3f875e</load_address>
         <run_address>0x3f875e</run_address>
         <size>0x1d</size>
         <input_file_ref idref="fl-21"/>
      </object_component>
      <object_component id="oc-a6">
         <name>.text</name>
         <load_address>0x3f877b</load_address>
         <run_address>0x3f877b</run_address>
         <size>0x19</size>
         <input_file_ref idref="fl-26"/>
      </object_component>
      <object_component id="oc-94">
         <name>.text</name>
         <load_address>0x3f8794</load_address>
         <run_address>0x3f8794</run_address>
         <size>0xb</size>
         <input_file_ref idref="fl-24"/>
      </object_component>
      <object_component id="oc-b0">
         <name>.text</name>
         <load_address>0x3f879f</load_address>
         <run_address>0x3f879f</run_address>
         <size>0x9</size>
         <input_file_ref idref="fl-25"/>
      </object_component>
      <object_component id="oc-a3">
         <name>.text</name>
         <load_address>0x3f87a8</load_address>
         <run_address>0x3f87a8</run_address>
         <size>0x2</size>
         <input_file_ref idref="fl-22"/>
      </object_component>
      <object_component id="oc-a5">
         <name>.text</name>
         <load_address>0x3f87aa</load_address>
         <run_address>0x3f87aa</run_address>
         <size>0x1</size>
         <input_file_ref idref="fl-23"/>
      </object_component>
      <object_component id="oc-28">
         <name>.cinit</name>
         <load_address>0x3f87ab</load_address>
         <run_address>0x3f87ab</run_address>
         <size>0x57</size>
         <input_file_ref idref="fl-2"/>
      </object_component>
      <object_component id="oc-70">
         <name>.cinit</name>
         <load_address>0x3f8802</load_address>
         <run_address>0x3f8802</run_address>
         <size>0xe</size>
         <input_file_ref idref="fl-1d"/>
      </object_component>
      <object_component id="oc-ab">
         <name>.cinit:__lock</name>
         <load_address>0x3f8810</load_address>
         <run_address>0x3f8810</run_address>
         <size>0x5</size>
         <input_file_ref idref="fl-25"/>
      </object_component>
      <object_component id="oc-b1">
         <name>.cinit:__unlock</name>
         <load_address>0x3f8815</load_address>
         <run_address>0x3f8815</run_address>
         <size>0x5</size>
         <input_file_ref idref="fl-25"/>
      </object_component>
      <object_component id="oc-65">
         <name>.reset</name>
         <load_address>0x3fffc0</load_address>
         <run_address>0x3fffc0</run_address>
         <size>0x2</size>
         <input_file_ref idref="fl-1b"/>
      </object_component>
      <object_component id="oc-64">
         <name>.stack</name>
         <uninitialized>true</uninitialized>
         <run_address>0x400</run_address>
         <size>0x0</size>
         <input_file_ref idref="fl-1b"/>
      </object_component>
      <object_component id="oc-e3">
         <name>.stack</name>
         <uninitialized>true</uninitialized>
         <run_address>0x400</run_address>
         <size>0x0</size>
      </object_component>
      <object_component id="oc-29">
         <name>.ebss</name>
         <uninitialized>true</uninitialized>
         <run_address>0x3f9100</run_address>
         <size>0x32</size>
         <input_file_ref idref="fl-2"/>
      </object_component>
      <object_component id="oc-30">
         <name>.ebss</name>
         <uninitialized>true</uninitialized>
         <run_address>0x3f9132</run_address>
         <size>0x8</size>
         <input_file_ref idref="fl-3"/>
      </object_component>
      <object_component id="oc-71">
         <name>.ebss</name>
         <uninitialized>true</uninitialized>
         <run_address>0x3f913a</run_address>
         <size>0x6</size>
         <input_file_ref idref="fl-1d"/>
      </object_component>
      <object_component id="oc-b3">
         <name>.ebss:__unlock</name>
         <uninitialized>true</uninitialized>
         <run_address>0x3f9142</run_address>
         <size>0x2</size>
         <input_file_ref idref="fl-25"/>
      </object_component>
      <object_component id="oc-aa">
         <name>.ebss:__lock</name>
         <uninitialized>true</uninitialized>
         <run_address>0x3f9140</run_address>
         <size>0x2</size>
         <input_file_ref idref="fl-25"/>
      </object_component>
      <object_component id="oc-b2">
         <name>.econst:_PieVectTableInit</name>
         <load_address>0x3f9000</load_address>
         <run_address>0x3f9000</run_address>
         <size>0x100</size>
         <input_file_ref idref="fl-7"/>
      </object_component>
      <object_component id="oc-27">
         <name>.debug_info</name>
         <load_address>0x0</load_address>
         <run_address>0x0</run_address>
         <size>0x6b38</size>
         <input_file_ref idref="fl-2"/>
      </object_component>
      <object_component id="oc-2f">
         <name>.debug_info</name>
         <load_address>0x6b38</load_address>
         <run_address>0x6b38</run_address>
         <size>0x85a</size>
         <input_file_ref idref="fl-3"/>
      </object_component>
      <object_component id="oc-35">
         <name>.debug_info</name>
         <load_address>0x7392</load_address>
         <run_address>0x7392</run_address>
         <size>0x1a0f</size>
         <input_file_ref idref="fl-4"/>
      </object_component>
      <object_component id="oc-3b">
         <name>.debug_info</name>
         <load_address>0x8da1</load_address>
         <run_address>0x8da1</run_address>
         <size>0x1348b</size>
         <input_file_ref idref="fl-5"/>
      </object_component>
      <object_component id="oc-55">
         <name>.debug_info</name>
         <load_address>0x1c22c</load_address>
         <run_address>0x1c22c</run_address>
         <size>0xa88</size>
         <input_file_ref idref="fl-6"/>
      </object_component>
      <object_component id="oc-5a">
         <name>.debug_info</name>
         <load_address>0x1ccb4</load_address>
         <run_address>0x1ccb4</run_address>
         <size>0x1fbe</size>
         <input_file_ref idref="fl-7"/>
      </object_component>
      <object_component id="oc-5f">
         <name>.debug_info</name>
         <load_address>0x1ec72</load_address>
         <run_address>0x1ec72</run_address>
         <size>0x114e</size>
         <input_file_ref idref="fl-8"/>
      </object_component>
      <object_component id="oc-66">
         <name>.debug_info</name>
         <load_address>0x1fdc0</load_address>
         <run_address>0x1fdc0</run_address>
         <size>0x16b</size>
         <input_file_ref idref="fl-1b"/>
      </object_component>
      <object_component id="oc-6a">
         <name>.debug_info</name>
         <load_address>0x1ff2b</load_address>
         <run_address>0x1ff2b</run_address>
         <size>0x50f</size>
         <input_file_ref idref="fl-1c"/>
      </object_component>
      <object_component id="oc-6f">
         <name>.debug_info</name>
         <load_address>0x2043a</load_address>
         <run_address>0x2043a</run_address>
         <size>0x4f9</size>
         <input_file_ref idref="fl-1d"/>
      </object_component>
      <object_component id="oc-77">
         <name>.debug_info</name>
         <load_address>0x20933</load_address>
         <run_address>0x20933</run_address>
         <size>0x10c</size>
         <input_file_ref idref="fl-1e"/>
      </object_component>
      <object_component id="oc-7c">
         <name>.debug_info</name>
         <load_address>0x20a3f</load_address>
         <run_address>0x20a3f</run_address>
         <size>0x118</size>
         <input_file_ref idref="fl-1f"/>
      </object_component>
      <object_component id="oc-81">
         <name>.debug_info</name>
         <load_address>0x20b57</load_address>
         <run_address>0x20b57</run_address>
         <size>0x19d</size>
         <input_file_ref idref="fl-20"/>
      </object_component>
      <object_component id="oc-85">
         <name>.debug_info</name>
         <load_address>0x20cf4</load_address>
         <run_address>0x20cf4</run_address>
         <size>0x3bd</size>
         <input_file_ref idref="fl-21"/>
      </object_component>
      <object_component id="oc-8a">
         <name>.debug_info</name>
         <load_address>0x210b1</load_address>
         <run_address>0x210b1</run_address>
         <size>0x330</size>
         <input_file_ref idref="fl-22"/>
      </object_component>
      <object_component id="oc-8f">
         <name>.debug_info</name>
         <load_address>0x213e1</load_address>
         <run_address>0x213e1</run_address>
         <size>0x32d</size>
         <input_file_ref idref="fl-23"/>
      </object_component>
      <object_component id="oc-95">
         <name>.debug_info</name>
         <load_address>0x2170e</load_address>
         <run_address>0x2170e</run_address>
         <size>0x139</size>
         <input_file_ref idref="fl-24"/>
      </object_component>
      <object_component id="oc-99">
         <name>.debug_info</name>
         <load_address>0x21847</load_address>
         <run_address>0x21847</run_address>
         <size>0x44f</size>
         <input_file_ref idref="fl-25"/>
      </object_component>
      <object_component id="oc-9e">
         <name>.debug_info</name>
         <load_address>0x21c96</load_address>
         <run_address>0x21c96</run_address>
         <size>0x41c</size>
         <input_file_ref idref="fl-26"/>
      </object_component>
      <object_component id="oc-e4">
         <name>.debug_info</name>
         <load_address>0x220b2</load_address>
         <run_address>0x220b2</run_address>
         <size>0x9b</size>
      </object_component>
      <object_component id="oc-2b">
         <name>.debug_frame</name>
         <load_address>0x0</load_address>
         <run_address>0x0</run_address>
         <size>0x1ae</size>
         <input_file_ref idref="fl-2"/>
      </object_component>
      <object_component id="oc-31">
         <name>.debug_frame</name>
         <load_address>0x1ae</load_address>
         <run_address>0x1ae</run_address>
         <size>0x4e</size>
         <input_file_ref idref="fl-3"/>
      </object_component>
      <object_component id="oc-37">
         <name>.debug_frame</name>
         <load_address>0x1fc</load_address>
         <run_address>0x1fc</run_address>
         <size>0x59d</size>
         <input_file_ref idref="fl-4"/>
      </object_component>
      <object_component id="oc-56">
         <name>.debug_frame</name>
         <load_address>0x799</load_address>
         <run_address>0x799</run_address>
         <size>0x48</size>
         <input_file_ref idref="fl-6"/>
      </object_component>
      <object_component id="oc-5b">
         <name>.debug_frame</name>
         <load_address>0x7e1</load_address>
         <run_address>0x7e1</run_address>
         <size>0x39</size>
         <input_file_ref idref="fl-7"/>
      </object_component>
      <object_component id="oc-60">
         <name>.debug_frame</name>
         <load_address>0x81a</load_address>
         <run_address>0x81a</run_address>
         <size>0x8d</size>
         <input_file_ref idref="fl-8"/>
      </object_component>
      <object_component id="oc-6b">
         <name>.debug_frame</name>
         <load_address>0x8a7</load_address>
         <run_address>0x8a7</run_address>
         <size>0x54</size>
         <input_file_ref idref="fl-1c"/>
      </object_component>
      <object_component id="oc-72">
         <name>.debug_frame</name>
         <load_address>0x8fb</load_address>
         <run_address>0x8fb</run_address>
         <size>0x51</size>
         <input_file_ref idref="fl-1d"/>
      </object_component>
      <object_component id="oc-86">
         <name>.debug_frame</name>
         <load_address>0x94c</load_address>
         <run_address>0x94c</run_address>
         <size>0x33</size>
         <input_file_ref idref="fl-21"/>
      </object_component>
      <object_component id="oc-8b">
         <name>.debug_frame</name>
         <load_address>0x97f</load_address>
         <run_address>0x97f</run_address>
         <size>0x33</size>
         <input_file_ref idref="fl-22"/>
      </object_component>
      <object_component id="oc-90">
         <name>.debug_frame</name>
         <load_address>0x9b2</load_address>
         <run_address>0x9b2</run_address>
         <size>0x33</size>
         <input_file_ref idref="fl-23"/>
      </object_component>
      <object_component id="oc-9a">
         <name>.debug_frame</name>
         <load_address>0x9e5</load_address>
         <run_address>0x9e5</run_address>
         <size>0x5d</size>
         <input_file_ref idref="fl-25"/>
      </object_component>
      <object_component id="oc-9f">
         <name>.debug_frame</name>
         <load_address>0xa42</load_address>
         <run_address>0xa42</run_address>
         <size>0x33</size>
         <input_file_ref idref="fl-26"/>
      </object_component>
      <object_component id="oc-2c">
         <name>.debug_line</name>
         <load_address>0x0</load_address>
         <run_address>0x0</run_address>
         <size>0x3c2</size>
         <input_file_ref idref="fl-2"/>
      </object_component>
      <object_component id="oc-32">
         <name>.debug_line</name>
         <load_address>0x3c2</load_address>
         <run_address>0x3c2</run_address>
         <size>0x79</size>
         <input_file_ref idref="fl-3"/>
      </object_component>
      <object_component id="oc-38">
         <name>.debug_line</name>
         <load_address>0x43b</load_address>
         <run_address>0x43b</run_address>
         <size>0x62e</size>
         <input_file_ref idref="fl-4"/>
      </object_component>
      <object_component id="oc-57">
         <name>.debug_line</name>
         <load_address>0xa69</load_address>
         <run_address>0xa69</run_address>
         <size>0x85</size>
         <input_file_ref idref="fl-6"/>
      </object_component>
      <object_component id="oc-5c">
         <name>.debug_line</name>
         <load_address>0xaee</load_address>
         <run_address>0xaee</run_address>
         <size>0x67</size>
         <input_file_ref idref="fl-7"/>
      </object_component>
      <object_component id="oc-61">
         <name>.debug_line</name>
         <load_address>0xb55</load_address>
         <run_address>0xb55</run_address>
         <size>0xd1</size>
         <input_file_ref idref="fl-8"/>
      </object_component>
      <object_component id="oc-67">
         <name>.debug_line</name>
         <load_address>0xc26</load_address>
         <run_address>0xc26</run_address>
         <size>0x7d</size>
         <input_file_ref idref="fl-1b"/>
      </object_component>
      <object_component id="oc-6c">
         <name>.debug_line</name>
         <load_address>0xca3</load_address>
         <run_address>0xca3</run_address>
         <size>0x50</size>
         <input_file_ref idref="fl-1c"/>
      </object_component>
      <object_component id="oc-73">
         <name>.debug_line</name>
         <load_address>0xcf3</load_address>
         <run_address>0xcf3</run_address>
         <size>0x65</size>
         <input_file_ref idref="fl-1d"/>
      </object_component>
      <object_component id="oc-78">
         <name>.debug_line</name>
         <load_address>0xd58</load_address>
         <run_address>0xd58</run_address>
         <size>0x8d</size>
         <input_file_ref idref="fl-1e"/>
      </object_component>
      <object_component id="oc-7d">
         <name>.debug_line</name>
         <load_address>0xde5</load_address>
         <run_address>0xde5</run_address>
         <size>0x60</size>
         <input_file_ref idref="fl-1f"/>
      </object_component>
      <object_component id="oc-82">
         <name>.debug_line</name>
         <load_address>0xe45</load_address>
         <run_address>0xe45</run_address>
         <size>0x8e</size>
         <input_file_ref idref="fl-20"/>
      </object_component>
      <object_component id="oc-87">
         <name>.debug_line</name>
         <load_address>0xed3</load_address>
         <run_address>0xed3</run_address>
         <size>0x62</size>
         <input_file_ref idref="fl-21"/>
      </object_component>
      <object_component id="oc-8c">
         <name>.debug_line</name>
         <load_address>0xf35</load_address>
         <run_address>0xf35</run_address>
         <size>0x3e</size>
         <input_file_ref idref="fl-22"/>
      </object_component>
      <object_component id="oc-91">
         <name>.debug_line</name>
         <load_address>0xf73</load_address>
         <run_address>0xf73</run_address>
         <size>0x3a</size>
         <input_file_ref idref="fl-23"/>
      </object_component>
      <object_component id="oc-96">
         <name>.debug_line</name>
         <load_address>0xfad</load_address>
         <run_address>0xfad</run_address>
         <size>0x52</size>
         <input_file_ref idref="fl-24"/>
      </object_component>
      <object_component id="oc-9b">
         <name>.debug_line</name>
         <load_address>0xfff</load_address>
         <run_address>0xfff</run_address>
         <size>0x5e</size>
         <input_file_ref idref="fl-25"/>
      </object_component>
      <object_component id="oc-a0">
         <name>.debug_line</name>
         <load_address>0x105d</load_address>
         <run_address>0x105d</run_address>
         <size>0x55</size>
         <input_file_ref idref="fl-26"/>
      </object_component>
      <object_component id="oc-2d">
         <name>.debug_abbrev</name>
         <load_address>0x0</load_address>
         <run_address>0x0</run_address>
         <size>0x1f7</size>
         <input_file_ref idref="fl-2"/>
      </object_component>
      <object_component id="oc-33">
         <name>.debug_abbrev</name>
         <load_address>0x1f7</load_address>
         <run_address>0x1f7</run_address>
         <size>0x10b</size>
         <input_file_ref idref="fl-3"/>
      </object_component>
      <object_component id="oc-39">
         <name>.debug_abbrev</name>
         <load_address>0x302</load_address>
         <run_address>0x302</run_address>
         <size>0xb6</size>
         <input_file_ref idref="fl-4"/>
      </object_component>
      <object_component id="oc-54">
         <name>.debug_abbrev</name>
         <load_address>0x3b8</load_address>
         <run_address>0x3b8</run_address>
         <size>0xb7</size>
         <input_file_ref idref="fl-5"/>
      </object_component>
      <object_component id="oc-58">
         <name>.debug_abbrev</name>
         <load_address>0x46f</load_address>
         <run_address>0x46f</run_address>
         <size>0xc8</size>
         <input_file_ref idref="fl-6"/>
      </object_component>
      <object_component id="oc-5d">
         <name>.debug_abbrev</name>
         <load_address>0x537</load_address>
         <run_address>0x537</run_address>
         <size>0x116</size>
         <input_file_ref idref="fl-7"/>
      </object_component>
      <object_component id="oc-62">
         <name>.debug_abbrev</name>
         <load_address>0x64d</load_address>
         <run_address>0x64d</run_address>
         <size>0xf8</size>
         <input_file_ref idref="fl-8"/>
      </object_component>
      <object_component id="oc-68">
         <name>.debug_abbrev</name>
         <load_address>0x745</load_address>
         <run_address>0x745</run_address>
         <size>0x46</size>
         <input_file_ref idref="fl-1b"/>
      </object_component>
      <object_component id="oc-6d">
         <name>.debug_abbrev</name>
         <load_address>0x78b</load_address>
         <run_address>0x78b</run_address>
         <size>0xfc</size>
         <input_file_ref idref="fl-1c"/>
      </object_component>
      <object_component id="oc-74">
         <name>.debug_abbrev</name>
         <load_address>0x887</load_address>
         <run_address>0x887</run_address>
         <size>0x142</size>
         <input_file_ref idref="fl-1d"/>
      </object_component>
      <object_component id="oc-79">
         <name>.debug_abbrev</name>
         <load_address>0x9c9</load_address>
         <run_address>0x9c9</run_address>
         <size>0x38</size>
         <input_file_ref idref="fl-1e"/>
      </object_component>
      <object_component id="oc-7e">
         <name>.debug_abbrev</name>
         <load_address>0xa01</load_address>
         <run_address>0xa01</run_address>
         <size>0x38</size>
         <input_file_ref idref="fl-1f"/>
      </object_component>
      <object_component id="oc-83">
         <name>.debug_abbrev</name>
         <load_address>0xa39</load_address>
         <run_address>0xa39</run_address>
         <size>0x38</size>
         <input_file_ref idref="fl-20"/>
      </object_component>
      <object_component id="oc-88">
         <name>.debug_abbrev</name>
         <load_address>0xa71</load_address>
         <run_address>0xa71</run_address>
         <size>0xa8</size>
         <input_file_ref idref="fl-21"/>
      </object_component>
      <object_component id="oc-8d">
         <name>.debug_abbrev</name>
         <load_address>0xb19</load_address>
         <run_address>0xb19</run_address>
         <size>0x68</size>
         <input_file_ref idref="fl-22"/>
      </object_component>
      <object_component id="oc-92">
         <name>.debug_abbrev</name>
         <load_address>0xb81</load_address>
         <run_address>0xb81</run_address>
         <size>0x66</size>
         <input_file_ref idref="fl-23"/>
      </object_component>
      <object_component id="oc-97">
         <name>.debug_abbrev</name>
         <load_address>0xbe7</load_address>
         <run_address>0xbe7</run_address>
         <size>0x38</size>
         <input_file_ref idref="fl-24"/>
      </object_component>
      <object_component id="oc-9c">
         <name>.debug_abbrev</name>
         <load_address>0xc1f</load_address>
         <run_address>0xc1f</run_address>
         <size>0xb2</size>
         <input_file_ref idref="fl-25"/>
      </object_component>
      <object_component id="oc-a1">
         <name>.debug_abbrev</name>
         <load_address>0xcd1</load_address>
         <run_address>0xcd1</run_address>
         <size>0xfe</size>
         <input_file_ref idref="fl-26"/>
      </object_component>
      <object_component id="oc-e5">
         <name>.debug_abbrev</name>
         <load_address>0xdcf</load_address>
         <run_address>0xdcf</run_address>
         <size>0xf</size>
      </object_component>
      <object_component id="oc-2e">
         <name>.debug_aranges</name>
         <load_address>0x0</load_address>
         <run_address>0x0</run_address>
         <size>0x88</size>
         <input_file_ref idref="fl-2"/>
      </object_component>
      <object_component id="oc-34">
         <name>.debug_aranges</name>
         <load_address>0x88</load_address>
         <run_address>0x88</run_address>
         <size>0x28</size>
         <input_file_ref idref="fl-3"/>
      </object_component>
      <object_component id="oc-3a">
         <name>.debug_aranges</name>
         <load_address>0xb0</load_address>
         <run_address>0xb0</run_address>
         <size>0x230</size>
         <input_file_ref idref="fl-4"/>
      </object_component>
      <object_component id="oc-59">
         <name>.debug_aranges</name>
         <load_address>0x2e0</load_address>
         <run_address>0x2e0</run_address>
         <size>0x28</size>
         <input_file_ref idref="fl-6"/>
      </object_component>
      <object_component id="oc-5e">
         <name>.debug_aranges</name>
         <load_address>0x308</load_address>
         <run_address>0x308</run_address>
         <size>0x20</size>
         <input_file_ref idref="fl-7"/>
      </object_component>
      <object_component id="oc-63">
         <name>.debug_aranges</name>
         <load_address>0x328</load_address>
         <run_address>0x328</run_address>
         <size>0x40</size>
         <input_file_ref idref="fl-8"/>
      </object_component>
      <object_component id="oc-69">
         <name>.debug_aranges</name>
         <load_address>0x368</load_address>
         <run_address>0x368</run_address>
         <size>0x20</size>
         <input_file_ref idref="fl-1b"/>
      </object_component>
      <object_component id="oc-6e">
         <name>.debug_aranges</name>
         <load_address>0x388</load_address>
         <run_address>0x388</run_address>
         <size>0x20</size>
         <input_file_ref idref="fl-1c"/>
      </object_component>
      <object_component id="oc-75">
         <name>.debug_aranges</name>
         <load_address>0x3a8</load_address>
         <run_address>0x3a8</run_address>
         <size>0x28</size>
         <input_file_ref idref="fl-1d"/>
      </object_component>
      <object_component id="oc-7a">
         <name>.debug_aranges</name>
         <load_address>0x3d0</load_address>
         <run_address>0x3d0</run_address>
         <size>0x20</size>
         <input_file_ref idref="fl-1e"/>
      </object_component>
      <object_component id="oc-7f">
         <name>.debug_aranges</name>
         <load_address>0x3f0</load_address>
         <run_address>0x3f0</run_address>
         <size>0x20</size>
         <input_file_ref idref="fl-1f"/>
      </object_component>
      <object_component id="oc-84">
         <name>.debug_aranges</name>
         <load_address>0x410</load_address>
         <run_address>0x410</run_address>
         <size>0x38</size>
         <input_file_ref idref="fl-20"/>
      </object_component>
      <object_component id="oc-89">
         <name>.debug_aranges</name>
         <load_address>0x448</load_address>
         <run_address>0x448</run_address>
         <size>0x20</size>
         <input_file_ref idref="fl-21"/>
      </object_component>
      <object_component id="oc-8e">
         <name>.debug_aranges</name>
         <load_address>0x468</load_address>
         <run_address>0x468</run_address>
         <size>0x20</size>
         <input_file_ref idref="fl-22"/>
      </object_component>
      <object_component id="oc-93">
         <name>.debug_aranges</name>
         <load_address>0x488</load_address>
         <run_address>0x488</run_address>
         <size>0x20</size>
         <input_file_ref idref="fl-23"/>
      </object_component>
      <object_component id="oc-98">
         <name>.debug_aranges</name>
         <load_address>0x4a8</load_address>
         <run_address>0x4a8</run_address>
         <size>0x28</size>
         <input_file_ref idref="fl-24"/>
      </object_component>
      <object_component id="oc-9d">
         <name>.debug_aranges</name>
         <load_address>0x4d0</load_address>
         <run_address>0x4d0</run_address>
         <size>0x30</size>
         <input_file_ref idref="fl-25"/>
      </object_component>
      <object_component id="oc-a2">
         <name>.debug_aranges</name>
         <load_address>0x500</load_address>
         <run_address>0x500</run_address>
         <size>0x20</size>
         <input_file_ref idref="fl-26"/>
      </object_component>
   </object_component_list>
   <logical_group_list>
      <logical_group id="lg-2" display="no" color="cyan">
         <name>PieVectTableFile</name>
         <run_address>0xd00</run_address>
         <size>0x100</size>
         <contents>
            <object_component_ref idref="oc-52"/>
         </contents>
      </logical_group>
      <logical_group id="lg-3" display="no" color="cyan">
         <name>DevEmuRegsFile</name>
         <run_address>0x880</run_address>
         <size>0xd2</size>
         <contents>
            <object_component_ref idref="oc-51"/>
         </contents>
      </logical_group>
      <logical_group id="lg-4" display="no" color="cyan">
         <name>FlashRegsFile</name>
         <run_address>0xa80</run_address>
         <size>0x8</size>
         <contents>
            <object_component_ref idref="oc-3c"/>
         </contents>
      </logical_group>
      <logical_group id="lg-5" display="no" color="cyan">
         <name>CsmRegsFile</name>
         <run_address>0xae0</run_address>
         <size>0x10</size>
         <contents>
            <object_component_ref idref="oc-41"/>
         </contents>
      </logical_group>
      <logical_group id="lg-6" display="no" color="cyan">
         <name>XintfRegsFile</name>
         <run_address>0xb20</run_address>
         <size>0x20</size>
         <contents>
            <object_component_ref idref="oc-47"/>
         </contents>
      </logical_group>
      <logical_group id="lg-7" display="no" color="cyan">
         <name>CpuTimer0RegsFile</name>
         <run_address>0xc00</run_address>
         <size>0x8</size>
         <contents>
            <object_component_ref idref="oc-3e"/>
         </contents>
      </logical_group>
      <logical_group id="lg-8" display="no" color="cyan">
         <name>PieCtrlRegsFile</name>
         <run_address>0xce0</run_address>
         <size>0x1a</size>
         <contents>
            <object_component_ref idref="oc-44"/>
         </contents>
      </logical_group>
      <logical_group id="lg-9" display="no" color="cyan">
         <name>SysCtrlRegsFile</name>
         <run_address>0x7010</run_address>
         <size>0x20</size>
         <contents>
            <object_component_ref idref="oc-46"/>
         </contents>
      </logical_group>
      <logical_group id="lg-a" display="no" color="cyan">
         <name>SpiaRegsFile</name>
         <run_address>0x7040</run_address>
         <size>0x10</size>
         <contents>
            <object_component_ref idref="oc-42"/>
         </contents>
      </logical_group>
      <logical_group id="lg-b" display="no" color="cyan">
         <name>SciaRegsFile</name>
         <run_address>0x7050</run_address>
         <size>0x10</size>
         <contents>
            <object_component_ref idref="oc-40"/>
         </contents>
      </logical_group>
      <logical_group id="lg-c" display="no" color="cyan">
         <name>XIntruptRegsFile</name>
         <run_address>0x7070</run_address>
         <size>0x10</size>
         <contents>
            <object_component_ref idref="oc-43"/>
         </contents>
      </logical_group>
      <logical_group id="lg-d" display="no" color="cyan">
         <name>GpioMuxRegsFile</name>
         <run_address>0x70c0</run_address>
         <size>0x20</size>
         <contents>
            <object_component_ref idref="oc-48"/>
         </contents>
      </logical_group>
      <logical_group id="lg-e" display="no" color="cyan">
         <name>GpioDataRegsFile</name>
         <run_address>0x70e0</run_address>
         <size>0x20</size>
         <contents>
            <object_component_ref idref="oc-49"/>
         </contents>
      </logical_group>
      <logical_group id="lg-f" display="no" color="cyan">
         <name>AdcRegsFile</name>
         <run_address>0x7100</run_address>
         <size>0x1a</size>
         <contents>
            <object_component_ref idref="oc-45"/>
         </contents>
      </logical_group>
      <logical_group id="lg-10" display="no" color="cyan">
         <name>EvaRegsFile</name>
         <run_address>0x7400</run_address>
         <size>0x32</size>
         <contents>
            <object_component_ref idref="oc-4c"/>
         </contents>
      </logical_group>
      <logical_group id="lg-11" display="no" color="cyan">
         <name>EvbRegsFile</name>
         <run_address>0x7500</run_address>
         <size>0x32</size>
         <contents>
            <object_component_ref idref="oc-4b"/>
         </contents>
      </logical_group>
      <logical_group id="lg-12" display="no" color="cyan">
         <name>ScibRegsFile</name>
         <run_address>0x7750</run_address>
         <size>0x10</size>
         <contents>
            <object_component_ref idref="oc-3f"/>
         </contents>
      </logical_group>
      <logical_group id="lg-13" display="no" color="cyan">
         <name>McbspaRegsFile</name>
         <run_address>0x7800</run_address>
         <size>0x25</size>
         <contents>
            <object_component_ref idref="oc-4a"/>
         </contents>
      </logical_group>
      <logical_group id="lg-14" display="no" color="cyan">
         <name>ECanaRegsFile</name>
         <run_address>0x6000</run_address>
         <size>0x34</size>
         <contents>
            <object_component_ref idref="oc-4d"/>
         </contents>
      </logical_group>
      <logical_group id="lg-15" display="no" color="cyan">
         <name>ECanaLAMRegsFile</name>
         <run_address>0x6040</run_address>
         <size>0x40</size>
         <contents>
            <object_component_ref idref="oc-4e"/>
         </contents>
      </logical_group>
      <logical_group id="lg-16" display="no" color="cyan">
         <name>ECanaMboxesFile</name>
         <run_address>0x6100</run_address>
         <size>0x100</size>
         <contents>
            <object_component_ref idref="oc-53"/>
         </contents>
      </logical_group>
      <logical_group id="lg-17" display="no" color="cyan">
         <name>ECanaMOTSRegsFile</name>
         <run_address>0x6080</run_address>
         <size>0x40</size>
         <contents>
            <object_component_ref idref="oc-4f"/>
         </contents>
      </logical_group>
      <logical_group id="lg-18" display="no" color="cyan">
         <name>ECanaMOTORegsFile</name>
         <run_address>0x60c0</run_address>
         <size>0x40</size>
         <contents>
            <object_component_ref idref="oc-50"/>
         </contents>
      </logical_group>
      <logical_group id="lg-19" display="no" color="cyan">
         <name>CsmPwlFile</name>
         <run_address>0x3f7ff8</run_address>
         <size>0x8</size>
         <contents>
            <object_component_ref idref="oc-3d"/>
         </contents>
      </logical_group>
      <logical_group id="lg-1a" display="no" color="cyan">
         <name>codestart</name>
         <run_address>0x0</run_address>
         <size>0x0</size>
         <contents>
         </contents>
      </logical_group>
      <logical_group id="lg-1b" display="no" color="cyan">
         <name>ramfuncs</name>
         <run_address>0x0</run_address>
         <size>0x0</size>
         <contents>
         </contents>
      </logical_group>
      <logical_group id="lg-1c" display="no" color="cyan">
         <name>.text</name>
         <load_address>0x3f8002</load_address>
         <run_address>0x3f8002</run_address>
         <size>0x7a9</size>
         <contents>
            <object_component_ref idref="oc-a9"/>
            <object_component_ref idref="oc-36"/>
            <object_component_ref idref="oc-76"/>
            <object_component_ref idref="oc-26"/>
            <object_component_ref idref="oc-ac"/>
            <object_component_ref idref="oc-af"/>
            <object_component_ref idref="oc-2a"/>
            <object_component_ref idref="oc-80"/>
            <object_component_ref idref="oc-a7"/>
            <object_component_ref idref="oc-7b"/>
            <object_component_ref idref="oc-ad"/>
            <object_component_ref idref="oc-a4"/>
            <object_component_ref idref="oc-ae"/>
            <object_component_ref idref="oc-a8"/>
            <object_component_ref idref="oc-a6"/>
            <object_component_ref idref="oc-94"/>
            <object_component_ref idref="oc-b0"/>
            <object_component_ref idref="oc-a3"/>
            <object_component_ref idref="oc-a5"/>
         </contents>
      </logical_group>
      <logical_group id="lg-1d" display="no" color="cyan">
         <name>.cinit</name>
         <load_address>0x3f87ab</load_address>
         <run_address>0x3f87ab</run_address>
         <size>0x71</size>
         <contents>
            <object_component_ref idref="oc-28"/>
            <object_component_ref idref="oc-70"/>
            <object_component_ref idref="oc-ab"/>
            <object_component_ref idref="oc-b1"/>
         </contents>
      </logical_group>
      <logical_group id="lg-1e" display="no" color="cyan">
         <name>.pinit</name>
         <run_address>0x0</run_address>
         <size>0x0</size>
         <contents>
         </contents>
      </logical_group>
      <logical_group id="lg-1f" display="no" color="cyan">
         <name>.switch</name>
         <run_address>0x0</run_address>
         <size>0x0</size>
         <contents>
         </contents>
      </logical_group>
      <logical_group id="lg-20" display="no" color="cyan">
         <name>.reset</name>
         <load_address>0x3fffc0</load_address>
         <run_address>0x3fffc0</run_address>
         <size>0x2</size>
         <contents>
            <object_component_ref idref="oc-65"/>
         </contents>
      </logical_group>
      <logical_group id="lg-21" display="no" color="cyan">
         <name>.stack</name>
         <run_address>0x400</run_address>
         <size>0x400</size>
         <contents>
            <object_component_ref idref="oc-64"/>
            <object_component_ref idref="oc-e3"/>
         </contents>
      </logical_group>
      <logical_group id="lg-22" display="no" color="cyan">
         <name>.ebss</name>
         <run_address>0x3f9100</run_address>
         <size>0x44</size>
         <contents>
            <object_component_ref idref="oc-29"/>
            <object_component_ref idref="oc-30"/>
            <object_component_ref idref="oc-71"/>
            <object_component_ref idref="oc-b3"/>
            <object_component_ref idref="oc-aa"/>
         </contents>
      </logical_group>
      <logical_group id="lg-23" display="no" color="cyan">
         <name>.econst</name>
         <load_address>0x3f9000</load_address>
         <run_address>0x3f9000</run_address>
         <size>0x100</size>
         <contents>
            <object_component_ref idref="oc-b2"/>
         </contents>
      </logical_group>
      <logical_group id="lg-24" display="no" color="cyan">
         <name>.esysmem</name>
         <run_address>0x0</run_address>
         <size>0x0</size>
         <contents>
         </contents>
      </logical_group>
      <logical_group id="lg-d7" display="never" color="cyan">
         <name>.debug_info</name>
         <load_address>0x0</load_address>
         <run_address>0x0</run_address>
         <size>0x2214d</size>
         <contents>
            <object_component_ref idref="oc-27"/>
            <object_component_ref idref="oc-2f"/>
            <object_component_ref idref="oc-35"/>
            <object_component_ref idref="oc-3b"/>
            <object_component_ref idref="oc-55"/>
            <object_component_ref idref="oc-5a"/>
            <object_component_ref idref="oc-5f"/>
            <object_component_ref idref="oc-66"/>
            <object_component_ref idref="oc-6a"/>
            <object_component_ref idref="oc-6f"/>
            <object_component_ref idref="oc-77"/>
            <object_component_ref idref="oc-7c"/>
            <object_component_ref idref="oc-81"/>
            <object_component_ref idref="oc-85"/>
            <object_component_ref idref="oc-8a"/>
            <object_component_ref idref="oc-8f"/>
            <object_component_ref idref="oc-95"/>
            <object_component_ref idref="oc-99"/>
            <object_component_ref idref="oc-9e"/>
            <object_component_ref idref="oc-e4"/>
         </contents>
      </logical_group>
      <logical_group id="lg-d9" display="never" color="cyan">
         <name>.debug_frame</name>
         <load_address>0x0</load_address>
         <run_address>0x0</run_address>
         <size>0xa75</size>
         <contents>
            <object_component_ref idref="oc-2b"/>
            <object_component_ref idref="oc-31"/>
            <object_component_ref idref="oc-37"/>
            <object_component_ref idref="oc-56"/>
            <object_component_ref idref="oc-5b"/>
            <object_component_ref idref="oc-60"/>
            <object_component_ref idref="oc-6b"/>
            <object_component_ref idref="oc-72"/>
            <object_component_ref idref="oc-86"/>
            <object_component_ref idref="oc-8b"/>
            <object_component_ref idref="oc-90"/>
            <object_component_ref idref="oc-9a"/>
            <object_component_ref idref="oc-9f"/>
         </contents>
      </logical_group>
      <logical_group id="lg-db" display="never" color="cyan">
         <name>.debug_line</name>
         <load_address>0x0</load_address>
         <run_address>0x0</run_address>
         <size>0x10b2</size>
         <contents>
            <object_component_ref idref="oc-2c"/>
            <object_component_ref idref="oc-32"/>
            <object_component_ref idref="oc-38"/>
            <object_component_ref idref="oc-57"/>
            <object_component_ref idref="oc-5c"/>
            <object_component_ref idref="oc-61"/>
            <object_component_ref idref="oc-67"/>
            <object_component_ref idref="oc-6c"/>
            <object_component_ref idref="oc-73"/>
            <object_component_ref idref="oc-78"/>
            <object_component_ref idref="oc-7d"/>
            <object_component_ref idref="oc-82"/>
            <object_component_ref idref="oc-87"/>
            <object_component_ref idref="oc-8c"/>
            <object_component_ref idref="oc-91"/>
            <object_component_ref idref="oc-96"/>
            <object_component_ref idref="oc-9b"/>
            <object_component_ref idref="oc-a0"/>
         </contents>
      </logical_group>
      <logical_group id="lg-dd" display="never" color="cyan">
         <name>.debug_abbrev</name>
         <load_address>0x0</load_address>
         <run_address>0x0</run_address>
         <size>0xdde</size>
         <contents>
            <object_component_ref idref="oc-2d"/>
            <object_component_ref idref="oc-33"/>
            <object_component_ref idref="oc-39"/>
            <object_component_ref idref="oc-54"/>
            <object_component_ref idref="oc-58"/>
            <object_component_ref idref="oc-5d"/>
            <object_component_ref idref="oc-62"/>
            <object_component_ref idref="oc-68"/>
            <object_component_ref idref="oc-6d"/>
            <object_component_ref idref="oc-74"/>
            <object_component_ref idref="oc-79"/>
            <object_component_ref idref="oc-7e"/>
            <object_component_ref idref="oc-83"/>
            <object_component_ref idref="oc-88"/>
            <object_component_ref idref="oc-8d"/>
            <object_component_ref idref="oc-92"/>
            <object_component_ref idref="oc-97"/>
            <object_component_ref idref="oc-9c"/>
            <object_component_ref idref="oc-a1"/>
            <object_component_ref idref="oc-e5"/>
         </contents>
      </logical_group>
      <logical_group id="lg-df" display="never" color="cyan">
         <name>.debug_aranges</name>
         <load_address>0x0</load_address>
         <run_address>0x0</run_address>
         <size>0x520</size>
         <contents>
            <object_component_ref idref="oc-2e"/>
            <object_component_ref idref="oc-34"/>
            <object_component_ref idref="oc-3a"/>
            <object_component_ref idref="oc-59"/>
            <object_component_ref idref="oc-5e"/>
            <object_component_ref idref="oc-63"/>
            <object_component_ref idref="oc-69"/>
            <object_component_ref idref="oc-6e"/>
            <object_component_ref idref="oc-75"/>
            <object_component_ref idref="oc-7a"/>
            <object_component_ref idref="oc-7f"/>
            <object_component_ref idref="oc-84"/>
            <object_component_ref idref="oc-89"/>
            <object_component_ref idref="oc-8e"/>
            <object_component_ref idref="oc-93"/>
            <object_component_ref idref="oc-98"/>
            <object_component_ref idref="oc-9d"/>
            <object_component_ref idref="oc-a2"/>
         </contents>
      </logical_group>
   </logical_group_list>
   <placement_map>
      <memory_area display="yes" color="green">
         <name>RAMM0</name>
         <page_id>0x0</page_id>
         <origin>0x0</origin>
         <length>0x400</length>
         <used_space>0x0</used_space>
         <unused_space>0x400</unused_space>
         <attributes>RWIX</attributes>
         <usage_details>
         </usage_details>
      </memory_area>
      <memory_area display="no" color="green">
         <name>BEGIN</name>
         <page_id>0x0</page_id>
         <origin>0x3f8000</origin>
         <length>0x2</length>
         <used_space>0x0</used_space>
         <unused_space>0x2</unused_space>
         <attributes>RWIX</attributes>
         <usage_details>
         </usage_details>
      </memory_area>
      <memory_area display="yes" color="green">
         <name>PRAMH0</name>
         <page_id>0x0</page_id>
         <origin>0x3f8002</origin>
         <length>0xffe</length>
         <used_space>0x81a</used_space>
         <unused_space>0x7e4</unused_space>
         <attributes>RWIX</attributes>
         <usage_details>
            <allocated_space>
               <start_address>0x3f8002</start_address>
               <size>0x7a9</size>
               <logical_group_ref idref="lg-1c"/>
            </allocated_space>
            <allocated_space>
               <start_address>0x3f87ab</start_address>
               <size>0x71</size>
               <logical_group_ref idref="lg-1d"/>
            </allocated_space>
            <available_space>
               <start_address>0x3f881c</start_address>
               <size>0x7e4</size>
            </available_space>
         </usage_details>
      </memory_area>
      <memory_area display="no" color="green">
         <name>RESET</name>
         <page_id>0x0</page_id>
         <origin>0x3fffc0</origin>
         <length>0x2</length>
         <used_space>0x0</used_space>
         <unused_space>0x2</unused_space>
         <attributes>RWIX</attributes>
         <usage_details>
         </usage_details>
      </memory_area>
      <memory_area display="yes" color="green">
         <name>RAMM1</name>
         <page_id>0x1</page_id>
         <origin>0x400</origin>
         <length>0x400</length>
         <used_space>0x400</used_space>
         <unused_space>0x0</unused_space>
         <attributes>RWIX</attributes>
         <usage_details>
            <allocated_space>
               <start_address>0x400</start_address>
               <size>0x400</size>
               <logical_group_ref idref="lg-21"/>
            </allocated_space>
         </usage_details>
      </memory_area>
      <memory_area display="yes" color="green">
         <name>DEV_EMU</name>
         <page_id>0x1</page_id>
         <origin>0x880</origin>
         <length>0x180</length>
         <used_space>0xd2</used_space>
         <unused_space>0xae</unused_space>
         <attributes>RWIX</attributes>
         <usage_details>
            <allocated_space>
               <start_address>0x880</start_address>
               <size>0xd2</size>
               <logical_group_ref idref="lg-3"/>
            </allocated_space>
            <available_space>
               <start_address>0x952</start_address>
               <size>0xae</size>
            </available_space>
         </usage_details>
      </memory_area>
      <memory_area display="no" color="green">
         <name>FLASH_REGS</name>
         <page_id>0x1</page_id>
         <origin>0xa80</origin>
         <length>0x60</length>
         <used_space>0x8</used_space>
         <unused_space>0x58</unused_space>
         <attributes>RWIX</attributes>
         <usage_details>
            <allocated_space>
               <start_address>0xa80</start_address>
               <size>0x8</size>
               <logical_group_ref idref="lg-4"/>
            </allocated_space>
            <available_space>
               <start_address>0xa88</start_address>
               <size>0x58</size>
            </available_space>
         </usage_details>
      </memory_area>
      <memory_area display="no" color="green">
         <name>CSM</name>
         <page_id>0x1</page_id>
         <origin>0xae0</origin>
         <length>0x10</length>
         <used_space>0x10</used_space>
         <unused_space>0x0</unused_space>
         <attributes>RWIX</attributes>
         <usage_details>
            <allocated_space>
               <start_address>0xae0</start_address>
               <size>0x10</size>
               <logical_group_ref idref="lg-5"/>
            </allocated_space>
         </usage_details>
      </memory_area>
      <memory_area display="no" color="green">
         <name>XINTF</name>
         <page_id>0x1</page_id>
         <origin>0xb20</origin>
         <length>0x20</length>
         <used_space>0x20</used_space>
         <unused_space>0x0</unused_space>
         <attributes>RWIX</attributes>
         <usage_details>
            <allocated_space>
               <start_address>0xb20</start_address>
               <size>0x20</size>
               <logical_group_ref idref="lg-6"/>
            </allocated_space>
         </usage_details>
      </memory_area>
      <memory_area display="no" color="green">
         <name>CPU_TIMER0</name>
         <page_id>0x1</page_id>
         <origin>0xc00</origin>
         <length>0x8</length>
         <used_space>0x8</used_space>
         <unused_space>0x0</unused_space>
         <attributes>RWIX</attributes>
         <usage_details>
            <allocated_space>
               <start_address>0xc00</start_address>
               <size>0x8</size>
               <logical_group_ref idref="lg-7"/>
            </allocated_space>
         </usage_details>
      </memory_area>
      <memory_area display="no" color="green">
         <name>PIE_CTRL</name>
         <page_id>0x1</page_id>
         <origin>0xce0</origin>
         <length>0x20</length>
         <used_space>0x1a</used_space>
         <unused_space>0x6</unused_space>
         <attributes>RWIX</attributes>
         <usage_details>
            <allocated_space>
               <start_address>0xce0</start_address>
               <size>0x1a</size>
               <logical_group_ref idref="lg-8"/>
            </allocated_space>
            <available_space>
               <start_address>0xcfa</start_address>
               <size>0x6</size>
            </available_space>
         </usage_details>
      </memory_area>
      <memory_area display="yes" color="green">
         <name>PIE_VECT</name>
         <page_id>0x1</page_id>
         <origin>0xd00</origin>
         <length>0x100</length>
         <used_space>0x100</used_space>
         <unused_space>0x0</unused_space>
         <attributes>RWIX</attributes>
         <usage_details>
            <allocated_space>
               <start_address>0xd00</start_address>
               <size>0x100</size>
               <logical_group_ref idref="lg-2"/>
            </allocated_space>
         </usage_details>
      </memory_area>
      <memory_area display="no" color="green">
         <name>ECANA</name>
         <page_id>0x1</page_id>
         <origin>0x6000</origin>
         <length>0x40</length>
         <used_space>0x34</used_space>
         <unused_space>0xc</unused_space>
         <attributes>RWIX</attributes>
         <usage_details>
            <allocated_space>
               <start_address>0x6000</start_address>
               <size>0x34</size>
               <logical_group_ref idref="lg-14"/>
            </allocated_space>
            <available_space>
               <start_address>0x6034</start_address>
               <size>0xc</size>
            </available_space>
         </usage_details>
      </memory_area>
      <memory_area display="no" color="green">
         <name>ECANA_LAM</name>
         <page_id>0x1</page_id>
         <origin>0x6040</origin>
         <length>0x40</length>
         <used_space>0x40</used_space>
         <unused_space>0x0</unused_space>
         <attributes>RWIX</attributes>
         <usage_details>
            <allocated_space>
               <start_address>0x6040</start_address>
               <size>0x40</size>
               <logical_group_ref idref="lg-15"/>
            </allocated_space>
         </usage_details>
      </memory_area>
      <memory_area display="no" color="green">
         <name>ECANA_MOTS</name>
         <page_id>0x1</page_id>
         <origin>0x6080</origin>
         <length>0x40</length>
         <used_space>0x40</used_space>
         <unused_space>0x0</unused_space>
         <attributes>RWIX</attributes>
         <usage_details>
            <allocated_space>
               <start_address>0x6080</start_address>
               <size>0x40</size>
               <logical_group_ref idref="lg-17"/>
            </allocated_space>
         </usage_details>
      </memory_area>
      <memory_area display="no" color="green">
         <name>ECANA_MOTO</name>
         <page_id>0x1</page_id>
         <origin>0x60c0</origin>
         <length>0x40</length>
         <used_space>0x40</used_space>
         <unused_space>0x0</unused_space>
         <attributes>RWIX</attributes>
         <usage_details>
            <allocated_space>
               <start_address>0x60c0</start_address>
               <size>0x40</size>
               <logical_group_ref idref="lg-18"/>
            </allocated_space>
         </usage_details>
      </memory_area>
      <memory_area display="yes" color="green">
         <name>ECANA_MBOX</name>
         <page_id>0x1</page_id>
         <origin>0x6100</origin>
         <length>0x100</length>
         <used_space>0x100</used_space>
         <unused_space>0x0</unused_space>
         <attributes>RWIX</attributes>
         <usage_details>
            <allocated_space>
               <start_address>0x6100</start_address>
               <size>0x100</size>
               <logical_group_ref idref="lg-16"/>
            </allocated_space>
         </usage_details>
      </memory_area>
      <memory_area display="no" color="green">
         <name>SYSTEM</name>
         <page_id>0x1</page_id>
         <origin>0x7010</origin>
         <length>0x20</length>
         <used_space>0x20</used_space>
         <unused_space>0x0</unused_space>
         <attributes>RWIX</attributes>
         <usage_details>
            <allocated_space>
               <start_address>0x7010</start_address>
               <size>0x20</size>
               <logical_group_ref idref="lg-9"/>
            </allocated_space>
         </usage_details>
      </memory_area>
      <memory_area display="no" color="green">
         <name>SPIA</name>
         <page_id>0x1</page_id>
         <origin>0x7040</origin>
         <length>0x10</length>
         <used_space>0x10</used_space>
         <unused_space>0x0</unused_space>
         <attributes>RWIX</attributes>
         <usage_details>
            <allocated_space>
               <start_address>0x7040</start_address>
               <size>0x10</size>
               <logical_group_ref idref="lg-a"/>
            </allocated_space>
         </usage_details>
      </memory_area>
      <memory_area display="no" color="green">
         <name>SCIA</name>
         <page_id>0x1</page_id>
         <origin>0x7050</origin>
         <length>0x10</length>
         <used_space>0x10</used_space>
         <unused_space>0x0</unused_space>
         <attributes>RWIX</attributes>
         <usage_details>
            <allocated_space>
               <start_address>0x7050</start_address>
               <size>0x10</size>
               <logical_group_ref idref="lg-b"/>
            </allocated_space>
         </usage_details>
      </memory_area>
      <memory_area display="no" color="green">
         <name>XINTRUPT</name>
         <page_id>0x1</page_id>
         <origin>0x7070</origin>
         <length>0x10</length>
         <used_space>0x10</used_space>
         <unused_space>0x0</unused_space>
         <attributes>RWIX</attributes>
         <usage_details>
            <allocated_space>
               <start_address>0x7070</start_address>
               <size>0x10</size>
               <logical_group_ref idref="lg-c"/>
            </allocated_space>
         </usage_details>
      </memory_area>
      <memory_area display="no" color="green">
         <name>GPIOMUX</name>
         <page_id>0x1</page_id>
         <origin>0x70c0</origin>
         <length>0x20</length>
         <used_space>0x20</used_space>
         <unused_space>0x0</unused_space>
         <attributes>RWIX</attributes>
         <usage_details>
            <allocated_space>
               <start_address>0x70c0</start_address>
               <size>0x20</size>
               <logical_group_ref idref="lg-d"/>
            </allocated_space>
         </usage_details>
      </memory_area>
      <memory_area display="no" color="green">
         <name>GPIODAT</name>
         <page_id>0x1</page_id>
         <origin>0x70e0</origin>
         <length>0x20</length>
         <used_space>0x20</used_space>
         <unused_space>0x0</unused_space>
         <attributes>RWIX</attributes>
         <usage_details>
            <allocated_space>
               <start_address>0x70e0</start_address>
               <size>0x20</size>
               <logical_group_ref idref="lg-e"/>
            </allocated_space>
         </usage_details>
      </memory_area>
      <memory_area display="no" color="green">
         <name>ADC</name>
         <page_id>0x1</page_id>
         <origin>0x7100</origin>
         <length>0x20</length>
         <used_space>0x1a</used_space>
         <unused_space>0x6</unused_space>
         <attributes>RWIX</attributes>
         <usage_details>
            <allocated_space>
               <start_address>0x7100</start_address>
               <size>0x1a</size>
               <logical_group_ref idref="lg-f"/>
            </allocated_space>
            <available_space>
               <start_address>0x711a</start_address>
               <size>0x6</size>
            </available_space>
         </usage_details>
      </memory_area>
      <memory_area display="no" color="green">
         <name>EVA</name>
         <page_id>0x1</page_id>
         <origin>0x7400</origin>
         <length>0x40</length>
         <used_space>0x32</used_space>
         <unused_space>0xe</unused_space>
         <attributes>RWIX</attributes>
         <usage_details>
            <allocated_space>
               <start_address>0x7400</start_address>
               <size>0x32</size>
               <logical_group_ref idref="lg-10"/>
            </allocated_space>
            <available_space>
               <start_address>0x7432</start_address>
               <size>0xe</size>
            </available_space>
         </usage_details>
      </memory_area>
      <memory_area display="no" color="green">
         <name>EVB</name>
         <page_id>0x1</page_id>
         <origin>0x7500</origin>
         <length>0x40</length>
         <used_space>0x32</used_space>
         <unused_space>0xe</unused_space>
         <attributes>RWIX</attributes>
         <usage_details>
            <allocated_space>
               <start_address>0x7500</start_address>
               <size>0x32</size>
               <logical_group_ref idref="lg-11"/>
            </allocated_space>
            <available_space>
               <start_address>0x7532</start_address>
               <size>0xe</size>
            </available_space>
         </usage_details>
      </memory_area>
      <memory_area display="no" color="green">
         <name>SCIB</name>
         <page_id>0x1</page_id>
         <origin>0x7750</origin>
         <length>0x10</length>
         <used_space>0x10</used_space>
         <unused_space>0x0</unused_space>
         <attributes>RWIX</attributes>
         <usage_details>
            <allocated_space>
               <start_address>0x7750</start_address>
               <size>0x10</size>
               <logical_group_ref idref="lg-12"/>
            </allocated_space>
         </usage_details>
      </memory_area>
      <memory_area display="no" color="green">
         <name>MCBSPA</name>
         <page_id>0x1</page_id>
         <origin>0x7800</origin>
         <length>0x40</length>
         <used_space>0x25</used_space>
         <unused_space>0x1b</unused_space>
         <attributes>RWIX</attributes>
         <usage_details>
            <allocated_space>
               <start_address>0x7800</start_address>
               <size>0x25</size>
               <logical_group_ref idref="lg-13"/>
            </allocated_space>
            <available_space>
               <start_address>0x7825</start_address>
               <size>0x1b</size>
            </available_space>
         </usage_details>
      </memory_area>
      <memory_area display="no" color="green">
         <name>CSM_PWL</name>
         <page_id>0x1</page_id>
         <origin>0x3f7ff8</origin>
         <length>0x8</length>
         <used_space>0x8</used_space>
         <unused_space>0x0</unused_space>
         <attributes>RWIX</attributes>
         <usage_details>
            <allocated_space>
               <start_address>0x3f7ff8</start_address>
               <size>0x8</size>
               <logical_group_ref idref="lg-19"/>
            </allocated_space>
         </usage_details>
      </memory_area>
      <memory_area display="yes" color="green">
         <name>DRAMH0</name>
         <page_id>0x1</page_id>
         <origin>0x3f9000</origin>
         <length>0x1000</length>
         <used_space>0x144</used_space>
         <unused_space>0xebc</unused_space>
         <attributes>RWIX</attributes>
         <usage_details>
            <allocated_space>
               <start_address>0x3f9000</start_address>
               <size>0x100</size>
               <logical_group_ref idref="lg-23"/>
            </allocated_space>
            <allocated_space>
               <start_address>0x3f9100</start_address>
               <size>0x44</size>
               <logical_group_ref idref="lg-22"/>
            </allocated_space>
            <available_space>
               <start_address>0x3f9144</start_address>
               <size>0xebc</size>
            </available_space>
         </usage_details>
      </memory_area>
   </placement_map>
   <symbol_table>
      <symbol id="sm-0">
         <name>cinit</name>
         <value>0x3f87ab</value>
      </symbol>
      <symbol id="sm-1">
         <name>___cinit__</name>
         <value>0x3f87ab</value>
      </symbol>
      <symbol id="sm-2">
         <name>pinit</name>
         <value>0xffffffff</value>
      </symbol>
      <symbol id="sm-3">
         <name>___pinit__</name>
         <value>0xffffffff</value>
      </symbol>
      <symbol id="sm-4">
         <name>binit</name>
         <value>0xffffffff</value>
      </symbol>
      <symbol id="sm-5">
         <name>___binit__</name>
         <value>0xffffffff</value>
      </symbol>
      <symbol id="sm-6">
         <name>__STACK_SIZE</name>
         <value>0x400</value>
      </symbol>
      <symbol id="sm-7">
         <name>__STACK_END</name>
         <value>0x800</value>
      </symbol>
      <symbol id="sm-8">
         <name>___c_args__</name>
         <value>0xffffffff</value>
      </symbol>
      <symbol id="sm-9">
         <name>.text</name>
         <value>0x3f8002</value>
      </symbol>
      <symbol id="sm-a">
         <name>___text__</name>
         <value>0x3f8002</value>
      </symbol>
      <symbol id="sm-b">
         <name>etext</name>
         <value>0x3f87ab</value>
      </symbol>
      <symbol id="sm-c">
         <name>___etext__</name>
         <value>0x3f87ab</value>
      </symbol>
      <symbol id="sm-d">
         <name>___TI_pprof_out_hndl</name>
         <value>0xffffffff</value>
      </symbol>
      <symbol id="sm-e">
[...]
      </symbol>
      <symbol id="sm-139">
         <name>_T2CINT_ISR</name>
         <value>0x3f8458</value>
         <object_component_ref idref="oc-36"/>
      </symbol>
      <symbol id="sm-13a">
         <name>_CMP3INT_ISR</name>
         <value>0x3f843a</value>
         <object_component_ref idref="oc-36"/>
      </symbol>
      <symbol id="sm-13b">
         <name>_DATALOG_ISR</name>
         <value>0x3f83b8</value>
         <object_component_ref idref="oc-36"/>
      </symbol>
      <symbol id="sm-13c">
         <name>_SPITXINTA_ISR</name>
         <value>0x3f84c1</value>
         <object_component_ref idref="oc-36"/>
      </symbol>
      <symbol id="sm-13d">
         <name>_SPIRXINTA_ISR</name>
         <value>0x3f84bc</value>
         <object_component_ref idref="oc-36"/>
      </symbol>
      <symbol id="sm-13e">
         <name>_INT13_ISR</name>
         <value>0x3f83ae</value>
         <object_component_ref idref="oc-36"/>
      </symbol>
      <symbol id="sm-13f">
         <name>_CAPINT3_ISR</name>
         <value>0x3f8471</value>
         <object_component_ref idref="oc-36"/>
      </symbol>
      <symbol id="sm-140">
         <name>_MXINTA_ISR</name>
         <value>0x3f84cb</value>
         <object_component_ref idref="oc-36"/>
      </symbol>
      <symbol id="sm-141">
         <name>_T1UFINT_ISR</name>
         <value>0x3f8449</value>
         <object_component_ref idref="oc-36"/>
      </symbol>
      <symbol id="sm-142">
         <name>_T3UFINT_ISR</name>
         <value>0x3f848f</value>
         <object_component_ref idref="oc-36"/>
      </symbol>
      <symbol id="sm-143">
         <name>_USER5_ISR</name>
         <value>0x3f83e5</value>
         <object_component_ref idref="oc-36"/>
      </symbol>
      <symbol id="sm-144">
         <name>_EMPTY_ISR</name>
         <value>0x3f84ee</value>
         <object_component_ref idref="oc-36"/>
      </symbol>
      <symbol id="sm-145">
         <name>_ECAN0INTA_ISR</name>
         <value>0x3f84e4</value>
         <object_component_ref idref="oc-36"/>
      </symbol>
      <symbol id="sm-146">
         <name>_EMUINT_ISR</name>
         <value>0x3f83c2</value>
         <object_component_ref idref="oc-36"/>
      </symbol>
      <symbol id="sm-147">
         <name>_PDPINTB_ISR</name>
         <value>0x3f8412</value>
         <object_component_ref idref="oc-36"/>
      </symbol>
      <symbol id="sm-148">
         <name>_CMP5INT_ISR</name>
         <value>0x3f847b</value>
         <object_component_ref idref="oc-36"/>
      </symbol>
      <symbol id="sm-149">
         <name>_CAPINT2_ISR</name>
         <value>0x3f846c</value>
         <object_component_ref idref="oc-36"/>
      </symbol>
      <symbol id="sm-14a">
         <name>_CMP2INT_ISR</name>
         <value>0x3f8435</value>
         <object_component_ref idref="oc-36"/>
      </symbol>
      <symbol id="sm-14b">
         <name>_USER11_ISR</name>
         <value>0x3f8403</value>
         <object_component_ref idref="oc-36"/>
      </symbol>
      <symbol id="sm-14c">
         <name>_USER4_ISR</name>
         <value>0x3f83e0</value>
         <object_component_ref idref="oc-36"/>
      </symbol>
      <symbol id="sm-14d">
         <name>_TINT0_ISR</name>
         <value>0x3f8426</value>
         <object_component_ref idref="oc-36"/>
      </symbol>
      <symbol id="sm-14e">
         <name>_WAKEINT_ISR</name>
         <value>0x3f842b</value>
         <object_component_ref idref="oc-36"/>
      </symbol>
      <symbol id="sm-14f">
         <name>_T2UFINT_ISR</name>
         <value>0x3f845d</value>
         <object_component_ref idref="oc-36"/>
      </symbol>
      <symbol id="sm-150">
         <name>_T4UFINT_ISR</name>
         <value>0x3f84a3</value>
         <object_component_ref idref="oc-36"/>
      </symbol>
      <symbol id="sm-151">
         <name>_USER10_ISR</name>
         <value>0x3f83fe</value>
         <object_component_ref idref="oc-36"/>
      </symbol>
      <symbol id="sm-152">
         <name>_T1OFINT_ISR</name>
         <value>0x3f844e</value>
         <object_component_ref idref="oc-36"/>
      </symbol>
      <symbol id="sm-153">
         <name>_T3OFINT_ISR</name>
         <value>0x3f8494</value>
         <object_component_ref idref="oc-36"/>
      </symbol>
      <symbol id="sm-154">
         <name>_USER7_ISR</name>
         <value>0x3f83ef</value>
         <object_component_ref idref="oc-36"/>
      </symbol>
      <symbol id="sm-155">
         <name>_XINT1_ISR</name>
         <value>0x3f8417</value>
         <object_component_ref idref="oc-36"/>
      </symbol>
      <symbol id="sm-156">
         <name>_INT14_ISR</name>
         <value>0x3f83b3</value>
         <object_component_ref idref="oc-36"/>
      </symbol>
      <symbol id="sm-157">
         <name>_T2PINT_ISR</name>
         <value>0x3f8453</value>
         <object_component_ref idref="oc-36"/>
      </symbol>
      <symbol id="sm-158">
         <name>_CMP4INT_ISR</name>
         <value>0x3f8476</value>
         <object_component_ref idref="oc-36"/>
      </symbol>
      <symbol id="sm-159">
         <name>_CMP1INT_ISR</name>
         <value>0x3f8430</value>
         <object_component_ref idref="oc-36"/>
      </symbol>
      <symbol id="sm-15a">
         <name>_T4CINT_ISR</name>
         <value>0x3f849e</value>
         <object_component_ref idref="oc-36"/>
      </symbol>
      <symbol id="sm-15b">
         <name>_USER6_ISR</name>
         <value>0x3f83ea</value>
         <object_component_ref idref="oc-36"/>
      </symbol>
      <symbol id="sm-15c">
         <name>_T3CINT_ISR</name>
         <value>0x3f848a</value>
         <object_component_ref idref="oc-36"/>
      </symbol>
      <symbol id="sm-15d">
         <name>_CAPINT5_ISR</name>
         <value>0x3f84b2</value>
         <object_component_ref idref="oc-36"/>
      </symbol>
      <symbol id="sm-15e">
         <name>_MRINTA_ISR</name>
         <value>0x3f84c6</value>
         <object_component_ref idref="oc-36"/>
      </symbol>
      <symbol id="sm-15f">
         <name>_T2OFINT_ISR</name>
         <value>0x3f8462</value>
         <object_component_ref idref="oc-36"/>
      </symbol>
      <symbol id="sm-160">
         <name>_T4OFINT_ISR</name>
         <value>0x3f84a8</value>
         <object_component_ref idref="oc-36"/>
      </symbol>
      <symbol id="sm-161">
         <name>_USER12_ISR</name>
         <value>0x3f8408</value>
         <object_component_ref idref="oc-36"/>
      </symbol>
      <symbol id="sm-162">
         <name>_ADCINT_ISR</name>
         <value>0x3f8421</value>
         <object_component_ref idref="oc-36"/>
      </symbol>
      <symbol id="sm-163">
         <name>_USER1_ISR</name>
         <value>0x3f83d1</value>
         <object_component_ref idref="oc-36"/>
      </symbol>
      <symbol id="sm-164">
         <name>_NMI_ISR</name>
         <value>0x3f83c7</value>
         <object_component_ref idref="oc-36"/>
      </symbol>
      <symbol id="sm-165">
         <name>_SCITXINTB_ISR</name>
         <value>0x3f84df</value>
         <object_component_ref idref="oc-36"/>
      </symbol>
      <symbol id="sm-166">
         <name>_SCIRXINTB_ISR</name>
         <value>0x3f84da</value>
         <object_component_ref idref="oc-36"/>
      </symbol>
      <symbol id="sm-167">
         <name>_T1CINT_ISR</name>
         <value>0x3f8444</value>
         <object_component_ref idref="oc-36"/>
      </symbol>
      <symbol id="sm-168">
         <name>_CAPINT4_ISR</name>
         <value>0x3f84ad</value>
         <object_component_ref idref="oc-36"/>
      </symbol>
      <symbol id="sm-169">
         <name>_ECAN1INTA_ISR</name>
         <value>0x3f84e9</value>
         <object_component_ref idref="oc-36"/>
      </symbol>
      <symbol id="sm-16a">
         <name>_PIE_RESERVED</name>
         <value>0x3f84f3</value>
         <object_component_ref idref="oc-36"/>
      </symbol>
      <symbol id="sm-16b">
         <name>_XINT2_ISR</name>
         <value>0x3f841c</value>
         <object_component_ref idref="oc-36"/>
      </symbol>
      <symbol id="sm-16c">
         <name>_RTOSINT_ISR</name>
         <value>0x3f83bd</value>
         <object_component_ref idref="oc-36"/>
      </symbol>
      <symbol id="sm-16d">
         <name>_USER9_ISR</name>
         <value>0x3f83f9</value>
         <object_component_ref idref="oc-36"/>
      </symbol>
      <symbol id="sm-16e">
         <name>_USER3_ISR</name>
         <value>0x3f83db</value>
         <object_component_ref idref="oc-36"/>
      </symbol>
      <symbol id="sm-16f">
         <name>_CAPINT6_ISR</name>
         <value>0x3f84b7</value>
         <object_component_ref idref="oc-36"/>
      </symbol>
      <symbol id="sm-170">
         <name>_T4PINT_ISR</name>
         <value>0x3f8499</value>
         <object_component_ref idref="oc-36"/>
      </symbol>
      <symbol id="sm-171">
         <name>_T3PINT_ISR</name>
         <value>0x3f8485</value>
         <object_component_ref idref="oc-36"/>
      </symbol>
      <symbol id="sm-172">
         <name>_USER8_ISR</name>
         <value>0x3f83f4</value>
         <object_component_ref idref="oc-36"/>
      </symbol>
      <symbol id="sm-173">
         <name>_USER2_ISR</name>
         <value>0x3f83d6</value>
         <object_component_ref idref="oc-36"/>
      </symbol>
      <symbol id="sm-174">
         <name>_SCITXINTA_ISR</name>
         <value>0x3f84d5</value>
         <object_component_ref idref="oc-36"/>
      </symbol>
      <symbol id="sm-175">
         <name>_SCIRXINTA_ISR</name>
         <value>0x3f84d0</value>
         <object_component_ref idref="oc-36"/>
      </symbol>
      <symbol id="sm-176">
         <name>_PDPINTA_ISR</name>
         <value>0x3f840d</value>
         <object_component_ref idref="oc-36"/>
      </symbol>
      <symbol id="sm-177">
         <name>_rsvd_ISR</name>
         <value>0x3f84f8</value>
         <object_component_ref idref="oc-36"/>
      </symbol>
      <symbol id="sm-178">
         <name>_CAPINT1_ISR</name>
         <value>0x3f8467</value>
         <object_component_ref idref="oc-36"/>
      </symbol>
      <symbol id="sm-1ae">
         <name>_PieVectTable</name>
         <value>0xd00</value>
         <object_component_ref idref="oc-52"/>
      </symbol>
      <symbol id="sm-1af">
         <name>_CsmRegs</name>
         <value>0xae0</value>
         <object_component_ref idref="oc-41"/>
      </symbol>
      <symbol id="sm-1b0">
         <name>_ECanaLAMRegs</name>
         <value>0x6040</value>
         <object_component_ref idref="oc-4e"/>
      </symbol>
      <symbol id="sm-1b1">
         <name>_EvaRegs</name>
         <value>0x7400</value>
         <object_component_ref idref="oc-4c"/>
      </symbol>
      <symbol id="sm-1b2">
         <name>_GpioMuxRegs</name>
         <value>0x70c0</value>
         <object_component_ref idref="oc-48"/>
      </symbol>
      <symbol id="sm-1b3">
         <name>_EvbRegs</name>
         <value>0x7500</value>
         <object_component_ref idref="oc-4b"/>
      </symbol>
      <symbol id="sm-1b4">
         <name>_SysCtrlRegs</name>
         <value>0x7010</value>
         <object_component_ref idref="oc-46"/>
      </symbol>
      <symbol id="sm-1b5">
         <name>_SpiaRegs</name>
         <value>0x7040</value>
         <object_component_ref idref="oc-42"/>
      </symbol>
      <symbol id="sm-1b6">
         <name>_ECanaMOTSRegs</name>
         <value>0x6080</value>
         <object_component_ref idref="oc-4f"/>
      </symbol>
      <symbol id="sm-1b7">
         <name>_FlashRegs</name>
         <value>0xa80</value>
         <object_component_ref idref="oc-3c"/>
      </symbol>
      <symbol id="sm-1b8">
         <name>_CpuTimer0Regs</name>
         <value>0xc00</value>
         <object_component_ref idref="oc-3e"/>
      </symbol>
      <symbol id="sm-1b9">
         <name>_DevEmuRegs</name>
         <value>0x880</value>
         <object_component_ref idref="oc-51"/>
      </symbol>
      <symbol id="sm-1ba">
         <name>_SciaRegs</name>
         <value>0x7050</value>
         <object_component_ref idref="oc-40"/>
      </symbol>
      <symbol id="sm-1bb">
         <name>_GpioDataRegs</name>
         <value>0x70e0</value>
         <object_component_ref idref="oc-49"/>
      </symbol>
      <symbol id="sm-1bc">
         <name>_CsmPwl</name>
         <value>0x3f7ff8</value>
         <object_component_ref idref="oc-3d"/>
      </symbol>
      <symbol id="sm-1bd">
         <name>_AdcRegs</name>
         <value>0x7100</value>
         <object_component_ref idref="oc-45"/>
      </symbol>
      <symbol id="sm-1be">
         <name>_XIntruptRegs</name>
         <value>0x7070</value>
         <object_component_ref idref="oc-43"/>
      </symbol>
      <symbol id="sm-1bf">
         <name>_PieCtrlRegs</name>
         <value>0xce0</value>
         <object_component_ref idref="oc-44"/>
      </symbol>
      <symbol id="sm-1c0">
         <name>_ECanaRegs</name>
         <value>0x6000</value>
         <object_component_ref idref="oc-4d"/>
      </symbol>
      <symbol id="sm-1c1">
         <name>_XintfRegs</name>
         <value>0xb20</value>
         <object_component_ref idref="oc-47"/>
      </symbol>
      <symbol id="sm-1c2">
         <name>_McbspaRegs</name>
         <value>0x7800</value>
         <object_component_ref idref="oc-4a"/>
      </symbol>
      <symbol id="sm-1c3">
         <name>_ScibRegs</name>
         <value>0x7750</value>
         <object_component_ref idref="oc-3f"/>
      </symbol>
      <symbol id="sm-1c4">
         <name>_ECanaMboxes</name>
         <value>0x6100</value>
         <object_component_ref idref="oc-53"/>
      </symbol>
      <symbol id="sm-1c5">
         <name>_ECanaMOTORegs</name>
         <value>0x60c0</value>
         <object_component_ref idref="oc-50"/>
      </symbol>
      <symbol id="sm-1d1">
         <name>_InitPieCtrl</name>
         <value>0x3f86f2</value>
         <object_component_ref idref="oc-ad"/>
      </symbol>
      <symbol id="sm-1d2">
         <name>_EnableInterrupts</name>
         <value>0x3f8711</value>
         <object_component_ref idref="oc-ad"/>
      </symbol>
      <symbol id="sm-1e2">
         <name>_PieVectTableInit</name>
         <value>0x3f9000</value>
         <object_component_ref idref="oc-b2"/>
      </symbol>
      <symbol id="sm-1e3">
         <name>_InitPieVectTable</name>
         <value>0x3f873e</value>
         <object_component_ref idref="oc-ae"/>
      </symbol>
      <symbol id="sm-1f1">
         <name>_InitPll</name>
         <value>0x3f85c4</value>
         <object_component_ref idref="oc-ac"/>
      </symbol>
      <symbol id="sm-1f2">
         <name>_DisableDog</name>
         <value>0x3f85bc</value>
         <object_component_ref idref="oc-ac"/>
      </symbol>
      <symbol id="sm-1f3">
         <name>_InitPeripheralClocks</name>
         <value>0x3f85d8</value>
         <object_component_ref idref="oc-ac"/>
      </symbol>
      <symbol id="sm-1f4">
         <name>_KickDog</name>
         <value>0x3f85b2</value>
         <object_component_ref idref="oc-ac"/>
      </symbol>
      <symbol id="sm-1f5">
         <name>_InitSysCtrl</name>
         <value>0x3f85ab</value>
         <object_component_ref idref="oc-ac"/>
      </symbol>
      <symbol id="sm-210">
         <name>_c_int00</name>
         <value>0x3f8557</value>
         <object_component_ref idref="oc-26"/>
      </symbol>
      <symbol id="sm-211">
         <name>__stack</name>
         <value>0x400</value>
         <object_component_ref idref="oc-64"/>
      </symbol>
      <symbol id="sm-220">
         <name>_copy_in</name>
         <value>0x3f871a</value>
         <object_component_ref idref="oc-a4"/>
      </symbol>
      <symbol id="sm-234">
         <name>C$$EXIT</name>
         <value>0x3f86a0</value>
         <object_component_ref idref="oc-a7"/>
      </symbol>
      <symbol id="sm-235">
         <name>_exit</name>
         <value>0x3f86a2</value>
         <object_component_ref idref="oc-a7"/>
      </symbol>
      <symbol id="sm-236">
         <name>___TI_cleanup_ptr</name>
         <value>0x3f913c</value>
         <object_component_ref idref="oc-71"/>
      </symbol>
      <symbol id="sm-237">
         <name>___TI_enable_exit_profile_output</name>
         <value>0x3f913a</value>
         <object_component_ref idref="oc-71"/>
      </symbol>
      <symbol id="sm-238">
         <name>_abort</name>
         <value>0x3f86a0</value>
         <object_component_ref idref="oc-a7"/>
      </symbol>
      <symbol id="sm-239">
         <name>___TI_dtors_ptr</name>
         <value>0x3f913e</value>
         <object_component_ref idref="oc-71"/>
      </symbol>
      <symbol id="sm-24a">
         <name>FS$$MPY</name>
         <value>0x3f84fd</value>
         <object_component_ref idref="oc-76"/>
      </symbol>
      <symbol id="sm-25d">
         <name>FS$$TOL</name>
         <value>0x3f86c9</value>
         <object_component_ref idref="oc-7b"/>
      </symbol>
      <symbol id="sm-269">
         <name>UL$$MOD</name>
         <value>0x3f869a</value>
         <object_component_ref idref="oc-80"/>
      </symbol>
      <symbol id="sm-26a">
         <name>L$$MOD</name>
         <value>0x3f8685</value>
         <object_component_ref idref="oc-80"/>
      </symbol>
      <symbol id="sm-26b">
         <name>L$$DIV</name>
         <value>0x3f8676</value>
         <object_component_ref idref="oc-80"/>
      </symbol>
      <symbol id="sm-26c">
         <name>UL$$DIV</name>
         <value>0x3f8693</value>
         <object_component_ref idref="oc-80"/>
      </symbol>
      <symbol id="sm-27d">
         <name>_memcpy</name>
         <value>0x3f875e</value>
         <object_component_ref idref="oc-a8"/>
      </symbol>
      <symbol id="sm-289">
         <name>__system_pre_init</name>
         <value>0x3f87a8</value>
         <object_component_ref idref="oc-a3"/>
      </symbol>
      <symbol id="sm-295">
         <name>__system_post_cinit</name>
         <value>0x3f87aa</value>
         <object_component_ref idref="oc-a5"/>
      </symbol>
      <symbol id="sm-2a1">
         <name>U$$MOD</name>
         <value>0x3f8799</value>
         <object_component_ref idref="oc-94"/>
      </symbol>
      <symbol id="sm-2a2">
         <name>U$$DIV</name>
         <value>0x3f8794</value>
         <object_component_ref idref="oc-94"/>
      </symbol>
      <symbol id="sm-2b6">
         <name>__unlock</name>
         <value>0x3f9142</value>
         <object_component_ref idref="oc-b3"/>
      </symbol>
      <symbol id="sm-2b7">
         <name>__lock</name>
         <value>0x3f9140</value>
         <object_component_ref idref="oc-aa"/>
      </symbol>
      <symbol id="sm-2b8">
         <name>__register_lock</name>
         <value>0x3f87a3</value>
         <object_component_ref idref="oc-b0"/>
      </symbol>
      <symbol id="sm-2b9">
         <name>__nop</name>
         <value>0x3f87a7</value>
         <object_component_ref idref="oc-b0"/>
      </symbol>
      <symbol id="sm-2ba">
         <name>__register_unlock</name>
         <value>0x3f879f</value>
         <object_component_ref idref="oc-b0"/>
      </symbol>
      <symbol id="sm-2c9">
         <name>__args_main</name>
         <value>0x3f877b</value>
         <object_component_ref idref="oc-a6"/>
      </symbol>
   </symbol_table>
   <title>Link successful</title>
</link_info>
