******************************************************************************
        TMS320C2000 COFF Linker PC v4.1.0                      
******************************************************************************
>> Linked Tue Aug 05 21:51:57 2008

OUTPUT FILE NAME:   <./Debug/CpuTimer0.out>
ENTRY POINT SYMBOL: "_c_int00"  address: 003f82ae


MEMORY CONFIGURATION

                  name            origin    length      used    attr    fill
         ----------------------  --------  ---------  --------  ----  --------
PAGE  0: PRAMH0                  003f8000   00001000  000003ef  RWIX
         RESET                   003fffc0   00000002  00000000  RWIX

PAGE  1: RAMM0                   00000000   00000040  00000000  RWIX
         RAMM1                   00000400   00000400  0000015e  RWIX
         DEV_EMU                 00000880   00000180  000000d2  RWIX
         FLASH_REGS              00000a80   00000060  00000008  RWIX
         CSM                     00000ae0   00000010  00000010  RWIX
         XINTF                   00000b20   00000020  00000020  RWIX
         CPU_TIMER0              00000c00   00000008  00000008  RWIX
         PIE_CTRL                00000ce0   00000020  0000001a  RWIX
         PIE_VECT                00000d00   00000100  00000100  RWIX
         ECANA                   00006000   00000040  00000034  RWIX
         ECANA_LAM               00006040   00000040  00000040  RWIX
         ECANA_MOTS              00006080   00000040  00000040  RWIX
         ECANA_MOTO              000060c0   00000040  00000040  RWIX
         ECANA_MBOX              00006100   00000100  00000100  RWIX
         SYSTEM                  00007010   00000020  00000020  RWIX
         SPIA                    00007040   00000010  00000010  RWIX
         SCIA                    00007050   00000010  00000010  RWIX
         XINTRUPT                00007070   00000010  00000010  RWIX
         GPIOMUX                 000070c0   00000020  00000020  RWIX
         GPIODAT                 000070e0   00000020  00000020  RWIX
         ADC                     00007100   00000020  0000001a  RWIX
         EVA                     00007400   00000040  00000032  RWIX
         EVB                     00007500   00000040  00000032  RWIX
         SCIB                    00007750   00000010  00000010  RWIX
         MCBSPA                  00007800   00000040  00000025  RWIX
         RAMM0_1                 00100000   00003000  0000008d  RWIX
         CSM_PWL                 003f7ff8   00000008  00000008  RWIX
         DRAMH0                  003f9000   00001000  00000100  RWIX


SECTION ALLOCATION MAP

 output                                  attributes/
section   page    origin      length       input sections
--------  ----  ----------  ----------   ----------------
ramfuncs   0    003f8000    00000017     DSECT
                  003f8000    00000017     DSP281x_SysCtrl.obj (ramfuncs)

.text      0    003f8000    000003d4     
                  003f8000    0000006a     CpuTimer0.obj (.text)
                  003f806a    00000008     DSP281x_CodeStartBranch.obj (.text)
                  003f8072    0000004b     DSP281x_CpuTimers.obj (.text)
                  003f80bd    0000014f     DSP281x_DefaultIsr.obj (.text)
                  003f820c    00000009     DSP281x_GpioF.obj (.text)
                  003f8215    00000028     DSP281x_PieCtrl.obj (.text)
                  003f823d    00000020     DSP281x_PieVect.obj (.text)
                  003f825d    00000051     DSP281x_SysCtrl.obj (.text)
                  003f82ae    00000046     rts2800_ml.lib : boot.obj (.text)
                  003f82f4    0000004b                    : exit.obj (.text)
                  003f833f    0000005a                    : fs_mpy.obj (.text)
                  003f8399    00000032                    : fs_toul.obj (.text)
                  003f83cb    00000009                    : _lock.obj (.text)

.cinit     0    003f83d4    00000019     
                  003f83d4    0000000e     rts2800_ml.lib : exit.obj (.cinit)
                  003f83e2    0000000a                    : _lock.obj (.cinit)
                  003f83ec    00000001     --HOLE-- [fill = 0]

codestart 
*          0    003f83ed    00000002     
                  003f83ed    00000002     DSP281x_CodeStartBranch.obj (codestart)

.reset     0    003fffc0    00000002     DSECT
                  003fffc0    00000002     rts2800_ml.lib : boot.obj (.reset)

.data      1    00000000    00000000     UNINITIALIZED

.stack     1    00000400    0000015e     UNINITIALIZED

DevEmuRegsFile 
*          1    00000880    000000d2     UNINITIALIZED
                  00000880    000000d2     DSP281x_GlobalVariableDefs.obj (DevEmuRegsFile)

FlashRegsFile 
*          1    00000a80    00000008     UNINITIALIZED
                  00000a80    00000008     DSP281x_GlobalVariableDefs.obj (FlashRegsFile)

CsmRegsFile 
*          1    00000ae0    00000010     UNINITIALIZED
                  00000ae0    00000010     DSP281x_GlobalVariableDefs.obj (CsmRegsFile)

XintfRegsFile 
*          1    00000b20    00000020     UNINITIALIZED
                  00000b20    00000020     DSP281x_GlobalVariableDefs.obj (XintfRegsFile)

CpuTimer0RegsFile 
*          1    00000c00    00000008     UNINITIALIZED
                  00000c00    00000008     DSP281x_GlobalVariableDefs.obj (CpuTimer0RegsFile)

PieCtrlRegsFile 
*          1    00000ce0    0000001a     UNINITIALIZED
                  00000ce0    0000001a     DSP281x_GlobalVariableDefs.obj (PieCtrlRegsFile)

PieVectTableFile 
*          1    00000d00    00000100     UNINITIALIZED
                  00000d00    00000100     DSP281x_GlobalVariableDefs.obj (PieVectTableFile)

ECanaRegsFile 
*          1    00006000    00000034     UNINITIALIZED
                  00006000    00000034     DSP281x_GlobalVariableDefs.obj (ECanaRegsFile)

ECanaLAMRegsFile 
*          1    00006040    00000040     UNINITIALIZED
                  00006040    00000040     DSP281x_GlobalVariableDefs.obj (ECanaLAMRegsFile)

ECanaMOTSRegsFile 
*          1    00006080    00000040     UNINITIALIZED
                  00006080    00000040     DSP281x_GlobalVariableDefs.obj (ECanaMOTSRegsFile)

ECanaMOTORegsFile 
*          1    000060c0    00000040     UNINITIALIZED
                  000060c0    00000040     DSP281x_GlobalVariableDefs.obj (ECanaMOTORegsFile)

ECanaMboxesFile 
*          1    00006100    00000100     UNINITIALIZED
                  00006100    00000100     DSP281x_GlobalVariableDefs.obj (ECanaMboxesFile)

SysCtrlRegsFile 
*          1    00007010    00000020     UNINITIALIZED
                  00007010    00000020     DSP281x_GlobalVariableDefs.obj (SysCtrlRegsFile)

SpiaRegsFile 
*          1    00007040    00000010     UNINITIALIZED
                  00007040    00000010     DSP281x_GlobalVariableDefs.obj (SpiaRegsFile)

SciaRegsFile 
*          1    00007050    00000010     UNINITIALIZED
                  00007050    00000010     DSP281x_GlobalVariableDefs.obj (SciaRegsFile)

XIntruptRegsFile 
*          1    00007070    00000010     UNINITIALIZED
                  00007070    00000010     DSP281x_GlobalVariableDefs.obj (XIntruptRegsFile)

GpioMuxRegsFile 
*          1    000070c0    00000020     UNINITIALIZED
                  000070c0    00000020     DSP281x_GlobalVariableDefs.obj (GpioMuxRegsFile)

GpioDataRegsFile 
*          1    000070e0    00000020     UNINITIALIZED
                  000070e0    00000020     DSP281x_GlobalVariableDefs.obj (GpioDataRegsFile)

AdcRegsFile 
*          1    00007100    0000001a     UNINITIALIZED
                  00007100    0000001a     DSP281x_GlobalVariableDefs.obj (AdcRegsFile)

EvaRegsFile 
*          1    00007400    00000032     UNINITIALIZED
                  00007400    00000032     DSP281x_GlobalVariableDefs.obj (EvaRegsFile)

EvbRegsFile 
*          1    00007500    00000032     UNINITIALIZED
                  00007500    00000032     DSP281x_GlobalVariableDefs.obj (EvbRegsFile)

ScibRegsFile 
*          1    00007750    00000010     UNINITIALIZED
                  00007750    00000010     DSP281x_GlobalVariableDefs.obj (ScibRegsFile)

McbspaRegsFile 
*          1    00007800    00000025     UNINITIALIZED
                  00007800    00000025     DSP281x_GlobalVariableDefs.obj (McbspaRegsFile)

chang      1    00100000    00000000     UNINITIALIZED

.ebss      1    00100000    0000008d     UNINITIALIZED
                  00100000    00000080     rts2800_ml.lib : exit.obj (.ebss)
                  00100080    00000008     DSP281x_CpuTimers.obj (.ebss)
                  00100088    00000004     rts2800_ml.lib : _lock.obj (.ebss)
                  0010008c    00000001     CpuTimer0.obj (.ebss)

CsmPwlFile 
*          1    003f7ff8    00000008     UNINITIALIZED
                  003f7ff8    00000008     DSP281x_GlobalVariableDefs.obj (CsmPwlFile)

.bss       1    003f9000    00000000     UNINITIALIZED

.const     1    003f9000    00000000     UNINITIALIZED

.sysmem    1    003f9000    00000000     UNINITIALIZED

.econst    1    003f9000    00000100     
                  003f9000    00000100     DSP281x_PieVect.obj (.econst)


GLOBAL SYMBOLS: SORTED ALPHABETICALLY BY Name 

address    name
--------   ----
003f9000   .bss
00000000   .data
003f8000   .text
003f831a   C$$EXIT
003f833f   FS$$MPY
003f8399   FS$$TOUL
003f8130   _ADCINT_ISR
00007100   _AdcRegs
003f8176   _CAPINT1_ISR
003f817b   _CAPINT2_ISR
003f8180   _CAPINT3_ISR
003f81bc   _CAPINT4_ISR
003f81c1   _CAPINT5_ISR
003f81c6   _CAPINT6_ISR
003f813f   _CMP1INT_ISR
003f8144   _CMP2INT_ISR
003f8149   _CMP3INT_ISR
003f8185   _CMP4INT_ISR
003f818a   _CMP5INT_ISR
003f818f   _CMP6INT_ISR
003f8089   _ConfigCpuTimer
00100080   _CpuTimer0
00000c00   _CpuTimer0Regs
003f7ff8   _CsmPwl
00000ae0   _CsmRegs
003f80c7   _DATALOG_ISR
00000880   _DevEmuRegs
003f826f   _DisableDog
003f81f3   _ECAN0INTA_ISR
003f81f8   _ECAN1INTA_ISR
00006040   _ECanaLAMRegs
000060c0   _ECanaMOTORegs
00006080   _ECanaMOTSRegs
00006100   _ECanaMboxes
00006000   _ECanaRegs
003f81fd   _EMPTY_ISR
003f80d1   _EMUINT_ISR
003f8234   _EnableInterrupts
00007400   _EvaRegs
00007500   _EvbRegs
00000a80   _FlashRegs
000070e0   _GpioDataRegs
000070c0   _GpioMuxRegs
003f80db   _ILLEGAL_ISR
003f80bd   _INT13_ISR
003f80c2   _INT14_ISR
003f8000   _IOinit
003f8072   _InitCpuTimers
003f8000   _InitFlash
003f820c   _InitGpio
003f8294   _InitPeripheralClocks
003f8215   _InitPieCtrl
003f823d   _InitPieVectTable
003f8277   _InitPll
003f825d   _InitSysCtrl
003f8265   _KickDog
0010008c   _Led_Flag
003f81d5   _MRINTA_ISR
003f81da   _MXINTA_ISR
00007800   _McbspaRegs
003f80d6   _NMI_ISR
003f811c   _PDPINTA_ISR
003f8121   _PDPINTB_ISR
003f8202   _PIE_RESERVED
00000ce0   _PieCtrlRegs
00000d00   _PieVectTable
003f9000   _PieVectTableInit
003f80cc   _RTOSINT_ISR
003f81df   _SCIRXINTA_ISR
003f81e9   _SCIRXINTB_ISR
003f81e4   _SCITXINTA_ISR
003f81ee   _SCITXINTB_ISR
003f81cb   _SPIRXINTA_ISR
003f81d0   _SPITXINTA_ISR
00007050   _SciaRegs
00007750   _ScibRegs
00007040   _SpiaRegs
00007010   _SysCtrlRegs
003f8153   _T1CINT_ISR
003f815d   _T1OFINT_ISR
003f814e   _T1PINT_ISR
003f8158   _T1UFINT_ISR
003f8167   _T2CINT_ISR
003f8171   _T2OFINT_ISR
003f8162   _T2PINT_ISR
003f816c   _T2UFINT_ISR
003f8199   _T3CINT_ISR
003f81a3   _T3OFINT_ISR
003f8194   _T3PINT_ISR
003f819e   _T3UFINT_ISR
003f81ad   _T4CINT_ISR
003f81b7   _T4OFINT_ISR
003f81a8   _T4PINT_ISR
003f81b2   _T4UFINT_ISR
003f8135   _TINT0_ISR
003f810d   _USER10_ISR
003f8112   _USER11_ISR
003f8117   _USER12_ISR
003f80e0   _USER1_ISR
003f80e5   _USER2_ISR
003f80ea   _USER3_ISR
003f80ef   _USER4_ISR
003f80f4   _USER5_ISR
003f80f9   _USER6_ISR
003f80fe   _USER7_ISR
003f8103   _USER8_ISR
003f8108   _USER9_ISR
003f813a   _WAKEINT_ISR
003f8126   _XINT1_ISR
003f812b   _XINT2_ISR
00007070   _XIntruptRegs
00000b20   _XintfRegs
0000015e   __STACK_SIZE
ffffffff   ___binit__
003f9000   ___bss__
ffffffff   ___c_args__
003f83d4   ___cinit__
00000000   ___data__
00000000   ___edata__
003f9000   ___end__
003f83d4   ___etext__
ffffffff   ___pinit__
003f8000   ___text__
00100004   __cleanup_ptr
00100002   __dtors_ptr
0010008a   __lock
003f83cb   __nop
003f83cc   __register_lock
003f83d0   __register_unlock
00100088   __unlock
003f833e   _abort
003f831c   _atexit
003f82ae   _c_int00
003f8043   _cpu_timer0_isr
003f82f4   _exit
003f800a   _main
003f8207   _rsvd_ISR
ffffffff   binit
003f83d4   cinit
00000000   edata
003f9000   end
003f83d4   etext
ffffffff   pinit


GLOBAL SYMBOLS: SORTED BY Symbol Address 

address    name
--------   ----
00000000   ___data__
00000000   ___edata__
00000000   .data
00000000   edata
0000015e   __STACK_SIZE
00000880   _DevEmuRegs
00000a80   _FlashRegs
00000ae0   _CsmRegs
00000b20   _XintfRegs
00000c00   _CpuTimer0Regs
00000ce0   _PieCtrlRegs
00000d00   _PieVectTable
00006000   _ECanaRegs
00006040   _ECanaLAMRegs
00006080   _ECanaMOTSRegs
000060c0   _ECanaMOTORegs
00006100   _ECanaMboxes
00007010   _SysCtrlRegs
00007040   _SpiaRegs
00007050   _SciaRegs
00007070   _XIntruptRegs
000070c0   _GpioMuxRegs
000070e0   _GpioDataRegs
00007100   _AdcRegs
00007400   _EvaRegs
00007500   _EvbRegs
00007750   _ScibRegs
00007800   _McbspaRegs
00100002   __dtors_ptr
00100004   __cleanup_ptr
00100080   _CpuTimer0
00100088   __unlock
0010008a   __lock
0010008c   _Led_Flag
003f7ff8   _CsmPwl
003f8000   .text
003f8000   _InitFlash
003f8000   ___text__
003f8000   _IOinit
003f800a   _main
003f8043   _cpu_timer0_isr
003f8072   _InitCpuTimers
003f8089   _ConfigCpuTimer
003f80bd   _INT13_ISR
003f80c2   _INT14_ISR
003f80c7   _DATALOG_ISR
003f80cc   _RTOSINT_ISR
003f80d1   _EMUINT_ISR
003f80d6   _NMI_ISR
003f80db   _ILLEGAL_ISR
003f80e0   _USER1_ISR
003f80e5   _USER2_ISR
003f80ea   _USER3_ISR
003f80ef   _USER4_ISR
003f80f4   _USER5_ISR
003f80f9   _USER6_ISR
003f80fe   _USER7_ISR
003f8103   _USER8_ISR
003f8108   _USER9_ISR
003f810d   _USER10_ISR
003f8112   _USER11_ISR
003f8117   _USER12_ISR
003f811c   _PDPINTA_ISR
003f8121   _PDPINTB_ISR
003f8126   _XINT1_ISR
003f812b   _XINT2_ISR
003f8130   _ADCINT_ISR
003f8135   _TINT0_ISR
003f813a   _WAKEINT_ISR
003f813f   _CMP1INT_ISR
003f8144   _CMP2INT_ISR
003f8149   _CMP3INT_ISR
003f814e   _T1PINT_ISR
003f8153   _T1CINT_ISR
003f8158   _T1UFINT_ISR
003f815d   _T1OFINT_ISR
003f8162   _T2PINT_ISR
003f8167   _T2CINT_ISR
003f816c   _T2UFINT_ISR
003f8171   _T2OFINT_ISR
003f8176   _CAPINT1_ISR
003f817b   _CAPINT2_ISR
003f8180   _CAPINT3_ISR
003f8185   _CMP4INT_ISR
003f818a   _CMP5INT_ISR
003f818f   _CMP6INT_ISR
003f8194   _T3PINT_ISR
003f8199   _T3CINT_ISR
003f819e   _T3UFINT_ISR
003f81a3   _T3OFINT_ISR
003f81a8   _T4PINT_ISR
003f81ad   _T4CINT_ISR
003f81b2   _T4UFINT_ISR
003f81b7   _T4OFINT_ISR
003f81bc   _CAPINT4_ISR
003f81c1   _CAPINT5_ISR
003f81c6   _CAPINT6_ISR
003f81cb   _SPIRXINTA_ISR
003f81d0   _SPITXINTA_ISR
003f81d5   _MRINTA_ISR
003f81da   _MXINTA_ISR
003f81df   _SCIRXINTA_ISR
003f81e4   _SCITXINTA_ISR
003f81e9   _SCIRXINTB_ISR
003f81ee   _SCITXINTB_ISR
003f81f3   _ECAN0INTA_ISR
003f81f8   _ECAN1INTA_ISR
003f81fd   _EMPTY_ISR
003f8202   _PIE_RESERVED
003f8207   _rsvd_ISR
003f820c   _InitGpio
003f8215   _InitPieCtrl
003f8234   _EnableInterrupts
003f823d   _InitPieVectTable
003f825d   _InitSysCtrl
003f8265   _KickDog
003f826f   _DisableDog
003f8277   _InitPll
003f8294   _InitPeripheralClocks
003f82ae   _c_int00
003f82f4   _exit
003f831a   C$$EXIT
003f831c   _atexit
003f833e   _abort
003f833f   FS$$MPY
003f8399   FS$$TOUL
003f83cb   __nop
003f83cc   __register_lock
003f83d0   __register_unlock
003f83d4   ___cinit__
003f83d4   etext
003f83d4   ___etext__
003f83d4   cinit
003f9000   end
003f9000   .bss
003f9000   ___end__
003f9000   ___bss__
003f9000   _PieVectTableInit
ffffffff   ___binit__
ffffffff   pinit
ffffffff   binit
ffffffff   ___pinit__
ffffffff   ___c_args__

[143 symbols]
