******************************************************************************
             TMS320C2000 Linker PC v16.9.3                     
******************************************************************************
>> Linked Tue Mar 07 11:33:23 2023

OUTPUT FILE NAME:   <lab7.out>
ENTRY POINT SYMBOL: "_c_int00"  address: 003f863d


MEMORY CONFIGURATION

         name            origin    length      used     unused   attr    fill
----------------------  --------  ---------  --------  --------  ----  --------
PAGE 0:
  RAMM0                 00000000   00000400  00000000  00000400  RWIX
  BEGIN                 003f8000   00000002  00000000  00000002  RWIX
  PRAMH0                003f8002   00000ffe  00000761  0000089d  RWIX
  RESET                 003fffc0   00000002  00000000  00000002  RWIX

PAGE 1:
  RAMM1                 00000400   00000400  00000400  00000000  RWIX
  DEV_EMU               00000880   00000180  000000d2  000000ae  RWIX
  FLASH_REGS            00000a80   00000060  00000008  00000058  RWIX
  CSM                   00000ae0   00000010  00000010  00000000  RWIX
  XINTF                 00000b20   00000020  00000020  00000000  RWIX
  CPU_TIMER0            00000c00   00000008  00000008  00000000  RWIX
  PIE_CTRL              00000ce0   00000020  0000001a  00000006  RWIX
  PIE_VECT              00000d00   00000100  00000100  00000000  RWIX
  ECANA                 00006000   00000040  00000034  0000000c  RWIX
  ECANA_LAM             00006040   00000040  00000040  00000000  RWIX
  ECANA_MOTS            00006080   00000040  00000040  00000000  RWIX
  ECANA_MOTO            000060c0   00000040  00000040  00000000  RWIX
  ECANA_MBOX            00006100   00000100  00000100  00000000  RWIX
  SYSTEM                00007010   00000020  00000020  00000000  RWIX
  SPIA                  00007040   00000010  00000010  00000000  RWIX
  SCIA                  00007050   00000010  00000010  00000000  RWIX
  XINTRUPT              00007070   00000010  00000010  00000000  RWIX
  GPIOMUX               000070c0   00000020  00000020  00000000  RWIX
  GPIODAT               000070e0   00000020  00000020  00000000  RWIX
  ADC                   00007100   00000020  0000001a  00000006  RWIX
  EVA                   00007400   00000040  00000032  0000000e  RWIX
  EVB                   00007500   00000040  00000032  0000000e  RWIX
  SCIB                  00007750   00000010  00000010  00000000  RWIX
  MCBSPA                00007800   00000040  00000025  0000001b  RWIX
  CSM_PWL               003f7ff8   00000008  00000008  00000000  RWIX
  DRAMH0                003f9000   00001000  00000042  00000fbe  RWIX


SECTION ALLOCATION MAP

 output                                  attributes/
section   page    origin      length       input sections
--------  ----  ----------  ----------   ----------------
.text      0    003f8002    0000071e     
                  003f8002    0000056b     complex.obj (.text)
                  003f856d    000000d0     complex.obj (.text:retain)
                  003f863d    00000054     rts2800_ml.lib : boot28.obj (.text)
                  003f8691    00000029                    : exit.obj (.text)
                  003f86ba    00000024                    : cpy_tbl.obj (.text)
                  003f86de    0000001d                    : memcpy.obj (.text)
                  003f86fb    00000019                    : args_main.obj (.text)
                  003f8714    00000009                    : _lock.obj (.text)
                  003f871d    00000002                    : pre_init.obj (.text)
                  003f871f    00000001                    : startup.obj (.text)

.cinit     0    003f8720    00000043     
                  003f8720    00000029     complex.obj (.cinit)
                  003f8749    0000000e     rts2800_ml.lib : exit.obj (.cinit)
                  003f8757    00000005                    : _lock.obj (.cinit:__lock)
                  003f875c    00000005                    : _lock.obj (.cinit:__unlock)
                  003f8761    00000002     --HOLE-- [fill = 0]

.stack     1    00000400    00000400     UNINITIALIZED
                  00000400    00000400     --HOLE--

DevEmuRegsFile 
*          1    00000880    000000d2     UNINITIALIZED
                  00000880    000000d2     DSP281x_GlobalVariableDefs.obj (DevEmuRegsFile)

FlashRegsFile 
*          1    00000a80    00000008     UNINITIALIZED
                  00000a80    00000008     DSP281x_GlobalVariableDefs.obj (FlashRegsFile)

CsmRegsFile 
*          1    00000ae0    00000010     UNINITIALIZED
                  00000ae0    00000010     DSP281x_GlobalVariableDefs.obj (CsmRegsFile)

XintfRegsFile 
*          1    00000b20    00000020     UNINITIALIZED
                  00000b20    00000020     DSP281x_GlobalVariableDefs.obj (XintfRegsFile)

CpuTimer0RegsFile 
*          1    00000c00    00000008     UNINITIALIZED
                  00000c00    00000008     DSP281x_GlobalVariableDefs.obj (CpuTimer0RegsFile)

PieCtrlRegsFile 
*          1    00000ce0    0000001a     UNINITIALIZED
                  00000ce0    0000001a     DSP281x_GlobalVariableDefs.obj (PieCtrlRegsFile)

PieVectTableFile 
*          1    00000d00    00000100     UNINITIALIZED
                  00000d00    00000100     DSP281x_GlobalVariableDefs.obj (PieVectTableFile)

ECanaRegsFile 
*          1    00006000    00000034     UNINITIALIZED
                  00006000    00000034     DSP281x_GlobalVariableDefs.obj (ECanaRegsFile)

ECanaLAMRegsFile 
*          1    00006040    00000040     UNINITIALIZED
                  00006040    00000040     DSP281x_GlobalVariableDefs.obj (ECanaLAMRegsFile)

ECanaMOTSRegsFile 
*          1    00006080    00000040     UNINITIALIZED
                  00006080    00000040     DSP281x_GlobalVariableDefs.obj (ECanaMOTSRegsFile)

ECanaMOTORegsFile 
*          1    000060c0    00000040     UNINITIALIZED
                  000060c0    00000040     DSP281x_GlobalVariableDefs.obj (ECanaMOTORegsFile)

ECanaMboxesFile 
*          1    00006100    00000100     UNINITIALIZED
                  00006100    00000100     DSP281x_GlobalVariableDefs.obj (ECanaMboxesFile)

SysCtrlRegsFile 
*          1    00007010    00000020     UNINITIALIZED
                  00007010    00000020     DSP281x_GlobalVariableDefs.obj (SysCtrlRegsFile)

SpiaRegsFile 
*          1    00007040    00000010     UNINITIALIZED
                  00007040    00000010     DSP281x_GlobalVariableDefs.obj (SpiaRegsFile)

SciaRegsFile 
*          1    00007050    00000010     UNINITIALIZED
                  00007050    00000010     DSP281x_GlobalVariableDefs.obj (SciaRegsFile)

XIntruptRegsFile 
*          1    00007070    00000010     UNINITIALIZED
                  00007070    00000010     DSP281x_GlobalVariableDefs.obj (XIntruptRegsFile)

GpioMuxRegsFile 
*          1    000070c0    00000020     UNINITIALIZED
                  000070c0    00000020     DSP281x_GlobalVariableDefs.obj (GpioMuxRegsFile)

GpioDataRegsFile 
*          1    000070e0    00000020     UNINITIALIZED
                  000070e0    00000020     DSP281x_GlobalVariableDefs.obj (GpioDataRegsFile)

AdcRegsFile 
*          1    00007100    0000001a     UNINITIALIZED
                  00007100    0000001a     DSP281x_GlobalVariableDefs.obj (AdcRegsFile)

EvaRegsFile 
*          1    00007400    00000032     UNINITIALIZED
                  00007400    00000032     DSP281x_GlobalVariableDefs.obj (EvaRegsFile)

EvbRegsFile 
*          1    00007500    00000032     UNINITIALIZED
                  00007500    00000032     DSP281x_GlobalVariableDefs.obj (EvbRegsFile)

ScibRegsFile 
*          1    00007750    00000010     UNINITIALIZED
                  00007750    00000010     DSP281x_GlobalVariableDefs.obj (ScibRegsFile)

McbspaRegsFile 
*          1    00007800    00000025     UNINITIALIZED
                  00007800    00000025     DSP281x_GlobalVariableDefs.obj (McbspaRegsFile)

CsmPwlFile 
*          1    003f7ff8    00000008     UNINITIALIZED
                  003f7ff8    00000008     DSP281x_GlobalVariableDefs.obj (CsmPwlFile)

.pinit     0    003f8002    00000000     UNINITIALIZED

.reset     0    003fffc0    00000002     DSECT
                  003fffc0    00000002     rts2800_ml.lib : boot28.obj (.reset)

.ebss      1    003f9000    00000042     UNINITIALIZED
                  003f9000    00000038     complex.obj (.ebss)
                  003f9038    00000006     rts2800_ml.lib : exit.obj (.ebss)
                  003f903e    00000002                    : _lock.obj (.ebss:__lock)
                  003f9040    00000002                    : _lock.obj (.ebss:__unlock)

MODULE SUMMARY

       Module                           code   initialized data   uninitialized data
       ------                           ----   ----------------   ------------------
    .\
       complex.obj                      1595   41                 56                
       DSP281x_GlobalVariableDefs.obj   0      0                  1387              
    +--+--------------------------------+------+------------------+--------------------+
       Total:                           1595   41                 1443              
                                                                                    
    C:\Program Files (x86)\TI\ccsv7\tools\compiler\ti-cgt-c2000_16.9.3.LTS\lib\rts2800_ml.lib
       boot28.obj                       84     0                  0                 
       exit.obj                         41     14                 6                 
       cpy_tbl.obj                      36     0                  0                 
       memcpy.obj                       29     0                  0                 
       args_main.obj                    25     0                  0                 
       _lock.obj                        9      10                 4                 
       pre_init.obj                     2      0                  0                 
       startup.obj                      1      0                  0                 
    +--+--------------------------------+------+------------------+--------------------+
       Total:                           227    24                 10                
                                                                                    
       Stack:                           0      0                  1024              
    +--+--------------------------------+------+------------------+--------------------+
       Grand Total:                     1822   65                 2477              


GLOBAL DATA SYMBOLS: SORTED BY DATA PAGE

address     data page           name
--------    ----------------    ----
00000400      10 (00000400)     __stack

00000880      22 (00000880)     _DevEmuRegs

00000a80      2a (00000a80)     _FlashRegs

00000ae0      2b (00000ac0)     _CsmRegs

00000b20      2c (00000b00)     _XintfRegs

00000c00      30 (00000c00)     _CpuTimer0Regs

00000ce0      33 (00000cc0)     _PieCtrlRegs

00000d00      34 (00000d00)     _PieVectTable

00006000     180 (00006000)     _ECanaRegs

00006040     181 (00006040)     _ECanaLAMRegs

00006080     182 (00006080)     _ECanaMOTSRegs

000060c0     183 (000060c0)     _ECanaMOTORegs

00006100     184 (00006100)     _ECanaMboxes

00007010     1c0 (00007000)     _SysCtrlRegs

00007040     1c1 (00007040)     _SpiaRegs
00007050     1c1 (00007040)     _SciaRegs
00007070     1c1 (00007040)     _XIntruptRegs

000070c0     1c3 (000070c0)     _GpioMuxRegs
000070e0     1c3 (000070c0)     _GpioDataRegs

00007100     1c4 (00007100)     _AdcRegs

00007400     1d0 (00007400)     _EvaRegs

00007500     1d4 (00007500)     _EvbRegs

00007750     1dd (00007740)     _ScibRegs

00007800     1e0 (00007800)     _McbspaRegs

003f7ff8    fdff (003f7fc0)     _CsmPwl

003f9000    fe40 (003f9000)     _key
003f9001    fe40 (003f9000)     _keyin
003f9002    fe40 (003f9000)     _e
003f9003    fe40 (003f9000)     _LedCount
003f9004    fe40 (003f9000)     _led
003f9006    fe40 (003f9000)     _AD1
003f9008    fe40 (003f9000)     _AD2
003f900a    fe40 (003f9000)     _k
003f900c    fe40 (003f9000)     _m
003f900e    fe40 (003f9000)     _timer
003f901a    fe40 (003f9000)     _LEDCode
003f9038    fe40 (003f9000)     ___TI_enable_exit_profile_output
003f903a    fe40 (003f9000)     ___TI_cleanup_ptr
003f903c    fe40 (003f9000)     ___TI_dtors_ptr
003f903e    fe40 (003f9000)     __lock

003f9040    fe41 (003f9040)     __unlock


GLOBAL SYMBOLS: SORTED ALPHABETICALLY BY Name 

page  address   name                            
----  -------   ----                            
0     003f8002  .text                           
0     003f8691  C$$EXIT                         
1     003f9006  _AD1                            
1     003f9008  _AD2                            
1     00007100  _AdcRegs                        
0     003f8095  _Adc_Init                       
0     003f807a  _Adc_PowerUP                    
0     003f85fe  _CMP1INT_ISR                    
0     003f8613  _CMP2INT_ISR                    
0     003f8628  _CMP3INT_ISR                    
1     00000c00  _CpuTimer0Regs                  
1     003f7ff8  _CsmPwl                         
1     00000ae0  _CsmRegs                        
0     003f8530  _Delay                          
1     00000880  _DevEmuRegs                     
0     003f8022  _DisableDog                     
1     00006040  _ECanaLAMRegs                   
1     000060c0  _ECanaMOTORegs                  
1     00006080  _ECanaMOTSRegs                  
1     00006100  _ECanaMboxes                    
1     00006000  _ECanaRegs                      
1     00007400  _EvaRegs                        
1     00007500  _EvbRegs                        
1     00000a80  _FlashRegs                      
1     000070e0  _GpioDataRegs                   
1     000070c0  _GpioMuxRegs                    
0     003f856d  _INT_1_7                        
0     003f80a9  _InitCputimer                   
0     003f8043  _InitGpiof                      
0     003f80b7  _InitPIE                        
0     003f8016  _InitPeriheralClocks            
0     003f8002  _InitPll                        
0     003f802a  _InitSysCtrl                    
0     003f80c7  _Init_EV                        
1     003f901a  _LEDCode                        
1     003f9003  _LedCount                       
0     003f8501  _LedOut                         
1     00007800  _McbspaRegs                     
1     00000ce0  _PieCtrlRegs                    
1     00000d00  _PieVectTable                   
1     00007050  _SciaRegs                       
1     00007750  _ScibRegs                       
1     00007040  _SpiaRegs                       
1     00007010  _SysCtrlRegs                    
0     003f85ed  _T1PINT_ISR                     
1     00007070  _XIntruptRegs                   
1     00000b20  _XintfRegs                      
1     00000800  __STACK_END                     
abs   00000400  __STACK_SIZE                    
1     003f903a  ___TI_cleanup_ptr               
1     003f903c  ___TI_dtors_ptr                 
1     003f9038  ___TI_enable_exit_profile_output
abs   ffffffff  ___TI_pprof_out_hndl            
abs   ffffffff  ___TI_prof_data_size            
abs   ffffffff  ___TI_prof_data_start           
abs   ffffffff  ___binit__                      
abs   ffffffff  ___c_args__                     
0     003f8720  ___cinit__                      
0     003f8720  ___etext__                      
abs   ffffffff  ___pinit__                      
0     003f8002  ___text__                       
0     003f86fb  __args_main                     
1     003f903e  __lock                          
0     003f871c  __nop                           
0     003f8718  __register_lock                 
0     003f8714  __register_unlock               
1     00000400  __stack                         
0     003f871f  __system_post_cinit             
0     003f871d  __system_pre_init               
1     003f9040  __unlock                        
0     003f8691  _abort                          
0     003f812d  _adccv                          
0     003f863d  _c_int00                        
0     003f86ba  _copy_in                        
1     003f9002  _e                              
0     003f8693  _exit                           
1     003f900a  _k                              
1     003f9000  _key                            
0     003f84a1  _keyfunction                    
0     003f83cf  _keyfunction1                   
0     003f8366  _keyfunction2                   
1     003f9001  _keyin                          
0     003f8142  _keyscan                        
0     003f8106  _kongge                         
1     003f9004  _led                            
1     003f900c  _m                              
0     003f853a  _main                           
0     003f86de  _memcpy                         
0     003f84c1  _paoma                          
0     003f8112  _shizhong                       
0     003f8197  _shumaguan                      
0     003f8031  _spi_initial                    
1     003f900e  _timer                          
0     003f82a6  _waitkeyin                      
0     003f80e1  _xianshi                        
abs   ffffffff  binit                           
0     003f8720  cinit                           
0     003f8720  etext                           
abs   ffffffff  pinit                           


GLOBAL SYMBOLS: SORTED BY Symbol Address 

page  address   name                            
----  -------   ----                            
0     003f8002  .text                           
0     003f8002  _InitPll                        
0     003f8002  ___text__                       
0     003f8016  _InitPeriheralClocks            
0     003f8022  _DisableDog                     
0     003f802a  _InitSysCtrl                    
0     003f8031  _spi_initial                    
0     003f8043  _InitGpiof                      
0     003f807a  _Adc_PowerUP                    
0     003f8095  _Adc_Init                       
0     003f80a9  _InitCputimer                   
0     003f80b7  _InitPIE                        
0     003f80c7  _Init_EV                        
0     003f80e1  _xianshi                        
0     003f8106  _kongge                         
0     003f8112  _shizhong                       
0     003f812d  _adccv                          
0     003f8142  _keyscan                        
0     003f8197  _shumaguan                      
0     003f82a6  _waitkeyin                      
0     003f8366  _keyfunction2                   
0     003f83cf  _keyfunction1                   
0     003f84a1  _keyfunction                    
0     003f84c1  _paoma                          
0     003f8501  _LedOut                         
0     003f8530  _Delay                          
0     003f853a  _main                           
0     003f856d  _INT_1_7                        
0     003f85ed  _T1PINT_ISR                     
0     003f85fe  _CMP1INT_ISR                    
0     003f8613  _CMP2INT_ISR                    
0     003f8628  _CMP3INT_ISR                    
0     003f863d  _c_int00                        
0     003f8691  C$$EXIT                         
0     003f8691  _abort                          
0     003f8693  _exit                           
0     003f86ba  _copy_in                        
0     003f86de  _memcpy                         
0     003f86fb  __args_main                     
0     003f8714  __register_unlock               
0     003f8718  __register_lock                 
0     003f871c  __nop                           
0     003f871d  __system_pre_init               
0     003f871f  __system_post_cinit             
0     003f8720  ___cinit__                      
0     003f8720  ___etext__                      
0     003f8720  cinit                           
0     003f8720  etext                           
1     00000400  __stack                         
1     00000800  __STACK_END                     
1     00000880  _DevEmuRegs                     
1     00000a80  _FlashRegs                      
1     00000ae0  _CsmRegs                        
1     00000b20  _XintfRegs                      
1     00000c00  _CpuTimer0Regs                  
1     00000ce0  _PieCtrlRegs                    
1     00000d00  _PieVectTable                   
1     00006000  _ECanaRegs                      
1     00006040  _ECanaLAMRegs                   
1     00006080  _ECanaMOTSRegs                  
1     000060c0  _ECanaMOTORegs                  
1     00006100  _ECanaMboxes                    
1     00007010  _SysCtrlRegs                    
1     00007040  _SpiaRegs                       
1     00007050  _SciaRegs                       
1     00007070  _XIntruptRegs                   
1     000070c0  _GpioMuxRegs                    
1     000070e0  _GpioDataRegs                   
1     00007100  _AdcRegs                        
1     00007400  _EvaRegs                        
1     00007500  _EvbRegs                        
1     00007750  _ScibRegs                       
1     00007800  _McbspaRegs                     
1     003f7ff8  _CsmPwl                         
1     003f9000  _key                            
1     003f9001  _keyin                          
1     003f9002  _e                              
1     003f9003  _LedCount                       
1     003f9004  _led                            
1     003f9006  _AD1                            
1     003f9008  _AD2                            
1     003f900a  _k                              
1     003f900c  _m                              
1     003f900e  _timer                          
1     003f901a  _LEDCode                        
1     003f9038  ___TI_enable_exit_profile_output
1     003f903a  ___TI_cleanup_ptr               
1     003f903c  ___TI_dtors_ptr                 
1     003f903e  __lock                          
1     003f9040  __unlock                        
abs   00000400  __STACK_SIZE                    
abs   ffffffff  ___TI_pprof_out_hndl            
abs   ffffffff  ___TI_prof_data_size            
abs   ffffffff  ___TI_prof_data_start           
abs   ffffffff  ___binit__                      
abs   ffffffff  ___c_args__                     
abs   ffffffff  ___pinit__                      
abs   ffffffff  binit                           
abs   ffffffff  pinit                           

[99 symbols]
