******************************************************************************
             TMS320C2000 Linker PC v16.9.3                     
******************************************************************************
>> Linked Tue Mar 07 11:30:26 2023

OUTPUT FILE NAME:   <lab6.out>
ENTRY POINT SYMBOL: "_c_int00"  address: 003f8643


MEMORY CONFIGURATION

         name            origin    length      used     unused   attr    fill
----------------------  --------  ---------  --------  --------  ----  --------
PAGE 0:
  RAMM0                 00000000   00000400  00000000  00000400  RWIX
  BEGIN                 003f8000   00000002  00000000  00000002  RWIX
  PRAMH0                003f8002   00000ffe  000008c8  00000736  RWIX
  RESET                 003fffc0   00000002  00000000  00000002  RWIX

PAGE 1:
  RAMM1                 00000400   00000400  00000400  00000000  RWIX
  DEV_EMU               00000880   00000180  000000d2  000000ae  RWIX
  FLASH_REGS            00000a80   00000060  00000008  00000058  RWIX
  CSM                   00000ae0   00000010  00000010  00000000  RWIX
  XINTF                 00000b20   00000020  00000020  00000000  RWIX
  CPU_TIMER0            00000c00   00000008  00000008  00000000  RWIX
  PIE_CTRL              00000ce0   00000020  0000001a  00000006  RWIX
  PIE_VECT              00000d00   00000100  00000100  00000000  RWIX
  ECANA                 00006000   00000040  00000034  0000000c  RWIX
  ECANA_LAM             00006040   00000040  00000040  00000000  RWIX
  ECANA_MOTS            00006080   00000040  00000040  00000000  RWIX
  ECANA_MOTO            000060c0   00000040  00000040  00000000  RWIX
  ECANA_MBOX            00006100   00000100  00000100  00000000  RWIX
  SYSTEM                00007010   00000020  00000020  00000000  RWIX
  SPIA                  00007040   00000010  00000010  00000000  RWIX
  SCIA                  00007050   00000010  00000010  00000000  RWIX
  XINTRUPT              00007070   00000010  00000010  00000000  RWIX
  GPIOMUX               000070c0   00000020  00000020  00000000  RWIX
  GPIODAT               000070e0   00000020  00000020  00000000  RWIX
  ADC                   00007100   00000020  0000001a  00000006  RWIX
  EVA                   00007400   00000040  00000032  0000000e  RWIX
  EVB                   00007500   00000040  00000032  0000000e  RWIX
  SCIB                  00007750   00000010  00000010  00000000  RWIX
  MCBSPA                00007800   00000040  00000025  0000001b  RWIX
  CSM_PWL               003f7ff8   00000008  00000008  00000000  RWIX
  DRAMH0                003f9000   00001000  00000146  00000eba  RWIX


SECTION ALLOCATION MAP

 output                                  attributes/
section   page    origin      length       input sections
--------  ----  ----------  ----------   ----------------
.text      0    003f8002    00000857     
                  003f8002    000003b1     led_cputimer.obj (.text)
                  003f83b3    0000014f     DSP281x_DefaultIsr.obj (.text:retain)
                  003f8502    000000e7     led_cputimer.obj (.text:retain)
                  003f85e9    0000005a     rts2800_ml.lib : fs_mpy28.obj (.text)
                  003f8643    00000054                    : boot28.obj (.text)
                  003f8697    00000047     DSP281x_SysCtrl.obj (.text)
                  003f86de    00000046     DSP281x_CpuTimers.obj (.text)
                  003f8724    0000002a     rts2800_ml.lib : l_div28.obj (.text)
                  003f874e    00000029                    : exit.obj (.text)
                  003f8777    00000029                    : fs_tol28.obj (.text)
                  003f87a0    00000028     DSP281x_PieCtrl.obj (.text)
                  003f87c8    00000024     rts2800_ml.lib : cpy_tbl.obj (.text)
                  003f87ec    00000020     DSP281x_PieVect.obj (.text)
                  003f880c    0000001d     rts2800_ml.lib : memcpy.obj (.text)
                  003f8829    00000019                    : args_main.obj (.text)
                  003f8842    0000000b                    : u_div28.obj (.text)
                  003f884d    00000009                    : _lock.obj (.text)
                  003f8856    00000002                    : pre_init.obj (.text)
                  003f8858    00000001                    : startup.obj (.text)

.cinit     0    003f8859    00000071     
                  003f8859    00000057     led_cputimer.obj (.cinit)
                  003f88b0    0000000e     rts2800_ml.lib : exit.obj (.cinit)
                  003f88be    00000005                    : _lock.obj (.cinit:__lock)
                  003f88c3    00000005                    : _lock.obj (.cinit:__unlock)
                  003f88c8    00000002     --HOLE-- [fill = 0]

.stack     1    00000400    00000400     UNINITIALIZED
                  00000400    00000400     --HOLE--

DevEmuRegsFile 
*          1    00000880    000000d2     UNINITIALIZED
                  00000880    000000d2     DSP281x_GlobalVariableDefs.obj (DevEmuRegsFile)

FlashRegsFile 
*          1    00000a80    00000008     UNINITIALIZED
                  00000a80    00000008     DSP281x_GlobalVariableDefs.obj (FlashRegsFile)

CsmRegsFile 
*          1    00000ae0    00000010     UNINITIALIZED
                  00000ae0    00000010     DSP281x_GlobalVariableDefs.obj (CsmRegsFile)

XintfRegsFile 
*          1    00000b20    00000020     UNINITIALIZED
                  00000b20    00000020     DSP281x_GlobalVariableDefs.obj (XintfRegsFile)

CpuTimer0RegsFile 
*          1    00000c00    00000008     UNINITIALIZED
                  00000c00    00000008     DSP281x_GlobalVariableDefs.obj (CpuTimer0RegsFile)

PieCtrlRegsFile 
*          1    00000ce0    0000001a     UNINITIALIZED
                  00000ce0    0000001a     DSP281x_GlobalVariableDefs.obj (PieCtrlRegsFile)

PieVectTableFile 
*          1    00000d00    00000100     UNINITIALIZED
                  00000d00    00000100     DSP281x_GlobalVariableDefs.obj (PieVectTableFile)

ECanaRegsFile 
*          1    00006000    00000034     UNINITIALIZED
                  00006000    00000034     DSP281x_GlobalVariableDefs.obj (ECanaRegsFile)

ECanaLAMRegsFile 
*          1    00006040    00000040     UNINITIALIZED
                  00006040    00000040     DSP281x_GlobalVariableDefs.obj (ECanaLAMRegsFile)

ECanaMOTSRegsFile 
*          1    00006080    00000040     UNINITIALIZED
                  00006080    00000040     DSP281x_GlobalVariableDefs.obj (ECanaMOTSRegsFile)

ECanaMOTORegsFile 
*          1    000060c0    00000040     UNINITIALIZED
                  000060c0    00000040     DSP281x_GlobalVariableDefs.obj (ECanaMOTORegsFile)

ECanaMboxesFile 
*          1    00006100    00000100     UNINITIALIZED
                  00006100    00000100     DSP281x_GlobalVariableDefs.obj (ECanaMboxesFile)

SysCtrlRegsFile 
*          1    00007010    00000020     UNINITIALIZED
                  00007010    00000020     DSP281x_GlobalVariableDefs.obj (SysCtrlRegsFile)

SpiaRegsFile 
*          1    00007040    00000010     UNINITIALIZED
                  00007040    00000010     DSP281x_GlobalVariableDefs.obj (SpiaRegsFile)

SciaRegsFile 
*          1    00007050    00000010     UNINITIALIZED
                  00007050    00000010     DSP281x_GlobalVariableDefs.obj (SciaRegsFile)

XIntruptRegsFile 
*          1    00007070    00000010     UNINITIALIZED
                  00007070    00000010     DSP281x_GlobalVariableDefs.obj (XIntruptRegsFile)

GpioMuxRegsFile 
*          1    000070c0    00000020     UNINITIALIZED
                  000070c0    00000020     DSP281x_GlobalVariableDefs.obj (GpioMuxRegsFile)

GpioDataRegsFile 
*          1    000070e0    00000020     UNINITIALIZED
                  000070e0    00000020     DSP281x_GlobalVariableDefs.obj (GpioDataRegsFile)

AdcRegsFile 
*          1    00007100    0000001a     UNINITIALIZED
                  00007100    0000001a     DSP281x_GlobalVariableDefs.obj (AdcRegsFile)

EvaRegsFile 
*          1    00007400    00000032     UNINITIALIZED
                  00007400    00000032     DSP281x_GlobalVariableDefs.obj (EvaRegsFile)

EvbRegsFile 
*          1    00007500    00000032     UNINITIALIZED
                  00007500    00000032     DSP281x_GlobalVariableDefs.obj (EvbRegsFile)

ScibRegsFile 
*          1    00007750    00000010     UNINITIALIZED
                  00007750    00000010     DSP281x_GlobalVariableDefs.obj (ScibRegsFile)

McbspaRegsFile 
*          1    00007800    00000025     UNINITIALIZED
                  00007800    00000025     DSP281x_GlobalVariableDefs.obj (McbspaRegsFile)

CsmPwlFile 
*          1    003f7ff8    00000008     UNINITIALIZED
                  003f7ff8    00000008     DSP281x_GlobalVariableDefs.obj (CsmPwlFile)

.pinit     0    003f8002    00000000     UNINITIALIZED

.reset     0    003fffc0    00000002     DSECT
                  003fffc0    00000002     rts2800_ml.lib : boot28.obj (.reset)

.econst    1    003f9000    00000100     
                  003f9000    00000100     DSP281x_PieVect.obj (.econst:_PieVectTableInit)

.ebss      1    003f9100    00000046     UNINITIALIZED
                  003f9100    00000034     led_cputimer.obj (.ebss)
                  003f9134    00000008     DSP281x_CpuTimers.obj (.ebss)
                  003f913c    00000002     rts2800_ml.lib : _lock.obj (.ebss:__lock)
                  003f913e    00000002                    : _lock.obj (.ebss:__unlock)
                  003f9140    00000006                    : exit.obj (.ebss)

MODULE SUMMARY

       Module                           code   initialized data   uninitialized data
       ------                           ----   ----------------   ------------------
    .\
       DSP281x_GlobalVariableDefs.obj   0      0                  1387              
       led_cputimer.obj                 1176   87                 52                
       DSP281x_DefaultIsr.obj           335    0                  0                 
       DSP281x_PieVect.obj              32     256                0                 
       DSP281x_CpuTimers.obj            70     0                  8                 
       DSP281x_SysCtrl.obj              71     0                  0                 
       DSP281x_PieCtrl.obj              40     0                  0                 
    +--+--------------------------------+------+------------------+--------------------+
       Total:                           1724   343                1447              
                                                                                    
    C:\Program Files (x86)\TI\ccsv7\tools\compiler\ti-cgt-c2000_16.9.3.LTS\lib\rts2800_ml.lib
       fs_mpy28.obj                     90     0                  0                 
       boot28.obj                       84     0                  0                 
       exit.obj                         41     14                 6                 
       l_div28.obj                      42     0                  0                 
       fs_tol28.obj                     41     0                  0                 
       cpy_tbl.obj                      36     0                  0                 
       memcpy.obj                       29     0                  0                 
       args_main.obj                    25     0                  0                 
       _lock.obj                        9      10                 4                 
       u_div28.obj                      11     0                  0                 
       pre_init.obj                     2      0                  0                 
       startup.obj                      1      0                  0                 
    +--+--------------------------------+------+------------------+--------------------+
       Total:                           411    24                 10                
                                                                                    
       Stack:                           0      0                  1024              
    +--+--------------------------------+------+------------------+--------------------+
       Grand Total:                     2135   367                2481              


GLOBAL DATA SYMBOLS: SORTED BY DATA PAGE

address     data page           name
--------    ----------------    ----
00000400      10 (00000400)     __stack

00000880      22 (00000880)     _DevEmuRegs

00000a80      2a (00000a80)     _FlashRegs

00000ae0      2b (00000ac0)     _CsmRegs

00000b20      2c (00000b00)     _XintfRegs

00000c00      30 (00000c00)     _CpuTimer0Regs

00000ce0      33 (00000cc0)     _PieCtrlRegs

00000d00      34 (00000d00)     _PieVectTable

00006000     180 (00006000)     _ECanaRegs

00006040     181 (00006040)     _ECanaLAMRegs

00006080     182 (00006080)     _ECanaMOTSRegs

000060c0     183 (000060c0)     _ECanaMOTORegs

00006100     184 (00006100)     _ECanaMboxes

00007010     1c0 (00007000)     _SysCtrlRegs

00007040     1c1 (00007040)     _SpiaRegs
00007050     1c1 (00007040)     _SciaRegs
00007070     1c1 (00007040)     _XIntruptRegs

000070c0     1c3 (000070c0)     _GpioMuxRegs
000070e0     1c3 (000070c0)     _GpioDataRegs

00007100     1c4 (00007100)     _AdcRegs

00007400     1d0 (00007400)     _EvaRegs

00007500     1d4 (00007500)     _EvbRegs

00007750     1dd (00007740)     _ScibRegs

00007800     1e0 (00007800)     _McbspaRegs

003f7ff8    fdff (003f7fc0)     _CsmPwl

003f9000    fe40 (003f9000)     _PieVectTableInit

003f9100    fe44 (003f9100)     _Clock_ss
003f9101    fe44 (003f9100)     _Clock_10ms
003f9102    fe44 (003f9100)     _Timer_10ms
003f9103    fe44 (003f9100)     _KeyReg2
003f9104    fe44 (003f9100)     _Led_Flag
003f9105    fe44 (003f9100)     _LEDReg
003f9106    fe44 (003f9100)     _Flag_TimerStartNStop
003f9107    fe44 (003f9100)     _Flag_TimerNClock
003f9108    fe44 (003f9100)     _Clock_mm
003f9109    fe44 (003f9100)     _Clock_hh
003f910a    fe44 (003f9100)     _KeyReg1
003f910b    fe44 (003f9100)     _LedCount
003f910c    fe44 (003f9100)     _e
003f910d    fe44 (003f9100)     _led_runner
003f910e    fe44 (003f9100)     _i
003f9110    fe44 (003f9100)     _main_counting
003f9112    fe44 (003f9100)     _AD1
003f9114    fe44 (003f9100)     _AD2
003f9116    fe44 (003f9100)     _LEDcode
003f9134    fe44 (003f9100)     _CpuTimer0
003f913c    fe44 (003f9100)     __lock
003f913e    fe44 (003f9100)     __unlock

003f9140    fe45 (003f9140)     ___TI_enable_exit_profile_output
003f9142    fe45 (003f9140)     ___TI_cleanup_ptr
003f9144    fe45 (003f9140)     ___TI_dtors_ptr


GLOBAL SYMBOLS: SORTED ALPHABETICALLY BY Name 

page  address   name                            
----  -------   ----                            
0     003f8002  .text                           
0     003f874e  C$$EXIT                         
0     003f85e9  FS$$MPY                         
0     003f8777  FS$$TOL                         
0     003f8724  L$$DIV                          
0     003f8733  L$$MOD                          
0     003f8842  U$$DIV                          
0     003f8847  U$$MOD                          
0     003f8741  UL$$DIV                         
0     003f8748  UL$$MOD                         
1     003f9112  _AD1                            
1     003f9114  _AD2                            
0     003f8426  _ADCINT_ISR                     
1     00007100  _AdcRegs                        
0     003f8002  _Adc_Init                       
0     003f8016  _Adc_PowerUP                    
0     003f846c  _CAPINT1_ISR                    
0     003f8471  _CAPINT2_ISR                    
0     003f8476  _CAPINT3_ISR                    
0     003f84b2  _CAPINT4_ISR                    
0     003f84b7  _CAPINT5_ISR                    
0     003f84bc  _CAPINT6_ISR                    
0     003f8435  _CMP1INT_ISR                    
0     003f843a  _CMP2INT_ISR                    
0     003f843f  _CMP3INT_ISR                    
0     003f847b  _CMP4INT_ISR                    
0     003f8480  _CMP5INT_ISR                    
0     003f8485  _CMP6INT_ISR                    
1     003f9101  _Clock_10ms                     
1     003f9109  _Clock_hh                       
1     003f9108  _Clock_mm                       
1     003f9100  _Clock_ss                       
0     003f86f3  _ConfigCpuTimer                 
1     003f9134  _CpuTimer0                      
1     00000c00  _CpuTimer0Regs                  
1     003f7ff8  _CsmPwl                         
1     00000ae0  _CsmRegs                        
0     003f83bd  _DATALOG_ISR                    
0     003f8270  _Delay                          
1     00000880  _DevEmuRegs                     
0     003f86a8  _DisableDog                     
0     003f84e9  _ECAN0INTA_ISR                  
0     003f84ee  _ECAN1INTA_ISR                  
1     00006040  _ECanaLAMRegs                   
1     000060c0  _ECanaMOTORegs                  
1     00006080  _ECanaMOTSRegs                  
1     00006100  _ECanaMboxes                    
1     00006000  _ECanaRegs                      
0     003f84f3  _EMPTY_ISR                      
0     003f83c7  _EMUINT_ISR                     
0     003f87bf  _EnableInterrupts               
1     00007400  _EvaRegs                        
1     00007500  _EvbRegs                        
1     003f9107  _Flag_TimerNClock               
1     003f9106  _Flag_TimerStartNStop           
1     00000a80  _FlashRegs                      
1     000070e0  _GpioDataRegs                   
1     000070c0  _GpioMuxRegs                    
0     003f83d1  _ILLEGAL_ISR                    
0     003f83b3  _INT13_ISR                      
0     003f83b8  _INT14_ISR                      
0     003f86de  _InitCpuTimers                  
0     003f86c4  _InitPeripheralClocks           
0     003f87a0  _InitPieCtrl                    
0     003f87ec  _InitPieVectTable               
0     003f86b0  _InitPll                        
0     003f8697  _InitSysCtrl                    
0     003f8178  _KeyFunction1                   
0     003f81d7  _KeyFunction2                   
1     003f910a  _KeyReg1                        
1     003f9103  _KeyReg2                        
0     003f80a2  _Keyscan1                       
0     003f810d  _Keyscan2                       
0     003f869e  _KickDog                        
1     003f9105  _LEDReg                         
1     003f9116  _LEDcode                        
0     003f807c  _LEDdisplay                     
1     003f910b  _LedCount                       
0     003f8237  _LedOut                         
1     003f9104  _Led_Flag                       
0     003f84cb  _MRINTA_ISR                     
0     003f84d0  _MXINTA_ISR                     
1     00007800  _McbspaRegs                     
0     003f83cc  _NMI_ISR                        
0     003f8412  _PDPINTA_ISR                    
0     003f8417  _PDPINTB_ISR                    
0     003f84f8  _PIE_RESERVED                   
1     00000ce0  _PieCtrlRegs                    
1     00000d00  _PieVectTable                   
1     003f9000  _PieVectTableInit               
0     003f83c2  _RTOSINT_ISR                    
0     003f84d5  _SCIRXINTA_ISR                  
0     003f84df  _SCIRXINTB_ISR                  
0     003f84da  _SCITXINTA_ISR                  
0     003f84e4  _SCITXINTB_ISR                  
0     003f84c1  _SPIRXINTA_ISR                  
0     003f84c6  _SPITXINTA_ISR                  
1     00007050  _SciaRegs                       
1     00007750  _ScibRegs                       
1     00007040  _SpiaRegs                       
1     00007010  _SysCtrlRegs                    
0     003f8449  _T1CINT_ISR                     
0     003f8453  _T1OFINT_ISR                    
0     003f8444  _T1PINT_ISR                     
0     003f844e  _T1UFINT_ISR                    
0     003f845d  _T2CINT_ISR                     
0     003f8467  _T2OFINT_ISR                    
0     003f8458  _T2PINT_ISR                     
0     003f8462  _T2UFINT_ISR                    
0     003f848f  _T3CINT_ISR                     
0     003f8499  _T3OFINT_ISR                    
0     003f848a  _T3PINT_ISR                     
0     003f8494  _T3UFINT_ISR                    
0     003f84a3  _T4CINT_ISR                     
0     003f84ad  _T4OFINT_ISR                    
0     003f849e  _T4PINT_ISR                     
0     003f84a8  _T4UFINT_ISR                    
0     003f842b  _TINT0_ISR                      
1     003f9102  _Timer_10ms                     
0     003f8403  _USER10_ISR                     
0     003f8408  _USER11_ISR                     
0     003f840d  _USER12_ISR                     
0     003f83d6  _USER1_ISR                      
0     003f83db  _USER2_ISR                      
0     003f83e0  _USER3_ISR                      
0     003f83e5  _USER4_ISR                      
0     003f83ea  _USER5_ISR                      
0     003f83ef  _USER6_ISR                      
0     003f83f4  _USER7_ISR                      
0     003f83f9  _USER8_ISR                      
0     003f83fe  _USER9_ISR                      
0     003f8430  _WAKEINT_ISR                    
0     003f8067  _Write_LED                      
0     003f841c  _XINT1_ISR                      
0     003f8421  _XINT2_ISR                      
1     00007070  _XIntruptRegs                   
1     00000b20  _XintfRegs                      
1     00000800  __STACK_END                     
abs   00000400  __STACK_SIZE                    
1     003f9142  ___TI_cleanup_ptr               
1     003f9144  ___TI_dtors_ptr                 
1     003f9140  ___TI_enable_exit_profile_output
abs   ffffffff  ___TI_pprof_out_hndl            
abs   ffffffff  ___TI_prof_data_size            
abs   ffffffff  ___TI_prof_data_start           
abs   ffffffff  ___binit__                      
abs   ffffffff  ___c_args__                     
0     003f8859  ___cinit__                      
0     003f8859  ___etext__                      
abs   ffffffff  ___pinit__                      
0     003f8002  ___text__                       
0     003f8829  __args_main                     
1     003f913c  __lock                          
0     003f8855  __nop                           
0     003f8851  __register_lock                 
0     003f884d  __register_unlock               
1     00000400  __stack                         
0     003f8858  __system_post_cinit             
0     003f8856  __system_pre_init               
1     003f913e  __unlock                        
0     003f874e  _abort                          
0     003f8643  _c_int00                        
0     003f87c8  _copy_in                        
0     003f8502  _cpu_timer0_isr                 
1     003f910c  _e                              
0     003f8750  _exit                           
0     003f804f  _gpio_init                      
1     003f910e  _i                              
1     003f910d  _led_runner                     
0     003f827a  _main                           
1     003f9110  _main_counting                  
0     003f880c  _memcpy                         
0     003f84fd  _rsvd_ISR                       
0     003f803d  _spi_intial                     
abs   ffffffff  binit                           
0     003f8859  cinit                           
0     003f8859  etext                           
abs   ffffffff  pinit                           


GLOBAL SYMBOLS: SORTED BY Symbol Address 

page  address   name                            
----  -------   ----                            
0     003f8002  .text                           
0     003f8002  _Adc_Init                       
0     003f8002  ___text__                       
0     003f8016  _Adc_PowerUP                    
0     003f803d  _spi_intial                     
0     003f804f  _gpio_init                      
0     003f8067  _Write_LED                      
0     003f807c  _LEDdisplay                     
0     003f80a2  _Keyscan1                       
0     003f810d  _Keyscan2                       
0     003f8178  _KeyFunction1                   
0     003f81d7  _KeyFunction2                   
0     003f8237  _LedOut                         
0     003f8270  _Delay                          
0     003f827a  _main                           
0     003f83b3  _INT13_ISR                      
0     003f83b8  _INT14_ISR                      
0     003f83bd  _DATALOG_ISR                    
0     003f83c2  _RTOSINT_ISR                    
0     003f83c7  _EMUINT_ISR                     
0     003f83cc  _NMI_ISR                        
0     003f83d1  _ILLEGAL_ISR                    
0     003f83d6  _USER1_ISR                      
0     003f83db  _USER2_ISR                      
0     003f83e0  _USER3_ISR                      
0     003f83e5  _USER4_ISR                      
0     003f83ea  _USER5_ISR                      
0     003f83ef  _USER6_ISR                      
0     003f83f4  _USER7_ISR                      
0     003f83f9  _USER8_ISR                      
0     003f83fe  _USER9_ISR                      
0     003f8403  _USER10_ISR                     
0     003f8408  _USER11_ISR                     
0     003f840d  _USER12_ISR                     
0     003f8412  _PDPINTA_ISR                    
0     003f8417  _PDPINTB_ISR                    
0     003f841c  _XINT1_ISR                      
0     003f8421  _XINT2_ISR                      
0     003f8426  _ADCINT_ISR                     
0     003f842b  _TINT0_ISR                      
0     003f8430  _WAKEINT_ISR                    
0     003f8435  _CMP1INT_ISR                    
0     003f843a  _CMP2INT_ISR                    
0     003f843f  _CMP3INT_ISR                    
0     003f8444  _T1PINT_ISR                     
0     003f8449  _T1CINT_ISR                     
0     003f844e  _T1UFINT_ISR                    
0     003f8453  _T1OFINT_ISR                    
0     003f8458  _T2PINT_ISR                     
0     003f845d  _T2CINT_ISR                     
0     003f8462  _T2UFINT_ISR                    
0     003f8467  _T2OFINT_ISR                    
0     003f846c  _CAPINT1_ISR                    
0     003f8471  _CAPINT2_ISR                    
0     003f8476  _CAPINT3_ISR                    
0     003f847b  _CMP4INT_ISR                    
0     003f8480  _CMP5INT_ISR                    
0     003f8485  _CMP6INT_ISR                    
0     003f848a  _T3PINT_ISR                     
0     003f848f  _T3CINT_ISR                     
0     003f8494  _T3UFINT_ISR                    
0     003f8499  _T3OFINT_ISR                    
0     003f849e  _T4PINT_ISR                     
0     003f84a3  _T4CINT_ISR                     
0     003f84a8  _T4UFINT_ISR                    
0     003f84ad  _T4OFINT_ISR                    
0     003f84b2  _CAPINT4_ISR                    
0     003f84b7  _CAPINT5_ISR                    
0     003f84bc  _CAPINT6_ISR                    
0     003f84c1  _SPIRXINTA_ISR                  
0     003f84c6  _SPITXINTA_ISR                  
0     003f84cb  _MRINTA_ISR                     
0     003f84d0  _MXINTA_ISR                     
0     003f84d5  _SCIRXINTA_ISR                  
0     003f84da  _SCITXINTA_ISR                  
0     003f84df  _SCIRXINTB_ISR                  
0     003f84e4  _SCITXINTB_ISR                  
0     003f84e9  _ECAN0INTA_ISR                  
0     003f84ee  _ECAN1INTA_ISR                  
0     003f84f3  _EMPTY_ISR                      
0     003f84f8  _PIE_RESERVED                   
0     003f84fd  _rsvd_ISR                       
0     003f8502  _cpu_timer0_isr                 
0     003f85e9  FS$$MPY                         
0     003f8643  _c_int00                        
0     003f8697  _InitSysCtrl                    
0     003f869e  _KickDog                        
0     003f86a8  _DisableDog                     
0     003f86b0  _InitPll                        
0     003f86c4  _InitPeripheralClocks           
0     003f86de  _InitCpuTimers                  
0     003f86f3  _ConfigCpuTimer                 
0     003f8724  L$$DIV                          
0     003f8733  L$$MOD                          
0     003f8741  UL$$DIV                         
0     003f8748  UL$$MOD                         
0     003f874e  C$$EXIT                         
0     003f874e  _abort                          
0     003f8750  _exit                           
0     003f8777  FS$$TOL                         
0     003f87a0  _InitPieCtrl                    
0     003f87bf  _EnableInterrupts               
0     003f87c8  _copy_in                        
0     003f87ec  _InitPieVectTable               
0     003f880c  _memcpy                         
0     003f8829  __args_main                     
0     003f8842  U$$DIV                          
0     003f8847  U$$MOD                          
0     003f884d  __register_unlock               
0     003f8851  __register_lock                 
0     003f8855  __nop                           
0     003f8856  __system_pre_init               
0     003f8858  __system_post_cinit             
0     003f8859  ___cinit__                      
0     003f8859  ___etext__                      
0     003f8859  cinit                           
0     003f8859  etext                           
1     00000400  __stack                         
1     00000800  __STACK_END                     
1     00000880  _DevEmuRegs                     
1     00000a80  _FlashRegs                      
1     00000ae0  _CsmRegs                        
1     00000b20  _XintfRegs                      
1     00000c00  _CpuTimer0Regs                  
1     00000ce0  _PieCtrlRegs                    
1     00000d00  _PieVectTable                   
1     00006000  _ECanaRegs                      
1     00006040  _ECanaLAMRegs                   
1     00006080  _ECanaMOTSRegs                  
1     000060c0  _ECanaMOTORegs                  
1     00006100  _ECanaMboxes                    
1     00007010  _SysCtrlRegs                    
1     00007040  _SpiaRegs                       
1     00007050  _SciaRegs                       
1     00007070  _XIntruptRegs                   
1     000070c0  _GpioMuxRegs                    
1     000070e0  _GpioDataRegs                   
1     00007100  _AdcRegs                        
1     00007400  _EvaRegs                        
1     00007500  _EvbRegs                        
1     00007750  _ScibRegs                       
1     00007800  _McbspaRegs                     
1     003f7ff8  _CsmPwl                         
1     003f9000  _PieVectTableInit               
1     003f9100  _Clock_ss                       
1     003f9101  _Clock_10ms                     
1     003f9102  _Timer_10ms                     
1     003f9103  _KeyReg2                        
1     003f9104  _Led_Flag                       
1     003f9105  _LEDReg                         
1     003f9106  _Flag_TimerStartNStop           
1     003f9107  _Flag_TimerNClock               
1     003f9108  _Clock_mm                       
1     003f9109  _Clock_hh                       
1     003f910a  _KeyReg1                        
1     003f910b  _LedCount                       
1     003f910c  _e                              
1     003f910d  _led_runner                     
1     003f910e  _i                              
1     003f9110  _main_counting                  
1     003f9112  _AD1                            
1     003f9114  _AD2                            
1     003f9116  _LEDcode                        
1     003f9134  _CpuTimer0                      
1     003f913c  __lock                          
1     003f913e  __unlock                        
1     003f9140  ___TI_enable_exit_profile_output
1     003f9142  ___TI_cleanup_ptr               
1     003f9144  ___TI_dtors_ptr                 
abs   00000400  __STACK_SIZE                    
abs   ffffffff  ___TI_pprof_out_hndl            
abs   ffffffff  ___TI_prof_data_size            
abs   ffffffff  ___TI_prof_data_start           
abs   ffffffff  ___binit__                      
abs   ffffffff  ___c_args__                     
abs   ffffffff  ___pinit__                      
abs   ffffffff  binit                           
abs   ffffffff  pinit                           

[178 symbols]
